ingress_nginx_install: "yes"
[2026-07-16 22:16:54] [INFO] [service.cluster.downloader] [DOWNLOAD] Component ingress-nginx: uploading 2 image(s) to local registry.
[2026-07-16 22:16:54] [WARNING] [service.cluster.registry] [REGISTRY] Local registry already running; skipping.
[2026-07-16 22:16:54] [INFO] [service.cluster.registry] [REGISTRY] Uploading 2 image(s) to local registry.
[2026-07-16 22:16:54] [INFO] [service.cluster.registry] [REGISTRY] [1/2] Image: brinnatt/ingress-nginx-controller:v1.13.0
[2026-07-16 22:16:54] [INFO] [service.cluster.registry] [REGISTRY]   -> Image exists locally; skipping pull.
[2026-07-16 22:16:54] [INFO] [service.cluster.registry] [REGISTRY]   -> Tagging and pushing to local registry.
[2026-07-16 22:16:54] [INFO] [service.cluster.docker] [UPLOAD] Pushing image: registry.talkschool.cn:5000/brinnatt/ingress-nginx-controller:v1.13.0
The push refers to repository [registry.talkschool.cn:5000/brinnatt/ingress-nginx-controller]
a49e44849945: Layer already exists
1bc4a1a64c13: Layer already exists
fe07684b16b8: Layer already exists
40a4d6e5f956: Layer already exists
89219ac6a07a: Layer already exists
38225cdca9ae: Layer already exists
eb0bce10586c: Layer already exists
d545398b05ca: Layer already exists
69ab8b455ef3: Layer already exists
5fff234cea05: Layer already exists
343e8ebaacc6: Layer already exists
4f4fb700ef54: Layer already exists
d0bf9173b39f: Layer already exists
aaae1dcb40f7: Layer already exists
e2bae788857d: Layer already exists
v1.13.0: digest: sha256:847e9d07496a0585933c40afdfe3a6125766f8f2479ca5156de8ba18c72ce05a size: 3154
[2026-07-16 22:16:54] [INFO] [service.cluster.docker] [UPLOAD] Pushed successfully: registry.talkschool.cn:5000/brinnatt/ingress-nginx-controller:v1.13.0
[2026-07-16 22:16:54] [INFO] [service.cluster.registry] [REGISTRY]   -> Done: brinnatt/ingress-nginx-controller:v1.13.0.
[2026-07-16 22:16:54] [INFO] [service.cluster.registry] [REGISTRY] [2/2] Image: brinnatt/kube-webhook-certgen:v1.6.0
[2026-07-16 22:16:54] [INFO] [service.cluster.registry] [REGISTRY]   -> Image exists locally; skipping pull.
[2026-07-16 22:16:54] [INFO] [service.cluster.registry] [REGISTRY]   -> Tagging and pushing to local registry.
[2026-07-16 22:16:54] [INFO] [service.cluster.docker] [UPLOAD] Pushing image: registry.talkschool.cn:5000/brinnatt/kube-webhook-certgen:v1.6.0
The push refers to repository [registry.talkschool.cn:5000/brinnatt/kube-webhook-certgen]
26abf4975087: Layer already exists
bfb59b82a9b6: Layer already exists
35d697fe2738: Layer already exists
3214acf345c0: Layer already exists
da7816fa955e: Layer already exists
a62778643d56: Layer already exists
ddf74a63f7d8: Layer already exists
4eff9a62d888: Layer already exists
7c12895b777b: Layer already exists
5664b15f108b: Layer already exists
0bab15eea81d: Layer already exists
4aa0ea1413d3: Layer already exists
v1.6.0: digest: sha256:34a1f73cb6b774bf88665f6b9f6ab5da58d989a4a6f92e890c82e0fb97183306 size: 2559
[2026-07-16 22:16:55] [INFO] [service.cluster.docker] [UPLOAD] Pushed successfully: registry.talkschool.cn:5000/brinnatt/kube-webhook-certgen:v1.6.0
[2026-07-16 22:16:55] [INFO] [service.cluster.registry] [REGISTRY]   -> Done: brinnatt/kube-webhook-certgen:v1.6.0.
[2026-07-16 22:16:55] [INFO] [service.cluster.registry] [REGISTRY] All 2 image(s) uploaded to local registry.
[2026-07-16 22:16:55] [INFO] [service.cluster.downloader] [DOWNLOAD] Component ingress-nginx: 2 image(s) uploaded.
no_ingress_yet
[2026-07-16 22:16:56] [INFO] [service.cluster.manager] Ansible Python policy (ansible-core 2.17): control node Python >=3.10, target module runtime Python >=3.9
[2026-07-16 22:16:56] [INFO] [service.cluster.manager] Setting up cluster with playbook 07.cluster-addon.yml.
[2026-07-16 22:16:56] [INFO] [service.cluster.manager] Component versions (kubernetes / etcd / network):
[2026-07-16 22:16:56] [INFO] [service.cluster.manager]   kubernetes: v1.33.6, etcd: v3.6.4, calico: v3.28.4

PLAY [localhost] ***************************************************************

TASK [Gathering Facts] *********************************************************
ok: [localhost]

TASK [cluster-addon : 获取所有已经创建的POD信息] *******************************
changed: [localhost]

TASK [cluster-addon : 准备 DNS的部署文件] **************************************
skipping: [localhost]

TASK [cluster-addon : 删除coredns部署] *****************************************
skipping: [localhost]

TASK [cluster-addon : 创建coredns部署] *****************************************
skipping: [localhost]

TASK [cluster-addon : 准备dnscache的部署文件] **********************************
skipping: [localhost]

TASK [cluster-addon : 准备dnscache的部署文件] **********************************
skipping: [localhost]

TASK [cluster-addon : 删除dnscache部署] ****************************************
skipping: [localhost]

TASK [cluster-addon : 创建dnscache部署] ****************************************
skipping: [localhost]

TASK [cluster-addon : 准备 metrics-server的部署文件] ***************************
skipping: [localhost]

TASK [cluster-addon : 删除 metrics-server部署] *********************************
skipping: [localhost]

TASK [cluster-addon : 创建 metrics-server部署] *********************************
skipping: [localhost]

TASK [cluster-addon : prepare some dirs] ***************************************
skipping: [localhost]

TASK [cluster-addon : 准备 dashboard的部署文件] ********************************
skipping: [localhost] => (item=dashboard-values.yaml) 
skipping: [localhost] => (item=admin-user-sa-rbac.yaml) 
skipping: [localhost] => (item=read-user-sa-rbac.yaml) 
skipping: [localhost]

TASK [cluster-addon : 创建 dashboard部署] **************************************
skipping: [localhost]

TASK [cluster-addon : 创建用户admin,read] **************************************
skipping: [localhost]

TASK [cluster-addon : 准备 local-storage 配置目录] *****************************
skipping: [localhost]

TASK [cluster-addon : 准备 local-storage部署文件] ******************************
skipping: [localhost] => (item=local-path-storage.yaml) 
skipping: [localhost] => (item=test-pod.yaml) 
skipping: [localhost]

TASK [cluster-addon : 创建 local-storage部署] **********************************
skipping: [localhost]

TASK [cluster-addon : 准备 nfs-provisioner 配置目录] ***************************
skipping: [localhost]

TASK [cluster-addon : 准备 nfs-provisioner部署文件] ****************************
skipping: [localhost] => (item=nfs-provisioner.yaml) 
skipping: [localhost] => (item=test-pod.yaml) 
skipping: [localhost]

TASK [cluster-addon : 创建 nfs-provisioner部署] ********************************
skipping: [localhost]

TASK [cluster-addon : 清理 snapshot-controller crd] ****************************
skipping: [localhost]

TASK [cluster-addon : prepare some dirs] ***************************************
skipping: [localhost]

TASK [cluster-addon : 创建命名空间openebs] *************************************
skipping: [localhost]

TASK [cluster-addon : 创建chart 个性化设置] ************************************
skipping: [localhost] => (item=values.yaml) 
skipping: [localhost] => (item=sc.yaml) 
skipping: [localhost]

TASK [cluster-addon : helm 部署 openebs operator] ******************************
skipping: [localhost]

TASK [cluster-addon : 轮询等待部署 openebs] ************************************
skipping: [localhost]

TASK [cluster-addon : 轮询等待lvm-localpv-controller 运行] *********************
skipping: [localhost]

TASK [cluster-addon : 创建lvm storageclass] ************************************
skipping: [localhost]

TASK [cluster-addon : 获取是否已创建命名空间monitor] ***************************
skipping: [localhost]

TASK [cluster-addon : 创建命名空间monitor] *************************************
skipping: [localhost]

TASK [cluster-addon : get etcd-client-cert info] *******************************
skipping: [localhost]

TASK [cluster-addon : 创建etcd-client 证书请求] ********************************
skipping: [localhost]

TASK [cluster-addon : 创建 etcd-client证书和私钥] ******************************
skipping: [localhost]

TASK [cluster-addon : 删除 etcd-client-cert] ***********************************
skipping: [localhost]

TASK [cluster-addon : 创建 etcd-client-cert] ***********************************
skipping: [localhost]

TASK [cluster-addon : debug] ***************************************************
skipping: [localhost]

TASK [cluster-addon : 创建 prom chart 个性化设置] ******************************
skipping: [localhost]

TASK [cluster-addon : helm 删除 kube-prometheus-stack 75.7.0] ******************
skipping: [localhost]

TASK [cluster-addon : helm 创建 kube-prometheus-stack 75.7.0] ******************
skipping: [localhost]

TASK [cluster-addon : prepare some dirs] ***************************************
skipping: [localhost]

TASK [cluster-addon : 创建命名空间minio] ***************************************
skipping: [localhost]

TASK [cluster-addon : get minio-global-cert info] ******************************
skipping: [localhost]

TASK [cluster-addon : 创建 minio-global-cert] **********************************
skipping: [localhost]

TASK [cluster-addon : 创建chart 个性化设置] ************************************
skipping: [localhost] => (item=operator-values.yaml) 
skipping: [localhost] => (item=tenant-values.yaml) 
skipping: [localhost]

TASK [cluster-addon : helm 部署 minio operator] ********************************
skipping: [localhost]

TASK [cluster-addon : 轮询等待部署 minio operator] *****************************
skipping: [localhost]

TASK [cluster-addon : helm 部署 minio tenant] **********************************
skipping: [localhost]

TASK [cluster-addon : 准备 nacos的部署文件] ************************************
skipping: [localhost]

TASK [cluster-addon : 创建命名空间nacos] ***************************************
skipping: [localhost]

TASK [cluster-addon : 创建 nacos部署] ******************************************
skipping: [localhost]

TASK [cluster-addon : 创建命名空间rocketmq] ************************************
skipping: [localhost]

TASK [cluster-addon : helm 部署 rocketmq operator] *****************************
skipping: [localhost]

TASK [cluster-addon : 轮询等待 rocketmq operator 运行] *************************
skipping: [localhost]

TASK [cluster-addon : 准备 rocketmq 部署文件] **********************************
skipping: [localhost]

TASK [cluster-addon : 部署 rocketmq cluster] ***********************************
skipping: [localhost]

TASK [cluster-addon : 准备 cilium-check 配置目录] ******************************
skipping: [localhost]

TASK [cluster-addon : 准备部署文件] ********************************************
skipping: [localhost] => (item=connectivity-check.yaml) 
skipping: [localhost] => (item=check-part1.yaml) 
skipping: [localhost] => (item=namespace.yaml) 
skipping: [localhost]

TASK [cluster-addon : 创建测试namespace] ***************************************
skipping: [localhost]

TASK [cluster-addon : 创建测试part1] *******************************************
skipping: [localhost]

TASK [cluster-addon : 轮询等待echo pod运行，视下载镜像速度而定] ****************
skipping: [localhost]

TASK [cluster-addon : 创建完整测试connectivity-check] **************************
skipping: [localhost]

TASK [cluster-addon : debug] ***************************************************
skipping: [localhost]

TASK [cluster-addon : 准备 network-check 配置目录] *****************************
skipping: [localhost]

TASK [cluster-addon : 准备部署文件] ********************************************
skipping: [localhost] => (item=network-check.yaml) 
skipping: [localhost] => (item=namespace.yaml) 
skipping: [localhost]

TASK [cluster-addon : 创建测试namespace] ***************************************
skipping: [localhost]

TASK [cluster-addon : 创建完整测试network-check] *******************************
skipping: [localhost]

TASK [cluster-addon : debug] ***************************************************
skipping: [localhost]

TASK [cluster-addon : prepare some dirs] ***************************************
changed: [localhost]

TASK [cluster-addon : 创建命名空间ingress-nginx] *******************************
changed: [localhost]

TASK [cluster-addon : label nodes for ingress-nginx controller] ****************
changed: [localhost]

TASK [cluster-addon : 创建chart 个性化设置] ************************************
changed: [localhost] => (item=values.yaml)

TASK [cluster-addon : helm 部署 ingress-nginx] *********************************
changed: [localhost]

TASK [cluster-addon : 轮询等待部署 ingress-nginx] ******************************
changed: [localhost]

TASK [cluster-addon : 提示 WARNNING] *******************************************
ok: [localhost] => {
    "msg": "ingress-nginx 只会部署到有如下标签的节点：ingress-controller/provider=ingress-nginx"
}

PLAY RECAP *********************************************************************
localhost                  : ok=9    changed=7    unreachable=0    failed=0    skipped=67   rescued=0    ignored=0   
[2026-07-16 22:17:09] [INFO] [service.cluster.manager] Cluster setup completed (playbook 07.cluster-addon.yml).
ingress-nginx    ingress-nginx-controller-869b96486c-975bn                1/1     Running   0          19s
ingress_img=ingress-nginx-controller registry.talkschool.cn:5000/brinnatt/ingress-nginx-controller:v1.13.0
PASS_INGRESS
NO_IMAGEPULL
