[2026-07-16 22:09:18] [INFO] [service.cluster.manager] Current kubeconfig set to cluster aio.
[2026-07-16 22:09:19] [INFO] [service.cluster.manager] Ansible Python policy (ansible-core 2.17): control node Python >=3.10, target module runtime Python >=3.9
[2026-07-16 22:09:19] [INFO] [service.cluster.manager] Setting up cluster with playbook 07.cluster-addon.yml.
[2026-07-16 22:09:19] [INFO] [service.cluster.manager] Component versions (kubernetes / etcd / network):
[2026-07-16 22:09:19] [INFO] [service.cluster.manager]   kubernetes: v1.33.6, etcd: v3.6.4, calico: v3.28.4

PLAY [localhost] ***************************************************************

TASK [Gathering Facts] *********************************************************
ok: [localhost]

TASK [cluster-addon : 获取所有已经创建的POD信息] *******************************
changed: [localhost]

TASK [cluster-addon : 准备 DNS的部署文件] **************************************
skipping: [localhost]

TASK [cluster-addon : 删除coredns部署] *****************************************
skipping: [localhost]

TASK [cluster-addon : 创建coredns部署] *****************************************
skipping: [localhost]

TASK [cluster-addon : 准备dnscache的部署文件] **********************************
skipping: [localhost]

TASK [cluster-addon : 准备dnscache的部署文件] **********************************
skipping: [localhost]

TASK [cluster-addon : 删除dnscache部署] ****************************************
skipping: [localhost]

TASK [cluster-addon : 创建dnscache部署] ****************************************
skipping: [localhost]

TASK [cluster-addon : 准备 metrics-server的部署文件] ***************************
skipping: [localhost]

TASK [cluster-addon : 删除 metrics-server部署] *********************************
skipping: [localhost]

TASK [cluster-addon : 创建 metrics-server部署] *********************************
skipping: [localhost]

TASK [cluster-addon : prepare some dirs] ***************************************
changed: [localhost]

TASK [cluster-addon : 准备 dashboard的部署文件] ********************************
changed: [localhost] => (item=dashboard-values.yaml)
changed: [localhost] => (item=admin-user-sa-rbac.yaml)
changed: [localhost] => (item=read-user-sa-rbac.yaml)

TASK [cluster-addon : 创建 dashboard部署] **************************************
changed: [localhost]

TASK [cluster-addon : 创建用户admin,read] **************************************
changed: [localhost]

TASK [cluster-addon : 准备 local-storage 配置目录] *****************************
changed: [localhost]

TASK [cluster-addon : 准备 local-storage部署文件] ******************************
changed: [localhost] => (item=local-path-storage.yaml)
changed: [localhost] => (item=test-pod.yaml)

TASK [cluster-addon : 创建 local-storage部署] **********************************
changed: [localhost]

TASK [cluster-addon : 准备 nfs-provisioner 配置目录] ***************************
skipping: [localhost]

TASK [cluster-addon : 准备 nfs-provisioner部署文件] ****************************
skipping: [localhost] => (item=nfs-provisioner.yaml) 
skipping: [localhost] => (item=test-pod.yaml) 
skipping: [localhost]

TASK [cluster-addon : 创建 nfs-provisioner部署] ********************************
skipping: [localhost]

TASK [cluster-addon : 清理 snapshot-controller crd] ****************************
changed: [localhost]

TASK [cluster-addon : prepare some dirs] ***************************************
changed: [localhost]

TASK [cluster-addon : 创建命名空间openebs] *************************************
changed: [localhost]

TASK [cluster-addon : 创建chart 个性化设置] ************************************
changed: [localhost] => (item=values.yaml)
changed: [localhost] => (item=sc.yaml)

TASK [cluster-addon : helm 部署 openebs operator] ******************************
changed: [localhost]

TASK [cluster-addon : 轮询等待部署 openebs] ************************************
changed: [localhost]

TASK [cluster-addon : 轮询等待lvm-localpv-controller 运行] *********************
skipping: [localhost]

TASK [cluster-addon : 创建lvm storageclass] ************************************
skipping: [localhost]

TASK [cluster-addon : 获取是否已创建命名空间monitor] ***************************
changed: [localhost]

TASK [cluster-addon : 创建命名空间monitor] *************************************
changed: [localhost]

TASK [cluster-addon : get etcd-client-cert info] *******************************
changed: [localhost]

TASK [cluster-addon : 创建etcd-client 证书请求] ********************************
changed: [localhost]

TASK [cluster-addon : 创建 etcd-client证书和私钥] ******************************
changed: [localhost]

TASK [cluster-addon : 删除 etcd-client-cert] ***********************************
skipping: [localhost]

TASK [cluster-addon : 创建 etcd-client-cert] ***********************************
changed: [localhost]

TASK [cluster-addon : debug] ***************************************************
ok: [localhost] => {
    "K8S_VER": "1.33.6"
}

TASK [cluster-addon : 创建 prom chart 个性化设置] ******************************
changed: [localhost]

TASK [cluster-addon : helm 删除 kube-prometheus-stack 75.7.0] ******************
skipping: [localhost]

TASK [cluster-addon : helm 创建 kube-prometheus-stack 75.7.0] ******************
changed: [localhost]

TASK [cluster-addon : prepare some dirs] ***************************************
changed: [localhost]

TASK [cluster-addon : 创建命名空间minio] ***************************************
changed: [localhost]

TASK [cluster-addon : get minio-global-cert info] ******************************
skipping: [localhost]

TASK [cluster-addon : 创建 minio-global-cert] **********************************
skipping: [localhost]

TASK [cluster-addon : 创建chart 个性化设置] ************************************
changed: [localhost] => (item=operator-values.yaml)
changed: [localhost] => (item=tenant-values.yaml)

TASK [cluster-addon : helm 部署 minio operator] ********************************
changed: [localhost]

TASK [cluster-addon : 轮询等待部署 minio operator] *****************************
changed: [localhost]

TASK [cluster-addon : helm 部署 minio tenant] **********************************
changed: [localhost]

TASK [cluster-addon : 准备 nacos的部署文件] ************************************
skipping: [localhost]

TASK [cluster-addon : 创建命名空间nacos] ***************************************
skipping: [localhost]

TASK [cluster-addon : 创建 nacos部署] ******************************************
skipping: [localhost]

TASK [cluster-addon : 创建命名空间rocketmq] ************************************
skipping: [localhost]

TASK [cluster-addon : helm 部署 rocketmq operator] *****************************
skipping: [localhost]

TASK [cluster-addon : 轮询等待 rocketmq operator 运行] *************************
skipping: [localhost]

TASK [cluster-addon : 准备 rocketmq 部署文件] **********************************
skipping: [localhost]

TASK [cluster-addon : 部署 rocketmq cluster] ***********************************
skipping: [localhost]

TASK [cluster-addon : 准备 cilium-check 配置目录] ******************************
skipping: [localhost]

TASK [cluster-addon : 准备部署文件] ********************************************
skipping: [localhost] => (item=connectivity-check.yaml) 
skipping: [localhost] => (item=check-part1.yaml) 
skipping: [localhost] => (item=namespace.yaml) 
skipping: [localhost]

TASK [cluster-addon : 创建测试namespace] ***************************************
skipping: [localhost]

TASK [cluster-addon : 创建测试part1] *******************************************
skipping: [localhost]

TASK [cluster-addon : 轮询等待echo pod运行，视下载镜像速度而定] ****************
skipping: [localhost]

TASK [cluster-addon : 创建完整测试connectivity-check] **************************
skipping: [localhost]

TASK [cluster-addon : debug] ***************************************************
skipping: [localhost]

TASK [cluster-addon : 准备 network-check 配置目录] *****************************
skipping: [localhost]

TASK [cluster-addon : 准备部署文件] ********************************************
skipping: [localhost] => (item=network-check.yaml) 
skipping: [localhost] => (item=namespace.yaml) 
skipping: [localhost]

TASK [cluster-addon : 创建测试namespace] ***************************************
skipping: [localhost]

TASK [cluster-addon : 创建完整测试network-check] *******************************
skipping: [localhost]

TASK [cluster-addon : debug] ***************************************************
skipping: [localhost]

TASK [cluster-addon : prepare some dirs] ***************************************
skipping: [localhost]

TASK [cluster-addon : 创建命名空间ingress-nginx] *******************************
skipping: [localhost]

TASK [cluster-addon : label nodes for ingress-nginx controller] ****************
skipping: [localhost]

TASK [cluster-addon : 创建chart 个性化设置] ************************************
skipping: [localhost] => (item=values.yaml) 
skipping: [localhost]

TASK [cluster-addon : helm 部署 ingress-nginx] *********************************
skipping: [localhost]

TASK [cluster-addon : 轮询等待部署 ingress-nginx] ******************************
skipping: [localhost]

TASK [cluster-addon : 提示 WARNNING] *******************************************
skipping: [localhost]

PLAY RECAP *********************************************************************
localhost                  : ok=30   changed=28   unreachable=0    failed=0    skipped=46   rescued=0    ignored=0   
[2026-07-16 22:09:52] [INFO] [service.cluster.manager] Cluster setup completed (playbook 07.cluster-addon.yml).
AIO_SETUP07_RC=0
NAMESPACE        NAME                                                     READY   STATUS    RESTARTS   AGE
kube-system      kubernetes-dashboard-api-67944474dd-9njb5                1/1     Running   0          46s
kube-system      kubernetes-dashboard-auth-5456d9c56b-gbw9f               1/1     Running   0          46s
kube-system      kubernetes-dashboard-kong-c5bfd86dd-h4r2b                1/1     Running   0          46s
kube-system      kubernetes-dashboard-metrics-scraper-6c7c5f94ff-4n7tx    1/1     Running   0          46s
kube-system      kubernetes-dashboard-web-57c95fb6d-gbgcw                 1/1     Running   0          46s
kube-system      local-path-provisioner-7fbdcdb5cb-cxpct                  1/1     Running   0          43s
minio-operator   minio-operator-77fc5786c4-dvgpq                          1/1     Running   0          23s
minio            myminio-pool-0-0                                         1/2     Running   0          15s
monitor          alertmanager-prometheus-kube-prometheus-alertmanager-0   2/2     Running   0          28s
monitor          prometheus-grafana-6f5c65786b-hd5p9                      3/3     Running   0          30s
monitor          prometheus-kube-prometheus-operator-6c8f848787-q56nh     1/1     Running   0          30s
monitor          prometheus-kube-state-metrics-5587498659-pbjn6           1/1     Running   0          30s
monitor          prometheus-prometheus-kube-prometheus-prometheus-0       2/2     Running   0          28s
monitor          prometheus-prometheus-node-exporter-szhmm                1/1     Running   0          30s
openebs          openebs-localpv-provisioner-68ccf69dc9-bbr67             1/1     Running   0          40s
---
prom_line=
openebs_line=
dashboard_line=
NO_IMAGEPULL
AIO_SMOKE_DONE
