=== deep 192.168.47.130 ===
## /proc/partitions
major minor  #blocks  name

 259        0   62914560 nvme0n1
 259        1    1048576 nvme0n1p1
 259        2    1048576 nvme0n1p2
 259        3   60816384 nvme0n1p3
  11        0    1048575 sr0
## lsscsi
[1:0:0:0]    cd/dvd  NECVMWar VMware IDE CDR10 1.00  /dev/sr0 
[N:0:0:1]    disk    VMware Virtual NVMe Disk__1                /dev/nvme0n1
## fdisk -l
Disk /dev/nvme0n1: 60 GiB, 64424509440 bytes, 125829120 sectors
Units: sectors of 1 * 512 = 512 bytes
Sector size (logical/physical): 512 bytes / 512 bytes
I/O size (minimum/optimal): 512 bytes / 512 bytes
Disklabel type: dos
Disk identifier: 0xbf94b464

Device         Boot   Start       End   Sectors Size Id Type
/dev/nvme0n1p1 *       2048   2099199   2097152   1G 83 Linux
/dev/nvme0n1p2      2099200   4196351   2097152   1G 82 Linux swap / Solaris
/dev/nvme0n1p3      4196352 125829119 121632768  58G 83 Linux


## nvme list
Node                  SN                   Model                                    Namespace Usage                      Format           FW Rev  
--------------------- -------------------- ---------------------------------------- --------- -------------------------- ---------------- --------
/dev/nvme0n1          VMware NVME_0000     VMware Virtual NVMe Disk                 1          64.42  GB /  64.42  GB    512   B +  0 B   1.3
## lsblk -e7
NAME         SIZE TYPE TRAN   RM ROTA MODEL
sr0         1024M rom  ata     1    1 VMware IDE CDR10
nvme0n1       60G disk nvme    0    0 VMware Virtual NVMe Disk
├─nvme0n1p1    1G part nvme    0    0 
├─nvme0n1p2    1G part nvme    0    0 
└─nvme0n1p3   58G part nvme    0    0 
=== deep 192.168.47.141 ===
## /proc/partitions
major minor  #blocks  name

 259        0   62914560 nvme0n1
 259        1    1048576 nvme0n1p1
 259        2    1048576 nvme0n1p2
 259        3   60816384 nvme0n1p3
  11        0    1048575 sr0
   7        0   15728640 loop0
## lsscsi
[1:0:0:0]    cd/dvd  NECVMWar VMware IDE CDR10 1.00  /dev/sr0 
[N:0:0:1]    disk    VMware Virtual NVMe Disk__1                /dev/nvme0n1
## fdisk -l
Disk /dev/nvme0n1: 60 GiB, 64424509440 bytes, 125829120 sectors
Units: sectors of 1 * 512 = 512 bytes
Sector size (logical/physical): 512 bytes / 512 bytes
I/O size (minimum/optimal): 512 bytes / 512 bytes
Disklabel type: dos
Disk identifier: 0xfd9009a0

Device         Boot   Start       End   Sectors Size Id Type
/dev/nvme0n1p1 *       2048   2099199   2097152   1G 83 Linux
/dev/nvme0n1p2      2099200   4196351   2097152   1G 82 Linux swap / Solaris
/dev/nvme0n1p3      4196352 125829119 121632768  58G 83 Linux




Disk /dev/loop0: 15 GiB, 16106127360 bytes, 31457280 sectors
Units: sectors of 1 * 512 = 512 bytes
Sector size (logical/physical): 512 bytes / 512 bytes
I/O size (minimum/optimal): 512 bytes / 512 bytes
## nvme list
Node                  SN                   Model                                    Namespace Usage                      Format           FW Rev  
--------------------- -------------------- ---------------------------------------- --------- -------------------------- ---------------- --------
/dev/nvme0n1          VMware NVME_0000     VMware Virtual NVMe Disk                 1          64.42  GB /  64.42  GB    512   B +  0 B   1.3
## lsblk -e7
NAME         SIZE TYPE TRAN   RM ROTA MODEL
sr0         1024M rom  ata     1    1 VMware IDE CDR10
nvme0n1       60G disk nvme    0    0 VMware Virtual NVMe Disk
├─nvme0n1p1    1G part nvme    0    0 
├─nvme0n1p2    1G part nvme    0    0 
└─nvme0n1p3   58G part nvme    0    0 
=== deep 192.168.47.142 ===
## /proc/partitions
major minor  #blocks  name

 259        0   62914560 nvme0n1
 259        1    1048576 nvme0n1p1
 259        2    1048576 nvme0n1p2
 259        3   60816384 nvme0n1p3
  11        0    1048575 sr0
## lsscsi
[1:0:0:0]    cd/dvd  NECVMWar VMware IDE CDR10 1.00  /dev/sr0 
[N:0:0:1]    disk    VMware Virtual NVMe Disk__1                /dev/nvme0n1
## fdisk -l
Disk /dev/nvme0n1: 60 GiB, 64424509440 bytes, 125829120 sectors
Units: sectors of 1 * 512 = 512 bytes
Sector size (logical/physical): 512 bytes / 512 bytes
I/O size (minimum/optimal): 512 bytes / 512 bytes
Disklabel type: dos
Disk identifier: 0xf91f5c10

Device         Boot   Start       End   Sectors Size Id Type
/dev/nvme0n1p1 *       2048   2099199   2097152   1G 83 Linux
/dev/nvme0n1p2      2099200   4196351   2097152   1G 82 Linux swap / Solaris
/dev/nvme0n1p3      4196352 125829119 121632768  58G 83 Linux


## nvme list
Node                  SN                   Model                                    Namespace Usage                      Format           FW Rev  
--------------------- -------------------- ---------------------------------------- --------- -------------------------- ---------------- --------
/dev/nvme0n1          VMware NVME_0000     VMware Virtual NVMe Disk                 1          64.42  GB /  64.42  GB    512   B +  0 B   1.3
## lsblk -e7
NAME         SIZE TYPE TRAN   RM ROTA MODEL
sr0         1024M rom  ata     1    1 VMware IDE CDR10
nvme0n1       60G disk nvme    0    0 VMware Virtual NVMe Disk
├─nvme0n1p1    1G part nvme    0    0 
├─nvme0n1p2    1G part nvme    0    0 
└─nvme0n1p3   58G part nvme    0    0 
=== deep 192.168.47.147 ===
## /proc/partitions
major minor  #blocks  name

   7        0          4 loop0
   7        1      65480 loop1
   7        2      65312 loop2
   7        3      75756 loop3
   7        4      68408 loop4
   7        5     151772 loop5
   7        6     258804 loop6
   7        7     258900 loop7
  11        0    1048575 sr0
   8        0  209715200 sda
   8        1       1024 sda1
   8        2    1048576 sda2
   8        3  208664576 sda3
   7        8     629280 loop8
   7        9      93888 loop9
   7       10      93876 loop10
   7       11     117888 loop11
   7       12     404460 loop12
   7       13      51300 loop13
   7       14     411628 loop14
   7       15      39760 loop15
## lsscsi
## fdisk -l
Disk /dev/loop0: 4 KiB, 4096 bytes, 8 sectors
Units: sectors of 1 * 512 = 512 bytes
Sector size (logical/physical): 512 bytes / 512 bytes
I/O size (minimum/optimal): 512 bytes / 512 bytes


Disk /dev/loop1: 63.95 MiB, 67051520 bytes, 130960 sectors
Units: sectors of 1 * 512 = 512 bytes
Sector size (logical/physical): 512 bytes / 512 bytes
I/O size (minimum/optimal): 512 bytes / 512 bytes


Disk /dev/loop2: 63.78 MiB, 66879488 bytes, 130624 sectors
Units: sectors of 1 * 512 = 512 bytes
Sector size (logical/physical): 512 bytes / 512 bytes
I/O size (minimum/optimal): 512 bytes / 512 bytes


Disk /dev/loop3: 73.98 MiB, 77574144 bytes, 151512 sectors
Units: sectors of 1 * 512 = 512 bytes
Sector size (logical/physical): 512 bytes / 512 bytes
I/O size (minimum/optimal): 512 bytes / 512 bytes


Disk /dev/loop4: 66.8 MiB, 70049792 bytes, 136816 sectors
Units: sectors of 1 * 512 = 512 bytes
Sector size (logical/physical): 512 bytes / 512 bytes
I/O size (minimum/optimal): 512 bytes / 512 bytes


Disk /dev/loop5: 148.21 MiB, 155414528 bytes, 303544 sectors
Units: sectors of 1 * 512 = 512 bytes
Sector size (logical/physical): 512 bytes / 512 bytes
I/O size (minimum/optimal): 512 bytes / 512 bytes


Disk /dev/loop6: 252.74 MiB, 265015296 bytes, 517608 sectors
Units: sectors of 1 * 512 = 512 bytes
Sector size (logical/physical): 512 bytes / 512 bytes
I/O size (minimum/optimal): 512 bytes / 512 bytes


Disk /dev/loop7: 252.83 MiB, 265113600 bytes, 517800 sectors
Units: sectors of 1 * 512 = 512 bytes
Sector size (logical/physical): 512 bytes / 512 bytes
I/O size (minimum/optimal): 512 bytes / 512 bytes


Disk /dev/sda: 200 GiB, 214748364800 bytes, 419430400 sectors
Disk model: VMware Virtual S
Units: sectors of 1 * 512 = 512 bytes
Sector size (logical/physical): 512 bytes / 512 bytes
I/O size (minimum/optimal): 512 bytes / 512 bytes
Disklabel type: dos
Disk identifier: 0xbe2d4740

Device     Boot   Start       End   Sectors  Size Id Type
/dev/sda1          2048      4095      2048    1M 83 Linux
/dev/sda2          4096   2101247   2097152    1G 83 Linux
/dev/sda3       2101248 419430399 417329152  199G 83 Linux


Disk /dev/loop8: 614.53 MiB, 644382720 bytes, 1258560 sectors
Units: sectors of 1 * 512 = 512 bytes
Sector size (logical/physical): 512 bytes / 512 bytes
I/O size (minimum/optimal): 512 bytes / 512 bytes


Disk /dev/loop9: 91.69 MiB, 96141312 bytes, 187776 sectors
Units: sectors of 1 * 512 = 512 bytes
Sector size (logical/physical): 512 bytes / 512 bytes
I/O size (minimum/optimal): 512 bytes / 512 bytes


Disk /dev/loop10: 91.68 MiB, 96129024 bytes, 187752 sectors
Units: sectors of 1 * 512 = 512 bytes
Sector size (logical/physical): 512 bytes / 512 bytes
I/O size (minimum/optimal): 512 bytes / 512 bytes


## nvme list
## lsblk -e7
NAME    SIZE TYPE TRAN   RM ROTA MODEL
sda     200G disk spi     0    1 VMware Virtual S
├─sda1    1M part         0    1 
├─sda2    1G part         0    1 
└─sda3  199G part         0    1 
sr0    1024M rom  sata    1    1 VMware Virtual SATA CDRW Drive
