LOG=/var/log/kubeauto-delivery-signoff-20260717154718.log
========== aio ==========
NAME         STATUS   ROLES    AGE   VERSION   INTERNAL-IP      EXTERNAL-IP   OS-IMAGE             KERNEL-VERSION       CONTAINER-RUNTIME
master-aio   Ready    master   22h   v1.33.6   192.168.47.147   <none>        Ubuntu 22.04.5 LTS   5.15.0-185-generic   containerd://2.1.4
runtime=containerd://2.1.4
bad_pods=0
[PASS] aio Ready + runtime + pods
========== debian150 ==========
NAME            STATUS   ROLES    AGE   VERSION   INTERNAL-IP      EXTERNAL-IP   OS-IMAGE                       KERNEL-VERSION        CONTAINER-RUNTIME
master-debian   Ready    master   22h   v1.33.6   192.168.47.150   <none>        Debian GNU/Linux 13 (trixie)   6.12.86+deb13-amd64   containerd://2.1.4
runtime=containerd://2.1.4
bad_pods=0
[PASS] debian150 Ready + runtime + pods
========== deliver-docker ==========
NAME         STATUS   ROLES    AGE    VERSION   INTERNAL-IP      EXTERNAL-IP   OS-IMAGE                            KERNEL-VERSION             CONTAINER-RUNTIME
master-141   Ready    master   127m   v1.33.6   192.168.47.141   <none>        Rocky Linux 8.10 (Green Obsidian)   4.18.0-553.el8_10.x86_64   docker://28.5.2
runtime=docker://28.5.2
bad_pods=0
[PASS] deliver-docker Ready + runtime + pods
========== deliver-rocky ==========
NAME         STATUS   ROLES    AGE   VERSION   INTERNAL-IP      EXTERNAL-IP   OS-IMAGE                            KERNEL-VERSION             CONTAINER-RUNTIME
master-142   Ready    master   11m   v1.33.6   192.168.47.142   <none>        Rocky Linux 8.10 (Green Obsidian)   4.18.0-553.el8_10.x86_64   containerd://2.1.4
runtime=containerd://2.1.4
bad_pods=0
[PASS] deliver-rocky Ready + runtime + pods
========== aio rocketmq + network-check ==========
NAME                                     READY   STATUS    RESTARTS   AGE
pod/broker-0-master-0                    1/1     Running   0          10m
pod/console-64956f58db-l4qps             1/1     Running   0          10m
pod/name-service-0                       1/1     Running   0          10m
pod/rocketmq-operator-6597bb6768-4sqq6   1/1     Running   0          10m

NAME                                SIZE   REPLICA-PER-GROUP   ALLOW-RESTART   AGE
broker.rocketmq.apache.org/broker   1      0                   true            10m

NAME                                           SIZE   HOST-NETWORK   AGE
nameservice.rocketmq.apache.org/name-service   1      true           10m
NAME                                                 READY   STATUS      RESTARTS   AGE     IP               NODE         NOMINATED NODE   READINESS GATES
echo-server-56f9cb5d6b-22rhv                         1/1     Running     0          10m     172.20.202.43    master-aio   <none>           <none>
echo-server-host-849bf87b7c-b8p5n                    1/1     Running     0          10m     192.168.47.147   master-aio   <none>           <none>
test01-pod-to-container-29737905-bcdws               0/1     Completed   0          2m19s   172.20.202.52    master-aio   <none>           <none>
test02-pod-to-node-nodeport-29737905-q5fdp           0/1     Completed   0          2m19s   172.20.202.55    master-aio   <none>           <none>
test03-pod-to-multi-node-clusterip-29737900-zwbtl    0/1     Pending     0          7m19s   <none>           <none>       <none>           <none>
test04-pod-to-multi-node-headless-29737900-r9gnx     0/1     Pending     0          7m19s   <none>           <none>       <none>           <none>
test05-pod-to-multi-node-nodeport-29737900-vtkjf     0/1     Pending     0          7m19s   <none>           <none>       <none>           <none>
test06-pod-to-external-1111-29737905-nnqzh           0/1     Completed   0          2m19s   172.20.202.53    master-aio   <none>           <none>
test07-pod-to-external-fqdn-baidu-29737905-2xtfp     0/1     Completed   0          2m19s   172.20.202.50    master-aio   <none>           <none>
test08-host-to-multi-node-clusterip-29737900-ndl2q   0/1     Pending     0          7m19s   <none>           <none>       <none>           <none>
test09-host-to-multi-node-headless-29737900-k8x7q    0/1     Pending     0          7m19s   <none>           <none>       <none>           <none>
[PASS] aio MQ stable + network-check v1.3.1
========== leftover dirty clusters must be gone ==========
aio
debian150
deliver-docker
deliver-rocky
[PASS] no test-ha/test-ded-etcd
========== free nodes ping ==========
ok 130
ok 131
ok 141
ok 142
ok 147
ok 150
DELIVERY_SIGNOFF_PASS
LOG=/var/log/kubeauto-delivery-signoff-20260717154718.log
