[2026-07-12 22:52:44] [DEBUG] [common.utils] Executing command: /home/ubuntu/.local/bin/ansible --version
[2026-07-12 22:52:44] [DEBUG] [common.utils] Executing command: /home/ubuntu/.local/bin/ansible --version
[2026-07-12 22:53:05] [DEBUG] [common.utils] Executing command: ansible --version
[2026-07-12 22:53:39] [DEBUG] [common.utils] Executing command: /home/ubuntu/.local/bin/ansible --version
[2026-07-12 22:53:39] [DEBUG] [common.utils] Executing command: /home/ubuntu/.local/bin/ansible --version
[2026-07-12 23:09:07] [ERROR] [common.ansible_python] Cannot detect ansible-core version on the control node.
kubeauto selects target Python requirements from the official ansible-core support matrix.

Install Ansible on this host (e.g. kubecli download -a) and verify:
  ansible --version

Probe details:
  - command: /usr/bin/ansible
    error: broken subprocess
[2026-07-12 23:09:07] [DEBUG] [common.ansible_python] Resolved ansible Python policy for ansible-core 2.16: target module runtime >= 3.8
[2026-07-12 23:09:07] [WARNING] [common.utils] run_command(): kwarg 'capture' is deprecated; use 'capture_output' instead.
[2026-07-12 23:09:07] [DEBUG] [common.utils] Executing command: echo alias-ok
[2026-07-12 23:09:07] [DEBUG] [common.utils] Executing command: echo kubeauto
[2026-07-12 23:09:07] [DEBUG] [common.utils] Executing command: echo explicit
[2026-07-12 23:17:58] [DEBUG] [common.utils] Executing command: /home/ubuntu/.local/bin/ansible --version
[2026-07-12 23:18:24] [DEBUG] [common.utils] Executing command: /home/ubuntu/.local/bin/ansible --version
[2026-07-12 23:18:24] [DEBUG] [common.ansible_python] Resolved ansible Python policy for ansible-core 2.17: target module runtime >= 3.9
[2026-07-12 23:40:36] [ERROR] [common.ansible_python] Cannot detect ansible-core version on the control node.
kubeauto selects target Python requirements from the official ansible-core support matrix.

Install Ansible on this host (e.g. kubecli download -a) and verify:
  ansible --version

Probe details:
  - command: /usr/bin/ansible
    error: broken subprocess
[2026-07-12 23:40:36] [DEBUG] [common.ansible_python] Resolved ansible Python policy for ansible-core 2.16: target module runtime >= 3.8
[2026-07-12 23:40:36] [WARNING] [common.utils] run_command(): kwarg 'capture' is deprecated; use 'capture_output' instead.
[2026-07-12 23:40:36] [DEBUG] [common.utils] Executing command: echo alias-ok
[2026-07-12 23:40:36] [DEBUG] [common.utils] Executing command: echo kubeauto
[2026-07-12 23:40:36] [DEBUG] [common.utils] Executing command: echo explicit
[2026-07-13 23:30:08] [ERROR] [common.ansible_python] Cannot detect ansible-core version on the control node.
kubeauto selects target Python requirements from the official ansible-core support matrix.

Install Ansible on this host (e.g. kubecli download -a) and verify:
  ansible --version

Probe details:
  - command: /usr/bin/ansible
    error: broken subprocess
[2026-07-13 23:30:08] [DEBUG] [common.ansible_python] Resolved ansible Python policy for ansible-core 2.16: target module runtime >= 3.8
[2026-07-13 23:30:08] [WARNING] [common.utils] run_command(): kwarg 'capture' is deprecated; use 'capture_output' instead.
[2026-07-13 23:30:08] [DEBUG] [common.utils] Executing command: echo alias-ok
[2026-07-13 23:30:08] [DEBUG] [common.utils] Executing command: echo kubeauto
[2026-07-13 23:30:08] [DEBUG] [common.utils] Executing command: echo explicit
[2026-07-14 09:18:02] [ERROR] [common.ansible_python] Cannot detect ansible-core version on the control node.
kubeauto selects target Python requirements from the official ansible-core support matrix.

Install Ansible on this host (e.g. kubecli download -a) and verify:
  ansible --version

Probe details:
  - command: /usr/bin/ansible
    error: broken subprocess
[2026-07-14 09:18:02] [DEBUG] [common.ansible_python] Resolved ansible Python policy for ansible-core 2.16: target module runtime >= 3.8
[2026-07-14 09:18:02] [WARNING] [common.utils] run_command(): kwarg 'capture' is deprecated; use 'capture_output' instead.
[2026-07-14 09:18:02] [DEBUG] [common.utils] Executing command: echo alias-ok
[2026-07-14 09:18:02] [DEBUG] [common.utils] Executing command: echo kubeauto
[2026-07-14 09:18:02] [DEBUG] [common.utils] Executing command: echo explicit
[2026-07-14 09:18:26] [ERROR] [common.ansible_python] Cannot detect ansible-core version on the control node.
kubeauto selects target Python requirements from the official ansible-core support matrix.

Install Ansible on this host (e.g. kubecli download -a) and verify:
  ansible --version

Probe details:
  - command: /usr/bin/ansible
    error: broken subprocess
[2026-07-14 09:18:26] [DEBUG] [common.ansible_python] Resolved ansible Python policy for ansible-core 2.16: target module runtime >= 3.8
[2026-07-14 09:18:26] [WARNING] [common.utils] run_command(): kwarg 'capture' is deprecated; use 'capture_output' instead.
[2026-07-14 09:18:26] [DEBUG] [common.utils] Executing command: echo alias-ok
[2026-07-14 09:18:26] [DEBUG] [common.utils] Executing command: echo kubeauto
[2026-07-14 09:18:26] [DEBUG] [common.utils] Executing command: echo explicit
[2026-07-15 12:28:01] [ERROR] [common.ansible_python] Cannot detect ansible-core version on the control node.
kubeauto selects target Python requirements from the official ansible-core support matrix.

Install Ansible on this host (e.g. kubecli download -a) and verify:
  ansible --version

Probe details:
  - command: /usr/bin/ansible
    error: broken subprocess
[2026-07-15 12:28:01] [DEBUG] [common.ansible_python] Resolved ansible Python policy for ansible-core 2.16: target module runtime >= 3.8
[2026-07-15 12:28:01] [DEBUG] [service.cluster.docker] Docker daemon is ready (SDK ping ok).
[2026-07-15 12:28:01] [DEBUG] [service.cluster.docker] Docker daemon is ready (SDK ping ok).
[2026-07-15 12:28:01] [WARNING] [service.cluster.docker] Docker daemon not ready after 0.2s (docker info / SDK ping).
[2026-07-15 12:28:01] [INFO] [service.cluster.docker] [DOWNLOAD] Pulling image: brinnatt/pause:3.10
[2026-07-15 12:28:01] [INFO] [service.cluster.docker] [DOWNLOAD] Pulled successfully: brinnatt/pause:3.10
[2026-07-15 12:28:01] [WARNING] [common.utils] run_command(): kwarg 'capture' is deprecated; use 'capture_output' instead.
[2026-07-15 12:28:01] [DEBUG] [common.utils] Executing command: echo alias-ok
[2026-07-15 12:28:01] [DEBUG] [common.utils] Executing command: echo kubeauto
[2026-07-15 12:28:01] [DEBUG] [common.utils] Executing command: echo explicit
[2026-07-15 12:28:08] [ERROR] [common.ansible_python] Cannot detect ansible-core version on the control node.
kubeauto selects target Python requirements from the official ansible-core support matrix.

Install Ansible on this host (e.g. kubecli download -a) and verify:
  ansible --version

Probe details:
  - command: /usr/bin/ansible
    error: broken subprocess
[2026-07-15 12:28:08] [DEBUG] [common.ansible_python] Resolved ansible Python policy for ansible-core 2.16: target module runtime >= 3.8
[2026-07-15 12:28:08] [DEBUG] [service.cluster.docker] Docker daemon is ready (SDK ping ok).
[2026-07-15 12:28:08] [DEBUG] [service.cluster.docker] Docker daemon is ready (SDK ping ok).
[2026-07-15 12:28:08] [WARNING] [service.cluster.docker] Docker daemon not ready after 0.2s (docker info / SDK ping).
[2026-07-15 12:28:08] [INFO] [service.cluster.docker] [DOWNLOAD] Pulling image: brinnatt/pause:3.10
[2026-07-15 12:28:08] [WARNING] [common.utils] run_command(): kwarg 'capture' is deprecated; use 'capture_output' instead.
[2026-07-15 12:28:08] [DEBUG] [common.utils] Executing command: echo alias-ok
[2026-07-15 12:28:08] [DEBUG] [common.utils] Executing command: echo kubeauto
[2026-07-15 12:28:08] [DEBUG] [common.utils] Executing command: echo explicit
[2026-07-15 12:28:14] [ERROR] [common.ansible_python] Cannot detect ansible-core version on the control node.
kubeauto selects target Python requirements from the official ansible-core support matrix.

Install Ansible on this host (e.g. kubecli download -a) and verify:
  ansible --version

Probe details:
  - command: /usr/bin/ansible
    error: broken subprocess
[2026-07-15 12:28:14] [DEBUG] [common.ansible_python] Resolved ansible Python policy for ansible-core 2.16: target module runtime >= 3.8
[2026-07-15 12:28:14] [DEBUG] [service.cluster.docker] Docker daemon is ready (SDK ping ok).
[2026-07-15 12:28:14] [DEBUG] [service.cluster.docker] Docker daemon is ready (SDK ping ok).
[2026-07-15 12:28:14] [WARNING] [service.cluster.docker] Docker daemon not ready after 0.2s (docker info / SDK ping).
[2026-07-15 12:28:14] [INFO] [service.cluster.docker] [DOWNLOAD] Pulling image: brinnatt/pause:3.10
[2026-07-15 12:28:14] [INFO] [service.cluster.docker] [DOWNLOAD] Pulled successfully: brinnatt/pause:3.10
[2026-07-15 12:28:14] [WARNING] [common.utils] run_command(): kwarg 'capture' is deprecated; use 'capture_output' instead.
[2026-07-15 12:28:14] [DEBUG] [common.utils] Executing command: echo alias-ok
[2026-07-15 12:28:14] [DEBUG] [common.utils] Executing command: echo kubeauto
[2026-07-15 12:28:14] [DEBUG] [common.utils] Executing command: echo explicit
[2026-07-15 13:57:10] [ERROR] [common.ansible_python] Cannot detect ansible-core version on the control node.
kubeauto selects target Python requirements from the official ansible-core support matrix.

Install Ansible on this host (e.g. kubecli download -a) and verify:
  ansible --version

Probe details:
  - command: /usr/bin/ansible
    error: broken subprocess
[2026-07-15 13:57:10] [DEBUG] [common.ansible_python] Resolved ansible Python policy for ansible-core 2.16: target module runtime >= 3.8
[2026-07-15 13:57:10] [ERROR] [service.cluster.docker] Docker daemon not ready after 0.2s. Check: systemctl status docker && docker info
[2026-07-15 13:57:10] [WARNING] [common.utils] run_command(): kwarg 'capture' is deprecated; use 'capture_output' instead.
[2026-07-15 13:57:10] [DEBUG] [common.utils] Executing command: echo alias-ok
[2026-07-15 13:57:10] [DEBUG] [common.utils] Executing command: echo kubeauto
[2026-07-15 13:57:10] [DEBUG] [common.utils] Executing command: echo explicit
[2026-07-15 13:57:18] [ERROR] [common.ansible_python] Cannot detect ansible-core version on the control node.
kubeauto selects target Python requirements from the official ansible-core support matrix.

Install Ansible on this host (e.g. kubecli download -a) and verify:
  ansible --version

Probe details:
  - command: /usr/bin/ansible
    error: broken subprocess
[2026-07-15 13:57:18] [DEBUG] [common.ansible_python] Resolved ansible Python policy for ansible-core 2.16: target module runtime >= 3.8
[2026-07-15 13:57:18] [ERROR] [service.cluster.docker] Docker daemon not ready after 0.2s. Check: systemctl status docker && docker info
[2026-07-15 13:57:18] [WARNING] [common.utils] run_command(): kwarg 'capture' is deprecated; use 'capture_output' instead.
[2026-07-15 13:57:18] [DEBUG] [common.utils] Executing command: echo alias-ok
[2026-07-15 13:57:18] [DEBUG] [common.utils] Executing command: echo kubeauto
[2026-07-15 13:57:18] [DEBUG] [common.utils] Executing command: echo explicit
[2026-07-15 14:44:41] [ERROR] [common.ansible_python] Cannot detect ansible-core version on the control node.
kubeauto selects target Python requirements from the official ansible-core support matrix.

Install Ansible on this host (e.g. kubecli download -a) and verify:
  ansible --version

Probe details:
  - command: /usr/bin/ansible
    error: broken subprocess
[2026-07-15 14:44:41] [DEBUG] [common.ansible_python] Resolved ansible Python policy for ansible-core 2.16: target module runtime >= 3.8
[2026-07-15 14:44:41] [DEBUG] [service.cluster.docker] Docker daemon is ready (SDK ping ok).
[2026-07-15 14:44:41] [DEBUG] [service.cluster.docker] Docker daemon is ready (SDK ping ok).
[2026-07-15 14:44:41] [WARNING] [service.cluster.docker] Docker daemon not ready after 0.2s (docker info / SDK ping).
[2026-07-15 14:44:41] [WARNING] [common.utils] run_command(): kwarg 'capture' is deprecated; use 'capture_output' instead.
[2026-07-15 14:44:41] [DEBUG] [common.utils] Executing command: echo alias-ok
[2026-07-15 14:44:41] [DEBUG] [common.utils] Executing command: echo kubeauto
[2026-07-15 14:44:41] [DEBUG] [common.utils] Executing command: echo explicit
[2026-07-16 10:28:21] [ERROR] [common.ansible_python] Cannot detect ansible-core version on the control node.
kubeauto selects target Python requirements from the official ansible-core support matrix.

Install Ansible on this host (e.g. kubecli download -a) and verify:
  ansible --version

Probe details:
  - command: /usr/bin/ansible
    error: broken subprocess
[2026-07-16 10:28:21] [DEBUG] [common.ansible_python] Resolved ansible Python policy for ansible-core 2.16: target module runtime >= 3.8
[2026-07-16 10:28:21] [DEBUG] [service.cluster.docker] Docker daemon is ready (SDK ping ok).
[2026-07-16 10:28:21] [DEBUG] [service.cluster.docker] Docker daemon is ready (SDK ping ok).
[2026-07-16 10:28:21] [WARNING] [service.cluster.docker] Docker daemon not ready after 0.2s (docker info / SDK ping).
[2026-07-16 10:28:21] [WARNING] [common.utils] run_command(): kwarg 'capture' is deprecated; use 'capture_output' instead.
[2026-07-16 10:28:21] [DEBUG] [common.utils] Executing command: echo alias-ok
[2026-07-16 10:28:21] [DEBUG] [common.utils] Executing command: echo kubeauto
[2026-07-16 10:28:21] [DEBUG] [common.utils] Executing command: echo explicit
[2026-07-16 10:28:25] [INFO] [controller.cluster.cli] v0.1.1
