======== root@192.168.47.147 ========
## lsblk
NAME     SIZE TYPE FSTYPE   MOUNTPOINT                   UUID
loop0      4K loop squashfs /snap/bare/5                 
loop1   63.9M loop squashfs /snap/core20/2318            
loop2   63.8M loop squashfs /snap/core20/2866            
loop3     74M loop squashfs /snap/core22/2411            
loop4   66.8M loop squashfs /snap/core24/1643            
loop5  148.2M loop squashfs /snap/docker/3505            
loop6  252.7M loop squashfs /snap/firefox/8585           
loop7  252.8M loop squashfs /snap/firefox/8595           
loop8  614.5M loop squashfs /snap/gnome-46-2404/164      
loop9   91.7M loop squashfs /snap/gtk-common-themes/1535 
loop10  91.7M loop squashfs /snap/lxd/38800              
loop11 115.1M loop squashfs /snap/lxd/40115              
loop12   395M loop squashfs /snap/mesa-2404/1165         
loop13  50.1M loop squashfs /snap/snapd/27406            
loop14   402M loop squashfs /snap/mesa-2404/1839         
loop15  38.8M loop squashfs /snap/snapd/21759            
sda      200G disk                                       
├─sda1     1M part                                       
├─sda2     1G part ext4     /boot                        6ac6c6e9-75c3-48d7-bdb5-d8f9f1bc868b
└─sda3   199G part ext4     /                            83282a05-d9d7-4179-baa7-a77bea4471d7
sr0     1024M rom                                        
## /dev/sd* /dev/vd* /dev/nvme*
brw-rw---- 1 root disk 8, 0  7月 16 09:53 /dev/sda
brw-rw---- 1 root disk 8, 1  7月 16 09:52 /dev/sda1
brw-rw---- 1 root disk 8, 2  7月 16 09:52 /dev/sda2
brw-rw---- 1 root disk 8, 3  7月 16 09:52 /dev/sda3
## by-id
total 0
drwxr-xr-x 2 root root  60  7月 16 09:52 .
drwxr-xr-x 6 root root 120  7月 16 09:52 ..
lrwxrwxrwx 1 root root   9  7月 16 09:52 ata-VMware_Virtual_SATA_CDRW_Drive_01000000000000000001 -> ../../sr0
## by-path
total 0
drwxr-xr-x 2 root root 160  7月 16 09:53 .
drwxr-xr-x 6 root root 120  7月 16 09:52 ..
lrwxrwxrwx 1 root root   9  7月 16 09:53 pci-0000:00:10.0-scsi-0:0:0:0 -> ../../sda
lrwxrwxrwx 1 root root  10  7月 16 09:52 pci-0000:00:10.0-scsi-0:0:0:0-part1 -> ../../sda1
lrwxrwxrwx 1 root root  10  7月 16 09:52 pci-0000:00:10.0-scsi-0:0:0:0-part2 -> ../../sda2
lrwxrwxrwx 1 root root  10  7月 16 09:52 pci-0000:00:10.0-scsi-0:0:0:0-part3 -> ../../sda3
lrwxrwxrwx 1 root root   9  7月 16 09:52 pci-0000:02:01.0-ata-2 -> ../../sr0
lrwxrwxrwx 1 root root   9  7月 16 09:52 pci-0000:02:01.0-ata-2.0 -> ../../sr0
## dmesg disk
======== root@192.168.47.141 ========
bash: line 4: /sys/class/scsi_disk/*/device/rescan: No such file or directory
## lsblk
NAME         SIZE TYPE FSTYPE      MOUNTPOINT UUID
loop0         15G loop LVM2_member            DFDEPl-DJ3e-S0AY-JPyD-0Exu-dVdr-6qmMDD
sr0         1024M rom                         
nvme0n1       60G disk                        
├─nvme0n1p1    1G part xfs         /boot      211281ee-a80c-43b2-803a-39c4395d8535
├─nvme0n1p2    1G part swap                   2c48c446-5013-4039-95cd-c5cfbd1b663d
└─nvme0n1p3   58G part xfs         /          cfd8a345-08a9-41c8-810e-3bcc02b34a18
## /dev/sd* /dev/vd* /dev/nvme*
crw------- 1 root root 243, 0 Jul 16 22:14 /dev/nvme0
brw-rw---- 1 root disk 259, 0 Jul 16 22:14 /dev/nvme0n1
brw-rw---- 1 root disk 259, 1 Jul 16 22:14 /dev/nvme0n1p1
brw-rw---- 1 root disk 259, 2 Jul 16 22:14 /dev/nvme0n1p2
brw-rw---- 1 root disk 259, 3 Jul 16 22:14 /dev/nvme0n1p3
## by-id
total 0
drwxr-xr-x 2 root root 300 Jul 17 00:06 .
drwxr-xr-x 6 root root 120 Jul 16 22:14 ..
lrwxrwxrwx 1 root root   9 Jul 16 22:14 ata-VMware_Virtual_IDE_CDROM_Drive_10000000000000000001 -> ../../sr0
lrwxrwxrwx 1 root root  11 Jul 17 00:06 lvm-pv-uuid-DFDEPl-DJ3e-S0AY-JPyD-0Exu-dVdr-6qmMDD -> ../../loop0
lrwxrwxrwx 1 root root  13 Jul 16 22:14 nvme-eui.46a9045578238bab000c296f5907e171 -> ../../nvme0n1
lrwxrwxrwx 1 root root  15 Jul 16 22:14 nvme-eui.46a9045578238bab000c296f5907e171-part1 -> ../../nvme0n1p1
lrwxrwxrwx 1 root root  15 Jul 16 22:14 nvme-eui.46a9045578238bab000c296f5907e171-part2 -> ../../nvme0n1p2
lrwxrwxrwx 1 root root  15 Jul 16 22:14 nvme-eui.46a9045578238bab000c296f5907e171-part3 -> ../../nvme0n1p3
lrwxrwxrwx 1 root root  13 Jul 16 22:14 nvme-VMware_Virtual_NVMe_Disk_VMware_NVME_0000 -> ../../nvme0n1
lrwxrwxrwx 1 root root  15 Jul 16 22:14 nvme-VMware_Virtual_NVMe_Disk_VMware_NVME_0000-part1 -> ../../nvme0n1p1
lrwxrwxrwx 1 root root  15 Jul 16 22:14 nvme-VMware_Virtual_NVMe_Disk_VMware_NVME_0000-part2 -> ../../nvme0n1p2
lrwxrwxrwx 1 root root  15 Jul 16 22:14 nvme-VMware_Virtual_NVMe_Disk_VMware_NVME_0000-part3 -> ../../nvme0n1p3
lrwxrwxrwx 1 root root  15 Jul 16 22:14 wwn-eui.46a9045578238bab000c296f5907e171-part1 -> ../../nvme0n1p1
lrwxrwxrwx 1 root root  15 Jul 16 22:14 wwn-eui.46a9045578238bab000c296f5907e171-part2 -> ../../nvme0n1p2
lrwxrwxrwx 1 root root  15 Jul 16 22:14 wwn-eui.46a9045578238bab000c296f5907e171-part3 -> ../../nvme0n1p3
## by-path
total 0
drwxr-xr-x 2 root root 140 Jul 16 22:14 .
drwxr-xr-x 6 root root 120 Jul 16 22:14 ..
lrwxrwxrwx 1 root root   9 Jul 16 22:14 pci-0000:00:07.1-ata-2 -> ../../sr0
lrwxrwxrwx 1 root root  13 Jul 16 22:14 pci-0000:0b:00.0-nvme-1 -> ../../nvme0n1
lrwxrwxrwx 1 root root  15 Jul 16 22:14 pci-0000:0b:00.0-nvme-1-part1 -> ../../nvme0n1p1
lrwxrwxrwx 1 root root  15 Jul 16 22:14 pci-0000:0b:00.0-nvme-1-part2 -> ../../nvme0n1p2
lrwxrwxrwx 1 root root  15 Jul 16 22:14 pci-0000:0b:00.0-nvme-1-part3 -> ../../nvme0n1p3
## dmesg disk
[    1.202340] scsi 1:0:0:0: Attached scsi generic sg0 type 5
[    1.247667] sr 1:0:0:0: Attached scsi CD-ROM sr0
======== root@192.168.47.142 ========
bash: line 4: /sys/class/scsi_disk/*/device/rescan: No such file or directory
## lsblk
NAME         SIZE TYPE FSTYPE MOUNTPOINT UUID
sr0         1024M rom                    
nvme0n1       60G disk                   
├─nvme0n1p1    1G part xfs    /boot      459a703c-6ea7-411f-8880-c87d66040c45
├─nvme0n1p2    1G part swap              d3857162-efc0-437c-97f7-7f2fccc19192
└─nvme0n1p3   58G part xfs    /          da6a8128-8588-406d-a14a-6e878d1cf1b4
## /dev/sd* /dev/vd* /dev/nvme*
crw------- 1 root root 243, 0 Jul 16 09:23 /dev/nvme0
brw-rw---- 1 root disk 259, 0 Jul 16 09:23 /dev/nvme0n1
brw-rw---- 1 root disk 259, 1 Jul 16 09:23 /dev/nvme0n1p1
brw-rw---- 1 root disk 259, 2 Jul 16 14:54 /dev/nvme0n1p2
brw-rw---- 1 root disk 259, 3 Jul 16 09:23 /dev/nvme0n1p3
## by-id
total 0
drwxr-xr-x 2 root root 280 Jul 16 09:23 .
drwxr-xr-x 6 root root 120 Jul 16 09:23 ..
lrwxrwxrwx 1 root root   9 Jul 16 09:23 ata-VMware_Virtual_IDE_CDROM_Drive_10000000000000000001 -> ../../sr0
lrwxrwxrwx 1 root root  13 Jul 16 09:23 nvme-eui.c16cb5225bd24437000c2960f708961e -> ../../nvme0n1
lrwxrwxrwx 1 root root  15 Jul 16 09:23 nvme-eui.c16cb5225bd24437000c2960f708961e-part1 -> ../../nvme0n1p1
lrwxrwxrwx 1 root root  15 Jul 16 14:54 nvme-eui.c16cb5225bd24437000c2960f708961e-part2 -> ../../nvme0n1p2
lrwxrwxrwx 1 root root  15 Jul 16 09:23 nvme-eui.c16cb5225bd24437000c2960f708961e-part3 -> ../../nvme0n1p3
lrwxrwxrwx 1 root root  13 Jul 16 09:23 nvme-VMware_Virtual_NVMe_Disk_VMware_NVME_0000 -> ../../nvme0n1
lrwxrwxrwx 1 root root  15 Jul 16 09:23 nvme-VMware_Virtual_NVMe_Disk_VMware_NVME_0000-part1 -> ../../nvme0n1p1
lrwxrwxrwx 1 root root  15 Jul 16 14:54 nvme-VMware_Virtual_NVMe_Disk_VMware_NVME_0000-part2 -> ../../nvme0n1p2
lrwxrwxrwx 1 root root  15 Jul 16 09:23 nvme-VMware_Virtual_NVMe_Disk_VMware_NVME_0000-part3 -> ../../nvme0n1p3
lrwxrwxrwx 1 root root  15 Jul 16 09:23 wwn-eui.c16cb5225bd24437000c2960f708961e-part1 -> ../../nvme0n1p1
lrwxrwxrwx 1 root root  15 Jul 16 14:54 wwn-eui.c16cb5225bd24437000c2960f708961e-part2 -> ../../nvme0n1p2
lrwxrwxrwx 1 root root  15 Jul 16 09:23 wwn-eui.c16cb5225bd24437000c2960f708961e-part3 -> ../../nvme0n1p3
## by-path
total 0
drwxr-xr-x 2 root root 140 Jul 16 09:23 .
drwxr-xr-x 6 root root 120 Jul 16 09:23 ..
lrwxrwxrwx 1 root root   9 Jul 16 09:23 pci-0000:00:07.1-ata-2 -> ../../sr0
lrwxrwxrwx 1 root root  13 Jul 16 09:23 pci-0000:0b:00.0-nvme-1 -> ../../nvme0n1
lrwxrwxrwx 1 root root  15 Jul 16 09:23 pci-0000:0b:00.0-nvme-1-part1 -> ../../nvme0n1p1
lrwxrwxrwx 1 root root  15 Jul 16 14:54 pci-0000:0b:00.0-nvme-1-part2 -> ../../nvme0n1p2
lrwxrwxrwx 1 root root  15 Jul 16 09:23 pci-0000:0b:00.0-nvme-1-part3 -> ../../nvme0n1p3
## dmesg disk
[    1.127208] scsi 1:0:0:0: Attached scsi generic sg0 type 5
[    1.172318] sr 1:0:0:0: Attached scsi CD-ROM sr0
======== root@192.168.47.130 ========
bash: line 4: /sys/class/scsi_disk/*/device/rescan: No such file or directory
## lsblk
NAME         SIZE TYPE FSTYPE MOUNTPOINT UUID
sr0         1024M rom                    
nvme0n1       60G disk                   
├─nvme0n1p1    1G part xfs    /boot      b7d0681a-0119-44b7-843e-39c3ba50b6e2
├─nvme0n1p2    1G part swap              9bbc83a9-4fd9-4299-b3f0-ebb34496cbc4
└─nvme0n1p3   58G part xfs    /          72c3f0b5-5bb9-44d7-93b0-d0470f89f0f8
## /dev/sd* /dev/vd* /dev/nvme*
crw------- 1 root root 243, 0 Jul 16 09:23 /dev/nvme0
brw-rw---- 1 root disk 259, 0 Jul 16 09:23 /dev/nvme0n1
brw-rw---- 1 root disk 259, 1 Jul 16 09:23 /dev/nvme0n1p1
brw-rw---- 1 root disk 259, 2 Jul 16 09:38 /dev/nvme0n1p2
brw-rw---- 1 root disk 259, 3 Jul 16 09:23 /dev/nvme0n1p3
## by-id
total 0
drwxr-xr-x 2 root root 280 Jul 16 09:23 .
drwxr-xr-x 6 root root 120 Jul 16 09:23 ..
lrwxrwxrwx 1 root root   9 Jul 16 09:23 ata-VMware_Virtual_IDE_CDROM_Drive_10000000000000000001 -> ../../sr0
lrwxrwxrwx 1 root root  13 Jul 16 09:23 nvme-eui.89b143d2d9a87279000c2962d591a658 -> ../../nvme0n1
lrwxrwxrwx 1 root root  15 Jul 16 09:23 nvme-eui.89b143d2d9a87279000c2962d591a658-part1 -> ../../nvme0n1p1
lrwxrwxrwx 1 root root  15 Jul 16 09:38 nvme-eui.89b143d2d9a87279000c2962d591a658-part2 -> ../../nvme0n1p2
lrwxrwxrwx 1 root root  15 Jul 16 09:23 nvme-eui.89b143d2d9a87279000c2962d591a658-part3 -> ../../nvme0n1p3
lrwxrwxrwx 1 root root  13 Jul 16 09:23 nvme-VMware_Virtual_NVMe_Disk_VMware_NVME_0000 -> ../../nvme0n1
lrwxrwxrwx 1 root root  15 Jul 16 09:23 nvme-VMware_Virtual_NVMe_Disk_VMware_NVME_0000-part1 -> ../../nvme0n1p1
lrwxrwxrwx 1 root root  15 Jul 16 09:38 nvme-VMware_Virtual_NVMe_Disk_VMware_NVME_0000-part2 -> ../../nvme0n1p2
lrwxrwxrwx 1 root root  15 Jul 16 09:23 nvme-VMware_Virtual_NVMe_Disk_VMware_NVME_0000-part3 -> ../../nvme0n1p3
lrwxrwxrwx 1 root root  15 Jul 16 09:23 wwn-eui.89b143d2d9a87279000c2962d591a658-part1 -> ../../nvme0n1p1
lrwxrwxrwx 1 root root  15 Jul 16 09:38 wwn-eui.89b143d2d9a87279000c2962d591a658-part2 -> ../../nvme0n1p2
lrwxrwxrwx 1 root root  15 Jul 16 09:23 wwn-eui.89b143d2d9a87279000c2962d591a658-part3 -> ../../nvme0n1p3
## by-path
total 0
drwxr-xr-x 2 root root 140 Jul 16 09:23 .
drwxr-xr-x 6 root root 120 Jul 16 09:23 ..
lrwxrwxrwx 1 root root   9 Jul 16 09:23 pci-0000:00:07.1-ata-2 -> ../../sr0
lrwxrwxrwx 1 root root  13 Jul 16 09:23 pci-0000:0b:00.0-nvme-1 -> ../../nvme0n1
lrwxrwxrwx 1 root root  15 Jul 16 09:23 pci-0000:0b:00.0-nvme-1-part1 -> ../../nvme0n1p1
lrwxrwxrwx 1 root root  15 Jul 16 09:38 pci-0000:0b:00.0-nvme-1-part2 -> ../../nvme0n1p2
lrwxrwxrwx 1 root root  15 Jul 16 09:23 pci-0000:0b:00.0-nvme-1-part3 -> ../../nvme0n1p3
## dmesg disk
[    0.965670] scsi 1:0:0:0: Attached scsi generic sg0 type 5
[    1.010434] sr 1:0:0:0: Attached scsi CD-ROM sr0
======== root@192.168.47.131 ========
bash: line 4: /sys/class/scsi_disk/*/device/rescan: No such file or directory
## lsblk
NAME         SIZE TYPE FSTYPE MOUNTPOINT UUID
sr0         1024M rom                    
nvme0n1       60G disk                   
├─nvme0n1p1    1G part xfs    /boot      4386e128-c500-47fa-b056-ed2ccc1d1a24
├─nvme0n1p2    1G part swap              190dbdf7-4cfe-439a-99b9-7a0ded062ca4
└─nvme0n1p3   58G part xfs    /          ccd33de7-6d7d-44de-afb6-36f2a05bd7eb
## /dev/sd* /dev/vd* /dev/nvme*
crw------- 1 root root 243, 0 Jul 16 09:23 /dev/nvme0
brw-rw---- 1 root disk 259, 0 Jul 16 09:23 /dev/nvme0n1
brw-rw---- 1 root disk 259, 1 Jul 16 09:23 /dev/nvme0n1p1
brw-rw---- 1 root disk 259, 2 Jul 16 09:38 /dev/nvme0n1p2
brw-rw---- 1 root disk 259, 3 Jul 16 09:23 /dev/nvme0n1p3
## by-id
total 0
drwxr-xr-x 2 root root 280 Jul 16 09:23 .
drwxr-xr-x 6 root root 120 Jul 16 09:23 ..
lrwxrwxrwx 1 root root   9 Jul 16 09:23 ata-VMware_Virtual_IDE_CDROM_Drive_10000000000000000001 -> ../../sr0
lrwxrwxrwx 1 root root  13 Jul 16 09:23 nvme-eui.e8e825cf4cdb23e4000c29613f44c717 -> ../../nvme0n1
lrwxrwxrwx 1 root root  15 Jul 16 09:23 nvme-eui.e8e825cf4cdb23e4000c29613f44c717-part1 -> ../../nvme0n1p1
lrwxrwxrwx 1 root root  15 Jul 16 09:38 nvme-eui.e8e825cf4cdb23e4000c29613f44c717-part2 -> ../../nvme0n1p2
lrwxrwxrwx 1 root root  15 Jul 16 09:23 nvme-eui.e8e825cf4cdb23e4000c29613f44c717-part3 -> ../../nvme0n1p3
lrwxrwxrwx 1 root root  13 Jul 16 09:23 nvme-VMware_Virtual_NVMe_Disk_VMware_NVME_0000 -> ../../nvme0n1
lrwxrwxrwx 1 root root  15 Jul 16 09:23 nvme-VMware_Virtual_NVMe_Disk_VMware_NVME_0000-part1 -> ../../nvme0n1p1
lrwxrwxrwx 1 root root  15 Jul 16 09:38 nvme-VMware_Virtual_NVMe_Disk_VMware_NVME_0000-part2 -> ../../nvme0n1p2
lrwxrwxrwx 1 root root  15 Jul 16 09:23 nvme-VMware_Virtual_NVMe_Disk_VMware_NVME_0000-part3 -> ../../nvme0n1p3
lrwxrwxrwx 1 root root  15 Jul 16 09:23 wwn-eui.e8e825cf4cdb23e4000c29613f44c717-part1 -> ../../nvme0n1p1
lrwxrwxrwx 1 root root  15 Jul 16 09:38 wwn-eui.e8e825cf4cdb23e4000c29613f44c717-part2 -> ../../nvme0n1p2
lrwxrwxrwx 1 root root  15 Jul 16 09:23 wwn-eui.e8e825cf4cdb23e4000c29613f44c717-part3 -> ../../nvme0n1p3
## by-path
total 0
drwxr-xr-x 2 root root 140 Jul 16 09:23 .
drwxr-xr-x 6 root root 120 Jul 16 09:23 ..
lrwxrwxrwx 1 root root   9 Jul 16 09:23 pci-0000:00:07.1-ata-2 -> ../../sr0
lrwxrwxrwx 1 root root  13 Jul 16 09:23 pci-0000:0b:00.0-nvme-1 -> ../../nvme0n1
lrwxrwxrwx 1 root root  15 Jul 16 09:23 pci-0000:0b:00.0-nvme-1-part1 -> ../../nvme0n1p1
lrwxrwxrwx 1 root root  15 Jul 16 09:38 pci-0000:0b:00.0-nvme-1-part2 -> ../../nvme0n1p2
lrwxrwxrwx 1 root root  15 Jul 16 09:23 pci-0000:0b:00.0-nvme-1-part3 -> ../../nvme0n1p3
## dmesg disk
[    1.141558] scsi 1:0:0:0: Attached scsi generic sg0 type 5
[    1.186710] sr 1:0:0:0: Attached scsi CD-ROM sr0
======== root@192.168.47.132 ========
Connection timed out during banner exchange
Connection to 192.168.47.132 port 22 timed out
UNREACHABLE
======== root@192.168.47.133 ========
Connection timed out during banner exchange
Connection to 192.168.47.133 port 22 timed out
UNREACHABLE
======== root@192.168.47.140 ========
Connection timed out during banner exchange
Connection to 192.168.47.140 port 22 timed out
UNREACHABLE
======== brinnatt@192.168.47.150 ========
bash: line 3: /sys/class/scsi_host/host0/scan: Permission denied
bash: line 3: /sys/class/scsi_host/host1/scan: Permission denied
bash: line 3: /sys/class/scsi_host/host2/scan: Permission denied
bash: line 4: /sys/class/scsi_disk/2:0:0:0/device/rescan: Permission denied
## lsblk
NAME    SIZE TYPE FSTYPE  MOUNTPOINT UUID
sda      60G disk                    
├─sda1 56.9G part ext4    /          f5d05864-4c9b-4f2c-a5e9-b685b4a0d6bc
├─sda2    1K part                    
└─sda5  3.1G part swap               5c9f99f5-fea6-416d-8dfc-8c872cb4f6f4
sr0     3.7G rom  iso9660            2026-05-16-11-50-03-00
## /dev/sd* /dev/vd* /dev/nvme*
brw-rw---- 1 root disk 8, 0 Jul 15 23:15 /dev/sda
brw-rw---- 1 root disk 8, 1 Jul 16 00:11 /dev/sda1
brw-rw---- 1 root disk 8, 2 Jul 16 00:11 /dev/sda2
brw-rw---- 1 root disk 8, 5 Jul 16 00:11 /dev/sda5
## by-id
total 0
drwxr-xr-x 2 root root  60 Jul 15 23:15 .
drwxr-xr-x 8 root root 160 Jul 15 23:15 ..
lrwxrwxrwx 1 root root   9 Jul 15 23:15 ata-VMware_Virtual_IDE_CDROM_Drive_10000000000000000001 -> ../../sr0
## by-path
total 0
drwxr-xr-x 3 root root 180 Jul 15 23:15 .
drwxr-xr-x 8 root root 160 Jul 15 23:15 ..
lrwxrwxrwx 1 root root   9 Jul 15 23:15 pci-0000:00:07.1-ata-2 -> ../../sr0
lrwxrwxrwx 1 root root   9 Jul 15 23:15 pci-0000:00:07.1-ata-2.0 -> ../../sr0
lrwxrwxrwx 1 root root   9 Jul 15 23:15 pci-0000:00:10.0-scsi-0:0:0:0 -> ../../sda
drwxr-xr-x 5 root root 100 Jul 15 23:15 pci-0000:00:10.0-scsi-0:0:0:0-part
lrwxrwxrwx 1 root root  10 Jul 15 23:15 pci-0000:00:10.0-scsi-0:0:0:0-part1 -> ../../sda1
lrwxrwxrwx 1 root root  10 Jul 15 23:15 pci-0000:00:10.0-scsi-0:0:0:0-part2 -> ../../sda2
lrwxrwxrwx 1 root root  10 Jul 15 23:15 pci-0000:00:10.0-scsi-0:0:0:0-part5 -> ../../sda5
## dmesg disk
======== root@192.168.47.150 ========
Permission denied, please try again.
UNREACHABLE
