========== PHASE 0: local unit tests (G0) ==========
>>> bash /projects/kubeauto/tests/run_unit_tests.sh
test_parse_ansible_core_version (test_ansible_python.TestAnsibleCoreParsing) ... ok
test_parse_ansible_core_version_missing (test_ansible_python.TestAnsibleCoreParsing) ... ok
test_policy_fails_fast_when_detection_breaks (test_ansible_python.TestAnsiblePythonPolicy) ... ok
test_policy_resolves_from_ansible_version (test_ansible_python.TestAnsiblePythonPolicy) ... ok
test_probe_reports_missing_ansible_in_path (test_ansible_python.TestAnsiblePythonPolicy) ... ok
test_python_meets_spec (test_ansible_python.TestInterpreterValidation) ... ok
test_validate_local_interpreter (test_ansible_python.TestInterpreterValidation) ... ok
test_validate_remote_interpreter_version (test_ansible_python.TestInterpreterValidation) ... ok
test_matrix_2_16_target_runtime_min (test_ansible_python.TestSupportMatrix) ... ok
test_matrix_2_17_target_runtime_min (test_ansible_python.TestSupportMatrix) ... ok
test_all_component_images_are_brinnatt (test_brinnatt_image_contract.TestBrinnattImageContract) ... ok
test_default_images_are_brinnatt (test_brinnatt_image_contract.TestBrinnattImageContract) ... ok
test_cluster_after_flags (test_cli_completion.TestCliCompletion) ... ok
test_cluster_positional_still_works (test_cli_completion.TestCliCompletion) ... ok
test_completion_shells (test_cli_completion.TestCliCompletion) ... ok
test_docker_flags (test_cli_completion.TestCliCompletion) ... ok
test_download_long_flags_on_double_dash (test_cli_completion.TestCliCompletion) ... ok
test_download_prefix_filters_long (test_cli_completion.TestCliCompletion) ... ok
test_download_short_flags_on_dash (test_cli_completion.TestCliCompletion) ... ok
test_flag_prefix_does_not_steal_cluster_when_not_dash (test_cli_completion.TestCliCompletion) ... ok
test_kcfg_adm_mutex_hides_siblings (test_cli_completion.TestCliCompletion) ... ok
test_kcfg_adm_type_choices (test_cli_completion.TestCliCompletion) ... ok
test_kcfg_adm_type_equals_form (test_cli_completion.TestCliCompletion) ... ok
test_setup_steps_still_work (test_cli_completion.TestCliCompletion) ... ok
test_system_long_only_options (test_cli_completion.TestCliCompletion) ... ok
test_top_level_subcommands (test_cli_completion.TestCliCompletion) ... ok
test_used_flag_not_suggested_again (test_cli_completion.TestCliCompletion) ... ok
test_wait_for_daemon_ready_retries_until_sdk_ok (test_docker_daemon.TestDockerDaemonReady) ... ok
test_wait_for_daemon_ready_succeeds_on_first_ping (test_docker_daemon.TestDockerDaemonReady) ... ok
test_wait_for_daemon_ready_times_out (test_docker_daemon.TestDockerDaemonReady) ... [2026-07-16 11:43:31] [WARNING] [service.cluster.docker] Docker daemon not ready after 0.2s (docker info / SDK ping).
ok
test_execute_pull_sdk_fallback_uses_warning (test_docker_daemon.TestPullImage) ... ok
test_pull_image_logs_error_on_failure (test_docker_daemon.TestPullImage) ... ok
test_sdk_fallback_message_is_not_init_failure (test_docker_daemon.TestPullImage) ... ok
test_all_sources_fail_logs_error (test_registry_pull_sources.TestRegistryPullSources) ... ok
test_brinnatt_candidates_talkedu_first (test_registry_pull_sources.TestRegistryPullSources) ... ok
test_intermediate_failure_warning_final_error (test_registry_pull_sources.TestRegistryPullSources) ... ok
test_capture_alias_is_supported (test_run_command.TestRunCommand)
Regression: capture=True must not leak to subprocess.run as invalid kwarg. ... ok
test_capture_output_default_captures_stdout (test_run_command.TestRunCommand) ... ok
test_capture_output_explicit (test_run_command.TestRunCommand) ... ok
test_default_tag_latest (test_talkedu_mirror.TestTalkeduMirror) ... ok
test_ignores_non_brinnatt (test_talkedu_mirror.TestTalkeduMirror) ... ok
test_maps_brinnatt_to_talkedu (test_talkedu_mirror.TestTalkeduMirror) ... ok
test_maps_migrated_defaults (test_talkedu_mirror.TestTalkeduMirror) ... ok
test_pull_order_talkedu_before_dockerhub (test_talkedu_mirror.TestTalkeduMirror)
CN production: hub.talkedu.cn first, Docker Hub brinnatt/* as fallback. ... ok

----------------------------------------------------------------------
Ran 44 tests in 0.372s

OK
[PASS] G0-local-unit
========== PHASE 1: sync source to 147 + 136 ==========
>>> bash /projects/kubeauto/tests/helpers/sync-kubeauto.sh ubuntu@192.168.47.147 123456
sync_ok
Synced to ubuntu@192.168.47.147:/usr/local/kubeauto
>>> bash /projects/kubeauto/tests/helpers/sync-kubeauto.sh root@192.168.47.136 123456
sync_ok
Synced to root@192.168.47.136:/usr/local/kubeauto
[PASS] G0-deploy-sync
========== PHASE 1b: bootstrap brinnatt mirrors + upload defaults ==========
[skip] brinnatt/calico-cni:v3.28.4
[skip] brinnatt/calico-node:v3.28.4
[skip] brinnatt/calico-kube-controllers:v3.28.4
[skip] brinnatt/coredns:1.12.4
[skip] brinnatt/registry:2
[skip] brinnatt/pause:3.10
[skip] brinnatt/metrics-server:v0.8.0
[skip] brinnatt/k8s-dns-node-cache:1.26.4
[pull] brinnatt/cilium:v1.19.5 (talkedu → upstream → dockerhub)
Error response from daemon: failed to resolve reference "hub.talkedu.cn/kubeauto/cilium:v1.19.5": hub.talkedu.cn/kubeauto/cilium:v1.19.5: not found
v1.19.5: Pulling from cilium/cilium
short read: expected 2807 bytes but got 0: unexpected EOF
Error response from daemon: unknown: failed to resolve reference "docker.io/brinnatt/cilium:v1.19.5": unexpected status from HEAD request to https://docker.1panel.live/v2/brinnatt/cilium/manifests/v1.19.5?ns=docker.io: 403 Forbidden
[WARN] failed to materialize brinnatt/cilium:v1.19.5
[pull] brinnatt/cilium-operator-generic:v1.19.5 (talkedu → upstream → dockerhub)
Error response from daemon: failed to resolve reference "hub.talkedu.cn/kubeauto/cilium-operator-generic:v1.19.5": hub.talkedu.cn/kubeauto/cilium-operator-generic:v1.19.5: not found
v1.19.5: Pulling from cilium/operator-generic
8d1e56505821: Pulling fs layer
1458643bb809: Pulling fs layer
aa79f4dd9ad4: Pulling fs layer
b2742345cc8c: Pulling fs layer
13d6a44ac649: Pulling fs layer
b2742345cc8c: Download complete
13d6a44ac649: Download complete
13d6a44ac649: Pull complete
aa79f4dd9ad4: Download complete
aa79f4dd9ad4: Pull complete
8d1e56505821: Download complete
Error response from daemon: unknown: failed to resolve reference "docker.io/brinnatt/cilium-operator-generic:v1.19.5": unexpected status from HEAD request to https://docker.1panel.live/v2/brinnatt/cilium-operator-generic/manifests/v1.19.5?ns=docker.io: 403 Forbidden
[WARN] failed to materialize brinnatt/cilium-operator-generic:v1.19.5
[pull] brinnatt/hubble-relay:v1.19.5 (talkedu → upstream → dockerhub)
Error response from daemon: failed to resolve reference "hub.talkedu.cn/kubeauto/hubble-relay:v1.19.5": hub.talkedu.cn/kubeauto/hubble-relay:v1.19.5: not found
v1.19.5: Pulling from cilium/hubble-relay
d5c947a3189a: Pulling fs layer
99ba982a9142: Pulling fs layer
b214a4d93fd6: Pulling fs layer
ebddc55facdc: Pulling fs layer
3214acf345c0: Pulling fs layer
47de5dd0b812: Pulling fs layer
c172f21841df: Pulling fs layer
99515e7b4d35: Pulling fs layer
52630fc75a18: Pulling fs layer
c821fad95ece: Pulling fs layer
2780920e5dbf: Pulling fs layer
d6b1b89eccac: Pulling fs layer
7c12895b777b: Pulling fs layer
dd64bf2dd177: Pulling fs layer
bcf16c1934ee: Pulling fs layer
b839dfae01f6: Pulling fs layer
bdfd7f7e5bf6: Pulling fs layer
3214acf345c0: Already exists
7c12895b777b: Already exists
52630fc75a18: Download complete
99ba982a9142: Download complete
99515e7b4d35: Download complete
bdfd7f7e5bf6: Download complete
dd64bf2dd177: Download complete
47de5dd0b812: Download complete
bcf16c1934ee: Download complete
47de5dd0b812: Pull complete
d6b1b89eccac: Download complete
2780920e5dbf: Download complete
b214a4d93fd6: Download complete
c821fad95ece: Download complete
d5c947a3189a: Download complete
ebddc55facdc: Download complete
b839dfae01f6: Download complete
c172f21841df: Download complete
99515e7b4d35: Pull complete
c172f21841df: Pull complete
3214acf345c0: Pull complete
7c12895b777b: Pull complete
52630fc75a18: Pull complete
99ba982a9142: Pull complete
bdfd7f7e5bf6: Pull complete
dd64bf2dd177: Pull complete
d6b1b89eccac: Pull complete
2780920e5dbf: Pull complete
b214a4d93fd6: Pull complete
ebddc55facdc: Pull complete
b839dfae01f6: Pull complete
bcf16c1934ee: Pull complete
c821fad95ece: Pull complete
d5c947a3189a: Pull complete
Digest: sha256:24409bfa1bca075c92acb26ba4b49cd573d99d68d5370f7cc825078185222a0c
Status: Downloaded newer image for cilium/hubble-relay:v1.19.5
docker.io/cilium/hubble-relay:v1.19.5
[pull] brinnatt/hubble-ui:v0.13.5 (talkedu → upstream → dockerhub)
Error response from daemon: failed to resolve reference "hub.talkedu.cn/kubeauto/hubble-ui:v0.13.5": hub.talkedu.cn/kubeauto/hubble-ui:v0.13.5: not found
Error response from daemon: unknown: failed to resolve reference "docker.io/cilium/hubble-ui:v0.13.5": unexpected status from GET request to https://docker.xuanyuan.me/v2/cilium/hubble-ui/manifests/v0.13.5?ns=docker.io: 429 Too Many Requests
Error response from daemon: unknown: failed to resolve reference "docker.io/brinnatt/hubble-ui:v0.13.5": unexpected status from HEAD request to https://docker.1panel.live/v2/brinnatt/hubble-ui/manifests/v0.13.5?ns=docker.io: 403 Forbidden
[WARN] failed to materialize brinnatt/hubble-ui:v0.13.5
[pull] brinnatt/hubble-ui-backend:v0.13.5 (talkedu → upstream → dockerhub)
Error response from daemon: failed to resolve reference "hub.talkedu.cn/kubeauto/hubble-ui-backend:v0.13.5": hub.talkedu.cn/kubeauto/hubble-ui-backend:v0.13.5: not found
Error response from daemon: unknown: failed to resolve reference "docker.io/cilium/hubble-ui-backend:v0.13.5": unexpected status from GET request to https://docker.xuanyuan.me/v2/cilium/hubble-ui-backend/manifests/v0.13.5?ns=docker.io: 429 Too Many Requests
Error response from daemon: unknown: failed to resolve reference "docker.io/brinnatt/hubble-ui-backend:v0.13.5": unexpected status from HEAD request to https://docker.1panel.live/v2/brinnatt/hubble-ui-backend/manifests/v0.13.5?ns=docker.io: 403 Forbidden
[WARN] failed to materialize brinnatt/hubble-ui-backend:v0.13.5
[pull] brinnatt/flannel:v0.28.4 (talkedu → upstream → dockerhub)
Error response from daemon: failed to resolve reference "hub.talkedu.cn/kubeauto/flannel:v0.28.4": hub.talkedu.cn/kubeauto/flannel:v0.28.4: not found
v0.28.4: Pulling from flannel/flannel
db08dd0324f1: Pulling fs layer
2d35ebdb57d9: Pulling fs layer
ce145e9c74fb: Pulling fs layer
ca7f1c6e17ed: Pulling fs layer
e371a4a17a76: Pulling fs layer
4f4fb700ef54: Pulling fs layer
ca5f5d2b9f8c: Pulling fs layer
9f3ec765d4f1: Pulling fs layer
fcd700784854: Pulling fs layer
75c8aceaa98f: Pulling fs layer
4f4fb700ef54: Already exists
ca7f1c6e17ed: Download complete
75c8aceaa98f: Download complete
fcd700784854: Download complete
e371a4a17a76: Download complete
9f3ec765d4f1: Download complete
2d35ebdb57d9: Download complete
2d35ebdb57d9: Pull complete
db08dd0324f1: Download complete
5376360fce07: Download complete
ce145e9c74fb: Download complete
ce145e9c74fb: Pull complete
9f3ec765d4f1: Pull complete
fcd700784854: Pull complete
Error response from daemon: unknown: failed to resolve reference "docker.io/brinnatt/flannel:v0.28.4": unexpected status from HEAD request to https://docker.1panel.live/v2/brinnatt/flannel/manifests/v0.28.4?ns=docker.io: 403 Forbidden
[WARN] failed to materialize brinnatt/flannel:v0.28.4
[pull] brinnatt/flannel-cni-plugin:v1.8.0-flannel1 (talkedu → upstream → dockerhub)
Error response from daemon: failed to resolve reference "hub.talkedu.cn/kubeauto/flannel-cni-plugin:v1.8.0-flannel1": hub.talkedu.cn/kubeauto/flannel-cni-plugin:v1.8.0-flannel1: not found
v1.8.0-flannel1: Pulling from flannel/flannel-cni-plugin
6a25b7b79a48: Pulling fs layer
d62bb7eb03b5: Pulling fs layer
d183ba2880c0: Download complete
6a25b7b79a48: Download complete
d62bb7eb03b5: Download complete
6a25b7b79a48: Pull complete
d62bb7eb03b5: Pull complete
Digest: sha256:f25152049ddc42580771aa48b8e11379925183b2e77f4b8f449fe19da3773fe0
Status: Downloaded newer image for flannel/flannel-cni-plugin:v1.8.0-flannel1
docker.io/flannel/flannel-cni-plugin:v1.8.0-flannel1
[pull] brinnatt/kube-router:v1.5.4 (talkedu → upstream → dockerhub)
Error response from daemon: failed to resolve reference "hub.talkedu.cn/kubeauto/kube-router:v1.5.4": hub.talkedu.cn/kubeauto/kube-router:v1.5.4: not found
v1.5.4: Pulling from cloudnativelabs/kube-router
4f4fb700ef54: Pulling fs layer
60ae402a96ac: Pulling fs layer
aaf79513865c: Pulling fs layer
c1b9b7ded3a1: Pulling fs layer
3e1971afce2f: Pulling fs layer
64ace1c2c8da: Pulling fs layer
cc601122339c: Pulling fs layer
c19489d47283: Pulling fs layer
91d30c5bc195: Pulling fs layer
4809873bd457: Pulling fs layer
72d12330d140: Pulling fs layer
4f4fb700ef54: Already exists
4f4fb700ef54: Pull complete
eeb488e1e8f1: Download complete
64ace1c2c8da: Download complete
72d12330d140: Download complete
c19489d47283: Download complete
4809873bd457: Download complete
aaf79513865c: Download complete
60ae402a96ac: Download complete
91d30c5bc195: Download complete
91d30c5bc195: Pull complete
cc601122339c: Download complete
3e1971afce2f: Download complete
3e1971afce2f: Pull complete
64ace1c2c8da: Pull complete
c19489d47283: Pull complete
aaf79513865c: Pull complete
60ae402a96ac: Pull complete
c1b9b7ded3a1: Download complete
72d12330d140: Pull complete
4809873bd457: Pull complete
cc601122339c: Pull complete
c1b9b7ded3a1: Pull complete
Digest: sha256:53b10a77f704a30f84c2c2343b5d2dfdc7da5c1d6b118288ec844a13cd746b8b
Status: Downloaded newer image for cloudnativelabs/kube-router:v1.5.4
docker.io/cloudnativelabs/kube-router:v1.5.4
[pull] brinnatt/kube-ovn:v1.11.5 (talkedu → upstream → dockerhub)
Error response from daemon: failed to resolve reference "hub.talkedu.cn/kubeauto/kube-ovn:v1.11.5": hub.talkedu.cn/kubeauto/kube-ovn:v1.11.5: not found
v1.11.5: Pulling from kubeovn/kube-ovn
46c6e78017e0: Pulling fs layer
1bc677758ad7: Pulling fs layer
c77972f50a8e: Pulling fs layer
99b2398d837c: Pulling fs layer
a26a78ca9e42: Pulling fs layer
8ea86c07cc57: Pulling fs layer
e12609f3985c: Pulling fs layer
4f4fb700ef54: Pulling fs layer
4286c028a271: Pulling fs layer
33bb8c651634: Pulling fs layer
c30f1dfab40c: Pulling fs layer
8aabde30ef56: Pulling fs layer
285561cbb674: Pulling fs layer
56c290952557: Pulling fs layer
9e2a64fad22f: Pulling fs layer
339e77d287fe: Pulling fs layer
b36e97d68398: Pulling fs layer
56cfedd6b881: Pulling fs layer
a3dcb01160b8: Pulling fs layer
4f4fb700ef54: Already exists
285561cbb674: Download complete
a3dcb01160b8: Download complete
56c290952557: Download complete
b36e97d68398: Download complete
339e77d287fe: Download complete
56cfedd6b881: Download complete
33bb8c651634: Download complete
46c6e78017e0: Download complete
e12609f3985c: Download complete
4286c028a271: Download complete
99b2398d837c: Download complete
c30f1dfab40c: Download complete
9e2a64fad22f: Download complete
a26a78ca9e42: Download complete
8ea86c07cc57: Download complete
c77972f50a8e: Download complete
8aabde30ef56: Download complete
1bc677758ad7: Download complete
1bc677758ad7: Pull complete
99b2398d837c: Pull complete
c77972f50a8e: Pull complete
a26a78ca9e42: Pull complete
8ea86c07cc57: Pull complete
4f4fb700ef54: Pull complete
285561cbb674: Pull complete
a3dcb01160b8: Pull complete
56c290952557: Pull complete
b36e97d68398: Pull complete
339e77d287fe: Pull complete
56cfedd6b881: Pull complete
33bb8c651634: Pull complete
e12609f3985c: Pull complete
4286c028a271: Pull complete
c30f1dfab40c: Pull complete
8aabde30ef56: Pull complete
46c6e78017e0: Pull complete
9e2a64fad22f: Pull complete
Digest: sha256:8b4b26d6d53c70b7b8d8703d8a30eceb410a0571deeaf3a5c6201094867f0b8a
Status: Downloaded newer image for kubeovn/kube-ovn:v1.11.5
docker.io/kubeovn/kube-ovn:v1.11.5
[pull] brinnatt/dashboard-api:1.14.0 (talkedu → upstream → dockerhub)
Error response from daemon: failed to resolve reference "hub.talkedu.cn/kubeauto/dashboard-api:1.14.0": hub.talkedu.cn/kubeauto/dashboard-api:1.14.0: not found
1.14.0: Pulling from kubernetesui/dashboard-api
979ee4442ee9: Pulling fs layer
161fcab1b4fb: Pulling fs layer
a89bd4258ff3: Pulling fs layer
979ee4442ee9: Download complete
a89bd4258ff3: Download complete
161fcab1b4fb: Download complete
979ee4442ee9: Pull complete
a89bd4258ff3: Pull complete
161fcab1b4fb: Pull complete
35610d2634d3: Download complete
Digest: sha256:96a702cfd3399d9eba23b3d37b09f798a4f51fcd8c8dfa8552c7829ade9c4aff
Status: Downloaded newer image for kubernetesui/dashboard-api:1.14.0
docker.io/kubernetesui/dashboard-api:1.14.0
[pull] brinnatt/dashboard-auth:1.4.0 (talkedu → upstream → dockerhub)
Error response from daemon: failed to resolve reference "hub.talkedu.cn/kubeauto/dashboard-auth:1.4.0": hub.talkedu.cn/kubeauto/dashboard-auth:1.4.0: not found
1.4.0: Pulling from kubernetesui/dashboard-auth
da088272a22a: Pulling fs layer
995e220fe40c: Pulling fs layer
93faaffa8560: Pulling fs layer
f90008f06cb9: Download complete
93faaffa8560: Download complete
da088272a22a: Download complete
995e220fe40c: Download complete
995e220fe40c: Pull complete
93faaffa8560: Pull complete
da088272a22a: Pull complete
Digest: sha256:53e9917898bf98ff2de91f7f9bdedd3545780eb3ac72158889ae031136e9eeff
Status: Downloaded newer image for kubernetesui/dashboard-auth:1.4.0
docker.io/kubernetesui/dashboard-auth:1.4.0
[pull] brinnatt/dashboard-metrics-scraper:1.2.2 (talkedu → upstream → dockerhub)
Error response from daemon: failed to resolve reference "hub.talkedu.cn/kubeauto/dashboard-metrics-scraper:1.2.2": hub.talkedu.cn/kubeauto/dashboard-metrics-scraper:1.2.2: not found
1.2.2: Pulling from kubernetesui/dashboard-metrics-scraper
4bfb1c5f5213: Pulling fs layer
c9b27bd2c132: Pulling fs layer
d3a59e3d645e: Pulling fs layer
4bfb1c5f5213: Download complete
d3a59e3d645e: Download complete
bd9bd2f1ae39: Download complete
c9b27bd2c132: Download complete
4bfb1c5f5213: Pull complete
d3a59e3d645e: Pull complete
c9b27bd2c132: Pull complete
Digest: sha256:5154b68252bd601cf85092b6413cb9db224af1ef89cb53009d2070dfccd30775
Status: Downloaded newer image for kubernetesui/dashboard-metrics-scraper:1.2.2
docker.io/kubernetesui/dashboard-metrics-scraper:1.2.2
[pull] brinnatt/dashboard-web:1.7.0 (talkedu → upstream → dockerhub)
Error response from daemon: failed to resolve reference "hub.talkedu.cn/kubeauto/dashboard-web:1.7.0": hub.talkedu.cn/kubeauto/dashboard-web:1.7.0: not found
1.7.0: Pulling from kubernetesui/dashboard-web
9cf341babd6d: Pulling fs layer
fcf244073548: Pulling fs layer
7d92209f6482: Pulling fs layer
ac9d6367ac55: Pulling fs layer
0df42705e6db: Pulling fs layer
59e0aefd9ab2: Pulling fs layer
59e0aefd9ab2: Download complete
0ebb0b07c2ef: Download complete
7d92209f6482: Download complete
9cf341babd6d: Download complete
7d92209f6482: Pull complete
9cf341babd6d: Pull complete
0df42705e6db: Download complete
ac9d6367ac55: Download complete
ac9d6367ac55: Pull complete
59e0aefd9ab2: Pull complete
0df42705e6db: Pull complete
fcf244073548: Download complete
fcf244073548: Pull complete
Digest: sha256:cc7c31bd2d8470e3590dcb20fe980769b43054b31a5c5c0da606e9add898d85d
Status: Downloaded newer image for kubernetesui/dashboard-web:1.7.0
docker.io/kubernetesui/dashboard-web:1.7.0
[pull] brinnatt/kong:3.9 (talkedu → upstream → dockerhub)
Error response from daemon: failed to resolve reference "hub.talkedu.cn/kubeauto/kong:3.9": hub.talkedu.cn/kubeauto/kong:3.9: not found
3.9: Pulling from library/kong
20b9f3c8656b: Pulling fs layer
ca2678b20700: Pulling fs layer
39a35fd25d80: Pulling fs layer
7dde147da0d9: Pulling fs layer
e54da230467d: Download complete
20b9f3c8656b: Download complete
7dde147da0d9: Download complete
6061662bf04f: Download complete
39a35fd25d80: Download complete
ca2678b20700: Download complete
7dde147da0d9: Pull complete
ca2678b20700: Pull complete
20b9f3c8656b: Pull complete
39a35fd25d80: Pull complete
Digest: sha256:62721edc9669e2a96fe9d188ab8950b9105e69abb033129624a72d3e10da6777
Status: Downloaded newer image for kong:3.9
docker.io/library/kong:3.9
[pull] brinnatt/local-path-provisioner:v0.0.31 (talkedu → upstream → dockerhub)
Error response from daemon: failed to resolve reference "hub.talkedu.cn/kubeauto/local-path-provisioner:v0.0.31": hub.talkedu.cn/kubeauto/local-path-provisioner:v0.0.31: not found
v0.0.31: Pulling from rancher/local-path-provisioner
7224f93b8122: Pulling fs layer
1f3e46996e29: Pulling fs layer
7b714dc9e881: Pulling fs layer
4f4fb700ef54: Pulling fs layer
650aaab400b8: Pulling fs layer
4f4fb700ef54: Already exists
1f3e46996e29: Download complete
7b714dc9e881: Download complete
650aaab400b8: Download complete
4f4fb700ef54: Pull complete
1f3e46996e29: Pull complete
7b714dc9e881: Pull complete
650aaab400b8: Pull complete
2273dcb9f163: Download complete
7224f93b8122: Download complete
7224f93b8122: Pull complete
Digest: sha256:80496fdeb307541007621959aa13aed41d31db9cd2dc4167c19833e0bfa3878c
Status: Downloaded newer image for rancher/local-path-provisioner:v0.0.31
docker.io/rancher/local-path-provisioner:v0.0.31
[pull] brinnatt/ingress-nginx-controller:v1.13.0 (talkedu → upstream → dockerhub)
v1.13.0: Pulling from kubeauto/ingress-nginx-controller
eb0bce10586c: Pulling fs layer
fe07684b16b8: Pulling fs layer
d0bf9173b39f: Pulling fs layer
89219ac6a07a: Pulling fs layer
38225cdca9ae: Pulling fs layer
aaae1dcb40f7: Pulling fs layer
40a4d6e5f956: Pulling fs layer
4f4fb700ef54: Pulling fs layer
d545398b05ca: Pulling fs layer
a49e44849945: Pulling fs layer
69ab8b455ef3: Pulling fs layer
1bc4a1a64c13: Pulling fs layer
e2bae788857d: Pulling fs layer
5fff234cea05: Pulling fs layer
343e8ebaacc6: Pulling fs layer
4f4fb700ef54: Already exists
eb0bce10586c: Download complete
5fff234cea05: Download complete
fe07684b16b8: Download complete
a49e44849945: Download complete
38225cdca9ae: Download complete
d545398b05ca: Download complete
fe07684b16b8: Pull complete
e2bae788857d: Download complete
aaae1dcb40f7: Download complete
680b45645de6: Download complete
69ab8b455ef3: Download complete
89219ac6a07a: Download complete
1bc4a1a64c13: Download complete
40a4d6e5f956: Download complete
343e8ebaacc6: Download complete
d0bf9173b39f: Download complete
d0bf9173b39f: Pull complete
38225cdca9ae: Pull complete
89219ac6a07a: Pull complete
aaae1dcb40f7: Pull complete
4f4fb700ef54: Pull complete
a49e44849945: Pull complete
d545398b05ca: Pull complete
40a4d6e5f956: Pull complete
69ab8b455ef3: Pull complete
5fff234cea05: Pull complete
e2bae788857d: Pull complete
1bc4a1a64c13: Pull complete
eb0bce10586c: Pull complete
343e8ebaacc6: Pull complete
Digest: sha256:6c6b9987feea81486fe54cdc2cb10d4cc9d6448c9da3c41f0c3d0d1578c6584e
Status: Downloaded newer image for hub.talkedu.cn/kubeauto/ingress-nginx-controller:v1.13.0
hub.talkedu.cn/kubeauto/ingress-nginx-controller:v1.13.0
[pull] brinnatt/kube-webhook-certgen:v1.6.0 (talkedu → upstream → dockerhub)
v1.6.0: Pulling from kubeauto/kube-webhook-certgen
26abf4975087: Pulling fs layer
35b9ca8ebca6: Download complete
26abf4975087: Download complete
26abf4975087: Pull complete
Digest: sha256:46b64c6fbf3409e1a19d53808a1e00ff24f72753dee7c1d0235a1bdf2ca4dbba
Status: Downloaded newer image for hub.talkedu.cn/kubeauto/kube-webhook-certgen:v1.6.0
hub.talkedu.cn/kubeauto/kube-webhook-certgen:v1.6.0
[pull] brinnatt/kube-state-metrics:v2.16.0 (talkedu → upstream → dockerhub)
v2.16.0: Pulling from kubeauto/kube-state-metrics
4a9e6ef411a5: Pulling fs layer
0bb081a6cb9e: Download complete
4a9e6ef411a5: Download complete
4a9e6ef411a5: Pull complete
Digest: sha256:d9de01d66bb0be0d882baeabb4e5c18857009dae12fdefaba8f9c1642135e312
Status: Downloaded newer image for hub.talkedu.cn/kubeauto/kube-state-metrics:v2.16.0
hub.talkedu.cn/kubeauto/kube-state-metrics:v2.16.0
[pull] brinnatt/json-mock:v1.3.0 (talkedu → upstream → dockerhub)
v1.3.0: Pulling from kubeauto/json-mock
acccdbe681a8: Pulling fs layer
bd159e379b3b: Pulling fs layer
a563244f6661: Pulling fs layer
3ff9b6766882: Pulling fs layer
0848f0866187: Pulling fs layer
7cdf3f03665b: Pulling fs layer
154e3758048b: Pulling fs layer
acccdbe681a8: Download complete
a563244f6661: Download complete
154e3758048b: Download complete
d83eb7f63bd0: Download complete
7cdf3f03665b: Download complete
0848f0866187: Download complete
bd159e379b3b: Download complete
154e3758048b: Pull complete
bd159e379b3b: Pull complete
3ff9b6766882: Download complete
a563244f6661: Pull complete
7cdf3f03665b: Pull complete
3ff9b6766882: Pull complete
acccdbe681a8: Pull complete
0848f0866187: Pull complete
Digest: sha256:88318193f6860c645cdacaf3b0dd959f2a4611152357d6e76d7b0b83a239eed8
Status: Downloaded newer image for hub.talkedu.cn/kubeauto/json-mock:v1.3.0
hub.talkedu.cn/kubeauto/json-mock:v1.3.0
[pull] brinnatt/alpine-curl:v7.85.0 (talkedu → upstream → dockerhub)
v7.85.0: Pulling from kubeauto/alpine-curl
505a4470f1d8: Pulling fs layer
1b7ca6aea1dd: Pulling fs layer
ce313c0d90c0: Pulling fs layer
ce313c0d90c0: Download complete
62107d8e1994: Download complete
505a4470f1d8: Download complete
1b7ca6aea1dd: Download complete
ce313c0d90c0: Pull complete
1b7ca6aea1dd: Pull complete
505a4470f1d8: Pull complete
Digest: sha256:d79638d117719ed55c24306d10d64d0cf6857643fb3b3b8496334bca5f6aec06
Status: Downloaded newer image for hub.talkedu.cn/kubeauto/alpine-curl:v7.85.0
hub.talkedu.cn/kubeauto/alpine-curl:v7.85.0
[pull] brinnatt/nfs-subdir-external-provisioner:v4.0.2 (talkedu → upstream → dockerhub)
v4.0.2: Pulling from kubeauto/nfs-subdir-external-provisioner
528677575c0b: Pulling fs layer
60775238382e: Pulling fs layer
60775238382e: Download complete
6038a867bff9: Download complete
60775238382e: Pull complete
528677575c0b: Download complete
528677575c0b: Pull complete
Digest: sha256:f9193bd0d549d03f85681be2258e4145a619c7e9d054496fd4ff74fee5f7028a
Status: Downloaded newer image for hub.talkedu.cn/kubeauto/nfs-subdir-external-provisioner:v4.0.2
hub.talkedu.cn/kubeauto/nfs-subdir-external-provisioner:v4.0.2
[pull] brinnatt/grafana:12.0.2 (talkedu → upstream → dockerhub)
Error response from daemon: failed to resolve reference "hub.talkedu.cn/kubeauto/grafana:12.0.2": hub.talkedu.cn/kubeauto/grafana:12.0.2: not found
12.0.2: Pulling from grafana/grafana
538deb30e80c: Pulling fs layer
30bb92ff0608: Pulling fs layer
7009d5001b77: Pulling fs layer
9183b65e90ee: Pulling fs layer
3f8d5c908dcc: Pulling fs layer
807a2e881ecd: Pulling fs layer
85dde7dceb0a: Pulling fs layer
f18232174bc9: Pulling fs layer
04f6155c873d: Pulling fs layer
4a4d0948b0bf: Pulling fs layer
538deb30e80c: Download complete
4a4d0948b0bf: Download complete
7009d5001b77: Download complete
807a2e881ecd: Download complete
9183b65e90ee: Download complete
f18232174bc9: Download complete
9183b65e90ee: Pull complete
f18232174bc9: Pull complete
30bb92ff0608: Download complete
85dde7dceb0a: Download complete
3f8d5c908dcc: Download complete
3f8d5c908dcc: Pull complete
04f6155c873d: Download complete
4a4d0948b0bf: Pull complete
807a2e881ecd: Pull complete
30bb92ff0608: Pull complete
04f6155c873d: Pull complete
538deb30e80c: Pull complete
7009d5001b77: Pull complete
85dde7dceb0a: Pull complete
Digest: sha256:b5b59bfc7561634c2d7b136c4543d702ebcc94a3da477f21ff26f89ffd4214fa
Status: Downloaded newer image for grafana/grafana:12.0.2
docker.io/grafana/grafana:12.0.2
[pull] brinnatt/k8s-sidecar:1.30.5 (talkedu → upstream → dockerhub)
Error response from daemon: failed to resolve reference "hub.talkedu.cn/kubeauto/k8s-sidecar:1.30.5": hub.talkedu.cn/kubeauto/k8s-sidecar:1.30.5: not found
1.30.5: Pulling from kiwigrid/k8s-sidecar
6886907de79c: Pulling fs layer
84470aa48fb7: Pulling fs layer
cc45a8055a8b: Pulling fs layer
bfc934c9fbaf: Pulling fs layer
b83c0d8b8ec1: Pulling fs layer
5c4986adddbb: Download complete
bfc934c9fbaf: Download complete
b83c0d8b8ec1: Download complete
84470aa48fb7: Download complete
84470aa48fb7: Pull complete
6886907de79c: Download complete
cc45a8055a8b: Download complete
bfc934c9fbaf: Pull complete
b83c0d8b8ec1: Pull complete
cc45a8055a8b: Pull complete
6886907de79c: Pull complete
Digest: sha256:b50fb46b5b3291fb82e85429781a27a5c36fe97f330908afe00652ee6c425459
Status: Downloaded newer image for quay.io/kiwigrid/k8s-sidecar:1.30.5
quay.io/kiwigrid/k8s-sidecar:1.30.5
[pull] brinnatt/prometheus-config-reloader:v0.83.0 (talkedu → upstream → dockerhub)
Error response from daemon: failed to resolve reference "hub.talkedu.cn/kubeauto/prometheus-config-reloader:v0.83.0": hub.talkedu.cn/kubeauto/prometheus-config-reloader:v0.83.0: not found
v0.83.0: Pulling from prometheus-operator/prometheus-config-reloader
47b9a888258b: Pulling fs layer
9fa9226be034: Pulling fs layer
1617e25568b2: Pulling fs layer
1617e25568b2: Download complete
9fa9226be034: Download complete
9fa9226be034: Pull complete
1617e25568b2: Pull complete
47b9a888258b: Download complete
47b9a888258b: Pull complete
Digest: sha256:78aec597d87aa2b4ba947ab9190538dae93a58a67b8e930aefea1086534b02ef
Status: Downloaded newer image for quay.io/prometheus-operator/prometheus-config-reloader:v0.83.0
quay.io/prometheus-operator/prometheus-config-reloader:v0.83.0
[pull] brinnatt/prometheus-operator:v0.83.0 (talkedu → upstream → dockerhub)
Error response from daemon: failed to resolve reference "hub.talkedu.cn/kubeauto/prometheus-operator:v0.83.0": hub.talkedu.cn/kubeauto/prometheus-operator:v0.83.0: not found
v0.83.0: Pulling from prometheus-operator/prometheus-operator
fa4e7c59a0d4: Pulling fs layer
fa4e7c59a0d4: Download complete
fa4e7c59a0d4: Pull complete
Digest: sha256:b6a89b8ec08f4cca759b2d579e8545f97ffb897973fcd68148c153f2e936c8b3
Status: Downloaded newer image for quay.io/prometheus-operator/prometheus-operator:v0.83.0
quay.io/prometheus-operator/prometheus-operator:v0.83.0
[pull] brinnatt/alertmanager:v0.28.1 (talkedu → upstream → dockerhub)
Error response from daemon: failed to resolve reference "hub.talkedu.cn/kubeauto/alertmanager:v0.28.1": hub.talkedu.cn/kubeauto/alertmanager:v0.28.1: not found
v0.28.1: Pulling from prometheus/alertmanager
4f4fb700ef54: Pulling fs layer
545c14a5a415: Pulling fs layer
6fcbfeb5877c: Pulling fs layer
a9c7f41169bf: Pulling fs layer
5759234535c5: Pulling fs layer
4f4fb700ef54: Already exists
4f4fb700ef54: Pull complete
a9c7f41169bf: Download complete
5759234535c5: Download complete
545c14a5a415: Download complete
545c14a5a415: Pull complete
6fcbfeb5877c: Download complete
6fcbfeb5877c: Pull complete
a9c7f41169bf: Pull complete
5759234535c5: Pull complete
Digest: sha256:27c475db5fb156cab31d5c18a4251ac7ed567746a2483ff264516437a39b15ba
Status: Downloaded newer image for quay.io/prometheus/alertmanager:v0.28.1
quay.io/prometheus/alertmanager:v0.28.1
[pull] brinnatt/node-exporter:v1.9.1 (talkedu → upstream → dockerhub)
Error response from daemon: failed to resolve reference "hub.talkedu.cn/kubeauto/node-exporter:v1.9.1": hub.talkedu.cn/kubeauto/node-exporter:v1.9.1: not found
v1.9.1: Pulling from prometheus/node-exporter
c6e37428e3b3: Pulling fs layer
c6e37428e3b3: Download complete
c6e37428e3b3: Pull complete
Digest: sha256:d00a542e409ee618a4edc67da14dd48c5da66726bbd5537ab2af9c1dfc442c8a
Status: Downloaded newer image for quay.io/prometheus/node-exporter:v1.9.1
quay.io/prometheus/node-exporter:v1.9.1
[pull] brinnatt/prometheus:v3.4.2 (talkedu → upstream → dockerhub)
Error response from daemon: failed to resolve reference "hub.talkedu.cn/kubeauto/prometheus:v3.4.2": hub.talkedu.cn/kubeauto/prometheus:v3.4.2: not found
v3.4.2: Pulling from prometheus/prometheus
4d90f494fa79: Pulling fs layer
0185f950e16a: Pulling fs layer
158b50c376bf: Pulling fs layer
d809dcb8449d: Pulling fs layer
ab5dc859c1b7: Pulling fs layer
f1456f6dac0f: Pulling fs layer
7bde2424dadc: Pulling fs layer
d8261d2395d6: Pulling fs layer
d8261d2395d6: Download complete
ab5dc859c1b7: Download complete
4d90f494fa79: Download complete
f1456f6dac0f: Download complete
d809dcb8449d: Download complete
7bde2424dadc: Download complete
0185f950e16a: Download complete
0185f950e16a: Pull complete
158b50c376bf: Download complete
ab5dc859c1b7: Pull complete
d809dcb8449d: Pull complete
158b50c376bf: Pull complete
d8261d2395d6: Pull complete
4d90f494fa79: Pull complete
f1456f6dac0f: Pull complete
7bde2424dadc: Pull complete
Digest: sha256:3b1d5be5c3eef4f027665ddaa3b1a7de8a58d96a0a6de5dd45629afd267ecaf0
Status: Downloaded newer image for quay.io/prometheus/prometheus:v3.4.2
quay.io/prometheus/prometheus:v3.4.2
[pull] brinnatt/prometheus-webhook-dingtalk:v0.3.0 (talkedu → upstream → dockerhub)
Error response from daemon: failed to resolve reference "hub.talkedu.cn/kubeauto/prometheus-webhook-dingtalk:v0.3.0": hub.talkedu.cn/kubeauto/prometheus-webhook-dingtalk:v0.3.0: not found
Error response from daemon: not implemented: media type "application/vnd.docker.distribution.manifest.v1+prettyjws" is no longer supported since containerd v2.1, please rebuild the image as "application/vnd.docker.distribution.manifest.v2+json" or "application/vnd.oci.image.manifest.v1+json"
Error response from daemon: unknown: failed to resolve reference "docker.io/brinnatt/prometheus-webhook-dingtalk:v0.3.0": unexpected status from HEAD request to https://docker.1panel.live/v2/brinnatt/prometheus-webhook-dingtalk/manifests/v0.3.0?ns=docker.io: 403 Forbidden
[WARN] failed to materialize brinnatt/prometheus-webhook-dingtalk:v0.3.0
BOOTSTRAP_BRINATT_OK fails=6
[2026-07-16 12:39:09] [INFO] [service.cluster.downloader] [DOWNLOAD] Default images: uploading 7 image(s) to local registry.
[2026-07-16 12:39:09] [INFO] [service.cluster.registry] [REGISTRY] Uploading 7 image(s) to local registry.
[2026-07-16 12:39:09] [INFO] [service.cluster.registry] [REGISTRY] [1/7] Image: brinnatt/calico-cni:v3.28.4
[2026-07-16 12:39:09] [INFO] [service.cluster.registry] [REGISTRY]   -> Image exists locally; skipping pull.
[2026-07-16 12:39:09] [INFO] [service.cluster.registry] [REGISTRY]   -> Tagging and pushing to local registry.
[2026-07-16 12:39:09] [INFO] [service.cluster.docker] [UPLOAD] Pushing image: registry.talkschool.cn:5000/brinnatt/calico-cni:v3.28.4
The push refers to repository [registry.talkschool.cn:5000/brinnatt/calico-cni]
4f4fb700ef54: Unavailable
2772ed331197: Unavailable
b9043961d354: Unavailable
[2026-07-16 12:39:09] [ERROR] [service.cluster.registry] [REGISTRY]   -> Failed: brinnatt/calico-cni:v3.28.4 — failed to do request: Head "https://registry.talkschool.cn:5000/v2/brinnatt/calico-cni/blobs/sha256:4f4fb700ef54461cfa02571ae0db9a0dc1e0cdb5577484a6d75e68dc38e8acc1": dial tcp 127.0.0.1:5000: connect: connection refused
[2026-07-16 12:39:09] [ERROR] [service.cluster.downloader] [DOWNLOAD] Failed to upload default images — failed to do request: Head "https://registry.talkschool.cn:5000/v2/brinnatt/calico-cni/blobs/sha256:4f4fb700ef54461cfa02571ae0db9a0dc1e0cdb5577484a6d75e68dc38e8acc1": dial tcp 127.0.0.1:5000: connect: connection refused
[2026-07-16 12:39:09] [ERROR] [controller.cluster.cli] Failed to upload images: failed to do request: Head "https://registry.talkschool.cn:5000/v2/brinnatt/calico-cni/blobs/sha256:4f4fb700ef54461cfa02571ae0db9a0dc1e0cdb5577484a6d75e68dc38e8acc1": dial tcp 127.0.0.1:5000: connect: connection refused
