========== PHASE 0: local unit tests (G0) ==========
>>> bash /projects/kubeauto/tests/run_unit_tests.sh
test_parse_ansible_core_version (test_ansible_python.TestAnsibleCoreParsing) ... ok
test_parse_ansible_core_version_missing (test_ansible_python.TestAnsibleCoreParsing) ... ok
test_policy_fails_fast_when_detection_breaks (test_ansible_python.TestAnsiblePythonPolicy) ... ok
test_policy_resolves_from_ansible_version (test_ansible_python.TestAnsiblePythonPolicy) ... ok
test_probe_reports_missing_ansible_in_path (test_ansible_python.TestAnsiblePythonPolicy) ... ok
test_python_meets_spec (test_ansible_python.TestInterpreterValidation) ... ok
test_validate_local_interpreter (test_ansible_python.TestInterpreterValidation) ... ok
test_validate_remote_interpreter_version (test_ansible_python.TestInterpreterValidation) ... ok
test_matrix_2_16_target_runtime_min (test_ansible_python.TestSupportMatrix) ... ok
test_matrix_2_17_target_runtime_min (test_ansible_python.TestSupportMatrix) ... ok
test_capture_alias_is_supported (test_run_command.TestRunCommand)
Regression: capture=True must not leak to subprocess.run as invalid kwarg. ... ok
test_capture_output_default_captures_stdout (test_run_command.TestRunCommand) ... ok
test_capture_output_explicit (test_run_command.TestRunCommand) ... ok

----------------------------------------------------------------------
Ran 13 tests in 0.004s

OK
[PASS] G0-local-unit
========== PHASE 1: sync source to 147 + 136 ==========
>>> bash /projects/kubeauto/tests/helpers/sync-kubeauto.sh ubuntu@192.168.47.147 123456
sync_ok
Synced to ubuntu@192.168.47.147:/usr/local/kubeauto
>>> bash /projects/kubeauto/tests/helpers/sync-kubeauto.sh root@192.168.47.136 123456
sync_ok
Synced to root@192.168.47.136:/usr/local/kubeauto
[PASS] G0-deploy-sync
========== PHASE 2: 147 preflight (G0/G1) ==========
Ansible Python policy (ansible-core 2.17): control node Python >=3.10, target module runtime Python >=3.9
test_parse_ansible_core_version (test_ansible_python.TestAnsibleCoreParsing) ... ok
test_parse_ansible_core_version_missing (test_ansible_python.TestAnsibleCoreParsing) ... ok
test_policy_fails_fast_when_detection_breaks (test_ansible_python.TestAnsiblePythonPolicy) ... ok
test_policy_resolves_from_ansible_version (test_ansible_python.TestAnsiblePythonPolicy) ... ok
test_probe_reports_missing_ansible_in_path (test_ansible_python.TestAnsiblePythonPolicy) ... ok
test_python_meets_spec (test_ansible_python.TestInterpreterValidation) ... ok
test_validate_local_interpreter (test_ansible_python.TestInterpreterValidation) ... ok
test_validate_remote_interpreter_version (test_ansible_python.TestInterpreterValidation) ... ok
test_matrix_2_16_target_runtime_min (test_ansible_python.TestSupportMatrix) ... ok
test_matrix_2_17_target_runtime_min (test_ansible_python.TestSupportMatrix) ... ok
test_capture_alias_is_supported (test_run_command.TestRunCommand)
Regression: capture=True must not leak to subprocess.run as invalid kwarg. ... ok
test_capture_output_default_captures_stdout (test_run_command.TestRunCommand) ... ok
test_capture_output_explicit (test_run_command.TestRunCommand) ... ok

----------------------------------------------------------------------
Ran 13 tests in 0.004s

OK
[2026-07-12 23:40:38] [INFO] [controller.cluster.cli] v0.1.1
[2026-07-12 23:40:38] [INFO] [controller.cluster.cli] Managed clusters:
[2026-07-12 23:40:38] [INFO] [controller.cluster.cli]   -> 1: aio
[2026-07-12 23:40:38] [INFO] [controller.cluster.cli]   -> 2: debian150
[2026-07-12 23:40:38] [INFO] [controller.cluster.cli]   -> 3: test-ded-etcd
[2026-07-12 23:40:38] [INFO] [controller.cluster.cli]   -> 4: test-ha
[2026-07-12 23:40:38] [INFO] [controller.cluster.cli] * -> 5: test141
PREFLIGHT_OK
[PASS] G0-147-preflight
========== PHASE 3: 136 jumper preflight + k8s-dev (G7) ==========
Ansible Python policy (ansible-core 2.16): control node Python >=3.10, target module runtime Python >=3.8
test_parse_ansible_core_version (test_ansible_python.TestAnsibleCoreParsing.test_parse_ansible_core_version) ... ok
test_parse_ansible_core_version_missing (test_ansible_python.TestAnsibleCoreParsing.test_parse_ansible_core_version_missing) ... ok
test_policy_fails_fast_when_detection_breaks (test_ansible_python.TestAnsiblePythonPolicy.test_policy_fails_fast_when_detection_breaks) ... ok
test_policy_resolves_from_ansible_version (test_ansible_python.TestAnsiblePythonPolicy.test_policy_resolves_from_ansible_version) ... ok
test_probe_reports_missing_ansible_in_path (test_ansible_python.TestAnsiblePythonPolicy.test_probe_reports_missing_ansible_in_path) ... ok
test_python_meets_spec (test_ansible_python.TestInterpreterValidation.test_python_meets_spec) ... ok
test_validate_local_interpreter (test_ansible_python.TestInterpreterValidation.test_validate_local_interpreter) ... ok
test_validate_remote_interpreter_version (test_ansible_python.TestInterpreterValidation.test_validate_remote_interpreter_version) ... ok
test_matrix_2_16_target_runtime_min (test_ansible_python.TestSupportMatrix.test_matrix_2_16_target_runtime_min) ... ok
test_matrix_2_17_target_runtime_min (test_ansible_python.TestSupportMatrix.test_matrix_2_17_target_runtime_min) ... ok
test_capture_alias_is_supported (test_run_command.TestRunCommand.test_capture_alias_is_supported)
Regression: capture=True must not leak to subprocess.run as invalid kwarg. ... ok
test_capture_output_default_captures_stdout (test_run_command.TestRunCommand.test_capture_output_default_captures_stdout) ... ok
test_capture_output_explicit (test_run_command.TestRunCommand.test_capture_output_explicit) ... ok

----------------------------------------------------------------------
Ran 13 tests in 0.004s

OK
Traceback (most recent call last):
  File "/usr/local/kubeauto/kubecli.py", line 1, in <module>
    from controller.cluster.cli import KubeautoCLI
  File "/usr/local/kubeauto/controller/cluster/cli.py", line 9, in <module>
    from taskflow.patterns import linear_flow
ModuleNotFoundError: No module named 'taskflow'
