========== PHASE 0: local unit tests (G0) ==========
>>> bash /projects/kubeauto/tests/run_unit_tests.sh
test_parse_ansible_core_version (test_ansible_python.TestAnsibleCoreParsing) ... ok
test_parse_ansible_core_version_missing (test_ansible_python.TestAnsibleCoreParsing) ... ok
test_policy_fails_fast_when_detection_breaks (test_ansible_python.TestAnsiblePythonPolicy) ... ok
test_policy_resolves_from_ansible_version (test_ansible_python.TestAnsiblePythonPolicy) ... ok
test_probe_reports_missing_ansible_in_path (test_ansible_python.TestAnsiblePythonPolicy) ... ok
test_python_meets_spec (test_ansible_python.TestInterpreterValidation) ... ok
test_validate_local_interpreter (test_ansible_python.TestInterpreterValidation) ... ok
test_validate_remote_interpreter_version (test_ansible_python.TestInterpreterValidation) ... ok
test_matrix_2_16_target_runtime_min (test_ansible_python.TestSupportMatrix) ... ok
test_matrix_2_17_target_runtime_min (test_ansible_python.TestSupportMatrix) ... ok
test_all_component_images_are_brinnatt (test_brinnatt_image_contract.TestBrinnattImageContract) ... ok
test_default_images_are_brinnatt (test_brinnatt_image_contract.TestBrinnattImageContract) ... ok
test_cluster_after_flags (test_cli_completion.TestCliCompletion) ... ok
test_cluster_positional_still_works (test_cli_completion.TestCliCompletion) ... ok
test_completion_shells (test_cli_completion.TestCliCompletion) ... ok
test_docker_flags (test_cli_completion.TestCliCompletion) ... ok
test_download_long_flags_on_double_dash (test_cli_completion.TestCliCompletion) ... ok
test_download_prefix_filters_long (test_cli_completion.TestCliCompletion) ... ok
test_download_short_flags_on_dash (test_cli_completion.TestCliCompletion) ... ok
test_flag_prefix_does_not_steal_cluster_when_not_dash (test_cli_completion.TestCliCompletion) ... ok
test_kcfg_adm_mutex_hides_siblings (test_cli_completion.TestCliCompletion) ... ok
test_kcfg_adm_type_choices (test_cli_completion.TestCliCompletion) ... ok
test_kcfg_adm_type_equals_form (test_cli_completion.TestCliCompletion) ... ok
test_setup_steps_still_work (test_cli_completion.TestCliCompletion) ... ok
test_system_long_only_options (test_cli_completion.TestCliCompletion) ... ok
test_top_level_subcommands (test_cli_completion.TestCliCompletion) ... ok
test_used_flag_not_suggested_again (test_cli_completion.TestCliCompletion) ... ok
test_wait_for_daemon_ready_retries_until_sdk_ok (test_docker_daemon.TestDockerDaemonReady) ... ok
test_wait_for_daemon_ready_succeeds_on_first_ping (test_docker_daemon.TestDockerDaemonReady) ... ok
test_wait_for_daemon_ready_times_out (test_docker_daemon.TestDockerDaemonReady) ... [2026-07-16 12:55:03] [WARNING] [service.cluster.docker] Docker daemon not ready after 0.2s (docker info / SDK ping).
ok
test_execute_pull_sdk_fallback_uses_warning (test_docker_daemon.TestPullImage) ... ok
test_pull_image_logs_error_on_failure (test_docker_daemon.TestPullImage) ... ok
test_sdk_fallback_message_is_not_init_failure (test_docker_daemon.TestPullImage) ... ok
test_all_sources_fail_logs_error (test_registry_pull_sources.TestRegistryPullSources) ... ok
test_brinnatt_candidates_talkedu_first (test_registry_pull_sources.TestRegistryPullSources) ... ok
test_intermediate_failure_warning_final_error (test_registry_pull_sources.TestRegistryPullSources) ... ok
test_upstream_fallback_after_talkedu_and_hub (test_registry_pull_sources.TestRegistryPullSources)
Migrated images: talkedu → brinnatt hub → upstream origin. ... ok
test_capture_alias_is_supported (test_run_command.TestRunCommand)
Regression: capture=True must not leak to subprocess.run as invalid kwarg. ... ok
test_capture_output_default_captures_stdout (test_run_command.TestRunCommand) ... ok
test_capture_output_explicit (test_run_command.TestRunCommand) ... ok
test_default_tag_latest (test_talkedu_mirror.TestTalkeduMirror) ... ok
test_ignores_non_brinnatt (test_talkedu_mirror.TestTalkeduMirror) ... ok
test_maps_brinnatt_to_talkedu (test_talkedu_mirror.TestTalkeduMirror) ... ok
test_maps_migrated_defaults (test_talkedu_mirror.TestTalkeduMirror) ... ok
test_pull_order_talkedu_before_dockerhub (test_talkedu_mirror.TestTalkeduMirror)
CN production: hub.talkedu.cn first, Docker Hub brinnatt/* as fallback. ... ok

----------------------------------------------------------------------
Ran 45 tests in 0.327s

OK
[PASS] G0-local-unit
========== PHASE 1: sync source to 147 + 136 ==========
>>> bash /projects/kubeauto/tests/helpers/sync-kubeauto.sh ubuntu@192.168.47.147 123456
sync_ok
Synced to ubuntu@192.168.47.147:/usr/local/kubeauto
>>> bash /projects/kubeauto/tests/helpers/sync-kubeauto.sh root@192.168.47.136 123456
sync_ok
Synced to root@192.168.47.136:/usr/local/kubeauto
[PASS] G0-deploy-sync
========== PHASE 1b: bootstrap brinnatt mirrors + upload defaults ==========
[skip] brinnatt/calico-cni:v3.28.4
[skip] brinnatt/calico-node:v3.28.4
[skip] brinnatt/calico-kube-controllers:v3.28.4
[skip] brinnatt/coredns:1.12.4
[skip] brinnatt/registry:2
[skip] brinnatt/pause:3.10
[skip] brinnatt/metrics-server:v0.8.0
[skip] brinnatt/k8s-dns-node-cache:1.26.4
[skip] brinnatt/cilium:v1.19.5
[skip] brinnatt/cilium-operator-generic:v1.19.5
[skip] brinnatt/flannel:v0.28.4
[skip] brinnatt/flannel-cni-plugin:v1.8.0-flannel1
[skip] brinnatt/kube-router:v1.5.4
[skip] brinnatt/kube-ovn:v1.11.5
BOOTSTRAP_BRINATT_OK mode=essential fails=0
[2026-07-16 12:55:06] [INFO] [service.cluster.downloader] [DOWNLOAD] Default images: uploading 7 image(s) to local registry.
[2026-07-16 12:55:06] [INFO] [service.cluster.registry] [REGISTRY] Uploading 7 image(s) to local registry.
[2026-07-16 12:55:06] [INFO] [service.cluster.registry] [REGISTRY] [1/7] Image: brinnatt/calico-cni:v3.28.4
[2026-07-16 12:55:06] [INFO] [service.cluster.registry] [REGISTRY]   -> Image exists locally; skipping pull.
[2026-07-16 12:55:06] [INFO] [service.cluster.registry] [REGISTRY]   -> Tagging and pushing to local registry.
[2026-07-16 12:55:06] [INFO] [service.cluster.docker] [UPLOAD] Pushing image: registry.talkschool.cn:5000/brinnatt/calico-cni:v3.28.4
The push refers to repository [registry.talkschool.cn:5000/brinnatt/calico-cni]
4f4fb700ef54: Unavailable
2772ed331197: Unavailable
b9043961d354: Unavailable
[2026-07-16 12:55:06] [ERROR] [service.cluster.registry] [REGISTRY]   -> Failed: brinnatt/calico-cni:v3.28.4 — failed to do request: Head "https://registry.talkschool.cn:5000/v2/brinnatt/calico-cni/blobs/sha256:2772ed331197945b128034cf9c845beb66b14edb194239bcb82ec6bd6d2ddd61": dial tcp 127.0.0.1:5000: connect: connection refused
[2026-07-16 12:55:06] [ERROR] [service.cluster.downloader] [DOWNLOAD] Failed to upload default images — failed to do request: Head "https://registry.talkschool.cn:5000/v2/brinnatt/calico-cni/blobs/sha256:2772ed331197945b128034cf9c845beb66b14edb194239bcb82ec6bd6d2ddd61": dial tcp 127.0.0.1:5000: connect: connection refused
[2026-07-16 12:55:06] [ERROR] [controller.cluster.cli] Failed to upload images: failed to do request: Head "https://registry.talkschool.cn:5000/v2/brinnatt/calico-cni/blobs/sha256:2772ed331197945b128034cf9c845beb66b14edb194239bcb82ec6bd6d2ddd61": dial tcp 127.0.0.1:5000: connect: connection refused
