========== PHASE 0: local unit tests (G0) ==========
>>> bash /projects/kubeauto/tests/run_unit_tests.sh
test_parse_ansible_core_version (test_ansible_python.TestAnsibleCoreParsing) ... ok
test_parse_ansible_core_version_missing (test_ansible_python.TestAnsibleCoreParsing) ... ok
test_policy_fails_fast_when_detection_breaks (test_ansible_python.TestAnsiblePythonPolicy) ... ok
test_policy_resolves_from_ansible_version (test_ansible_python.TestAnsiblePythonPolicy) ... ok
test_probe_reports_missing_ansible_in_path (test_ansible_python.TestAnsiblePythonPolicy) ... ok
test_python_meets_spec (test_ansible_python.TestInterpreterValidation) ... ok
test_validate_local_interpreter (test_ansible_python.TestInterpreterValidation) ... ok
test_validate_remote_interpreter_version (test_ansible_python.TestInterpreterValidation) ... ok
test_matrix_2_16_target_runtime_min (test_ansible_python.TestSupportMatrix) ... ok
test_matrix_2_17_target_runtime_min (test_ansible_python.TestSupportMatrix) ... ok
test_all_component_images_are_brinnatt (test_brinnatt_image_contract.TestBrinnattImageContract) ... ok
test_default_images_are_brinnatt (test_brinnatt_image_contract.TestBrinnattImageContract) ... ok
test_cluster_after_flags (test_cli_completion.TestCliCompletion) ... ok
test_cluster_positional_still_works (test_cli_completion.TestCliCompletion) ... ok
test_completion_shells (test_cli_completion.TestCliCompletion) ... ok
test_docker_flags (test_cli_completion.TestCliCompletion) ... ok
test_download_long_flags_on_double_dash (test_cli_completion.TestCliCompletion) ... ok
test_download_prefix_filters_long (test_cli_completion.TestCliCompletion) ... ok
test_download_short_flags_on_dash (test_cli_completion.TestCliCompletion) ... ok
test_flag_prefix_does_not_steal_cluster_when_not_dash (test_cli_completion.TestCliCompletion) ... ok
test_kcfg_adm_mutex_hides_siblings (test_cli_completion.TestCliCompletion) ... ok
test_kcfg_adm_type_choices (test_cli_completion.TestCliCompletion) ... ok
test_kcfg_adm_type_equals_form (test_cli_completion.TestCliCompletion) ... ok
test_setup_steps_still_work (test_cli_completion.TestCliCompletion) ... ok
test_system_long_only_options (test_cli_completion.TestCliCompletion) ... ok
test_top_level_subcommands (test_cli_completion.TestCliCompletion) ... ok
test_used_flag_not_suggested_again (test_cli_completion.TestCliCompletion) ... ok
test_wait_for_daemon_ready_retries_until_sdk_ok (test_docker_daemon.TestDockerDaemonReady) ... ok
test_wait_for_daemon_ready_succeeds_on_first_ping (test_docker_daemon.TestDockerDaemonReady) ... ok
test_wait_for_daemon_ready_times_out (test_docker_daemon.TestDockerDaemonReady) ... [2026-07-16 16:36:25] [WARNING] [service.cluster.docker] Docker daemon not ready after 0.2s (docker info / SDK ping).
ok
test_execute_pull_sdk_fallback_uses_warning (test_docker_daemon.TestPullImage) ... ok
test_pull_image_logs_error_on_failure (test_docker_daemon.TestPullImage) ... ok
test_sdk_fallback_message_is_not_init_failure (test_docker_daemon.TestPullImage) ... ok
test_all_sources_fail_logs_error (test_registry_pull_sources.TestRegistryPullSources) ... ok
test_brinnatt_candidates_talkedu_first (test_registry_pull_sources.TestRegistryPullSources) ... ok
test_intermediate_failure_warning_final_error (test_registry_pull_sources.TestRegistryPullSources) ... ok
test_upstream_fallback_after_talkedu_and_hub (test_registry_pull_sources.TestRegistryPullSources)
Migrated images: talkedu → brinnatt hub → upstream origin. ... ok
test_capture_alias_is_supported (test_run_command.TestRunCommand)
Regression: capture=True must not leak to subprocess.run as invalid kwarg. ... ok
test_capture_output_default_captures_stdout (test_run_command.TestRunCommand) ... ok
test_capture_output_explicit (test_run_command.TestRunCommand) ... ok
test_default_tag_latest (test_talkedu_mirror.TestTalkeduMirror) ... ok
test_ignores_non_brinnatt (test_talkedu_mirror.TestTalkeduMirror) ... ok
test_maps_brinnatt_to_talkedu (test_talkedu_mirror.TestTalkeduMirror) ... ok
test_maps_migrated_defaults (test_talkedu_mirror.TestTalkeduMirror) ... ok
test_pull_order_talkedu_before_dockerhub (test_talkedu_mirror.TestTalkeduMirror)
CN production: hub.talkedu.cn first, Docker Hub brinnatt/* as fallback. ... ok

----------------------------------------------------------------------
Ran 45 tests in 0.347s

OK
[PASS] G0-local-unit
========== PHASE 1: sync source to 147 + 136 ==========
>>> bash /projects/kubeauto/tests/helpers/sync-kubeauto.sh ubuntu@192.168.47.147 123456
sync_ok
Synced to ubuntu@192.168.47.147:/usr/local/kubeauto
>>> bash /projects/kubeauto/tests/helpers/sync-kubeauto.sh root@192.168.47.136 123456
sync_ok
Synced to root@192.168.47.136:/usr/local/kubeauto
[PASS] G0-deploy-sync
========== PHASE 1b: bootstrap brinnatt mirrors + upload defaults ==========
[skip] brinnatt/calico-cni:v3.28.4
[skip] brinnatt/calico-node:v3.28.4
[skip] brinnatt/calico-kube-controllers:v3.28.4
[skip] brinnatt/coredns:1.12.4
[skip] brinnatt/registry:2
[skip] brinnatt/pause:3.10
[skip] brinnatt/metrics-server:v0.8.0
[skip] brinnatt/k8s-dns-node-cache:1.26.4
[skip] brinnatt/cilium:v1.19.5
[skip] brinnatt/cilium-operator-generic:v1.19.5
[skip] brinnatt/flannel:v0.28.4
[skip] brinnatt/flannel-cni-plugin:v1.8.0-flannel1
[skip] brinnatt/kube-router:v1.5.4
[skip] brinnatt/kube-ovn:v1.11.5
BOOTSTRAP_BRINATT_OK mode=essential fails=0
[2026-07-16 16:36:28] [INFO] [service.cluster.downloader] [DOWNLOAD] Default images: uploading 7 image(s) to local registry.
[2026-07-16 16:36:28] [WARNING] [service.cluster.registry] [REGISTRY] Local registry already running; skipping.
[2026-07-16 16:36:28] [INFO] [service.cluster.registry] [REGISTRY] Uploading 7 image(s) to local registry.
[2026-07-16 16:36:28] [INFO] [service.cluster.registry] [REGISTRY] [1/7] Image: brinnatt/calico-cni:v3.28.4
[2026-07-16 16:36:28] [INFO] [service.cluster.registry] [REGISTRY]   -> Image exists locally; skipping pull.
[2026-07-16 16:36:28] [INFO] [service.cluster.registry] [REGISTRY]   -> Tagging and pushing to local registry.
[2026-07-16 16:36:28] [INFO] [service.cluster.docker] [UPLOAD] Pushing image: registry.talkschool.cn:5000/brinnatt/calico-cni:v3.28.4
The push refers to repository [registry.talkschool.cn:5000/brinnatt/calico-cni]
4f4fb700ef54: Layer already exists
2772ed331197: Layer already exists
b9043961d354: Layer already exists
v3.28.4: digest: sha256:55818ec0c4bdfc1467805659b04eeddefc7c8539e192944c4141d4363a8fab4e size: 946
[2026-07-16 16:36:28] [INFO] [service.cluster.docker] [UPLOAD] Pushed successfully: registry.talkschool.cn:5000/brinnatt/calico-cni:v3.28.4
[2026-07-16 16:36:28] [INFO] [service.cluster.registry] [REGISTRY]   -> Done: brinnatt/calico-cni:v3.28.4.
[2026-07-16 16:36:28] [INFO] [service.cluster.registry] [REGISTRY] [2/7] Image: brinnatt/calico-kube-controllers:v3.28.4
[2026-07-16 16:36:28] [INFO] [service.cluster.registry] [REGISTRY]   -> Image exists locally; skipping pull.
[2026-07-16 16:36:28] [INFO] [service.cluster.registry] [REGISTRY]   -> Tagging and pushing to local registry.
[2026-07-16 16:36:28] [INFO] [service.cluster.docker] [UPLOAD] Pushing image: registry.talkschool.cn:5000/brinnatt/calico-kube-controllers:v3.28.4
The push refers to repository [registry.talkschool.cn:5000/brinnatt/calico-kube-controllers]
914be66db056: Layer already exists
2772ed331197: Layer already exists
v3.28.4: digest: sha256:1c07cc091d70a525b305e84c3c83086046b71875fb07ffafb8154301cde1f2ee size: 740
[2026-07-16 16:36:28] [INFO] [service.cluster.docker] [UPLOAD] Pushed successfully: registry.talkschool.cn:5000/brinnatt/calico-kube-controllers:v3.28.4
[2026-07-16 16:36:28] [INFO] [service.cluster.registry] [REGISTRY]   -> Done: brinnatt/calico-kube-controllers:v3.28.4.
[2026-07-16 16:36:28] [INFO] [service.cluster.registry] [REGISTRY] [3/7] Image: brinnatt/calico-node:v3.28.4
[2026-07-16 16:36:28] [INFO] [service.cluster.registry] [REGISTRY]   -> Image exists locally; skipping pull.
[2026-07-16 16:36:28] [INFO] [service.cluster.registry] [REGISTRY]   -> Tagging and pushing to local registry.
[2026-07-16 16:36:28] [INFO] [service.cluster.docker] [UPLOAD] Pushing image: registry.talkschool.cn:5000/brinnatt/calico-node:v3.28.4
The push refers to repository [registry.talkschool.cn:5000/brinnatt/calico-node]
385e82df3dbc: Layer already exists
v3.28.4: digest: sha256:cec640f3131eb91fece8b7dc14f5241b5192fe7faa107f91e2497c09332b96c8 size: 530
[2026-07-16 16:36:28] [INFO] [service.cluster.docker] [UPLOAD] Pushed successfully: registry.talkschool.cn:5000/brinnatt/calico-node:v3.28.4
[2026-07-16 16:36:28] [INFO] [service.cluster.registry] [REGISTRY]   -> Done: brinnatt/calico-node:v3.28.4.
[2026-07-16 16:36:28] [INFO] [service.cluster.registry] [REGISTRY] [4/7] Image: brinnatt/coredns:1.12.4
[2026-07-16 16:36:28] [INFO] [service.cluster.registry] [REGISTRY]   -> Image exists locally; skipping pull.
[2026-07-16 16:36:28] [INFO] [service.cluster.registry] [REGISTRY]   -> Tagging and pushing to local registry.
[2026-07-16 16:36:28] [INFO] [service.cluster.docker] [UPLOAD] Pushing image: registry.talkschool.cn:5000/brinnatt/coredns:1.12.4
The push refers to repository [registry.talkschool.cn:5000/brinnatt/coredns]
d557676654e5: Layer already exists
56ce5a7a0a8c: Layer already exists
d82bc7a76a83: Layer already exists
d858cbc252ad: Layer already exists
1069fc2daed1: Layer already exists
e1089d61b200: Layer already exists
0f8b424aa0b9: Layer already exists
06ef02220bb4: Layer already exists
2e4cf50eeb92: Layer already exists
b40161cd83fc: Layer already exists
259db2ee6b87: Layer already exists
3f4e2c586348: Layer already exists
eb8f5749650b: Layer already exists
e3872157bf65: Layer already exists
1.12.4: digest: sha256:5fe4ce2f40fba78ebd7941f205d5ba21058e6aebff00878325f3f2645d9d465c size: 3233
[2026-07-16 16:36:28] [INFO] [service.cluster.docker] [UPLOAD] Pushed successfully: registry.talkschool.cn:5000/brinnatt/coredns:1.12.4
[2026-07-16 16:36:28] [INFO] [service.cluster.registry] [REGISTRY]   -> Done: brinnatt/coredns:1.12.4.
[2026-07-16 16:36:28] [INFO] [service.cluster.registry] [REGISTRY] [5/7] Image: brinnatt/k8s-dns-node-cache:1.26.4
[2026-07-16 16:36:28] [INFO] [service.cluster.registry] [REGISTRY]   -> Image exists locally; skipping pull.
[2026-07-16 16:36:28] [INFO] [service.cluster.registry] [REGISTRY]   -> Tagging and pushing to local registry.
[2026-07-16 16:36:28] [INFO] [service.cluster.docker] [UPLOAD] Pushing image: registry.talkschool.cn:5000/brinnatt/k8s-dns-node-cache:1.26.4
The push refers to repository [registry.talkschool.cn:5000/brinnatt/k8s-dns-node-cache]
d6accb83dc23: Layer already exists
b77b57d31f7f: Layer already exists
1.26.4: digest: sha256:29a75b15f8d75412ee2c46c7be362fb26e99e1b36c2558c38c12428a9e3dad49 size: 675
[2026-07-16 16:36:28] [INFO] [service.cluster.docker] [UPLOAD] Pushed successfully: registry.talkschool.cn:5000/brinnatt/k8s-dns-node-cache:1.26.4
[2026-07-16 16:36:28] [INFO] [service.cluster.registry] [REGISTRY]   -> Done: brinnatt/k8s-dns-node-cache:1.26.4.
[2026-07-16 16:36:28] [INFO] [service.cluster.registry] [REGISTRY] [6/7] Image: brinnatt/metrics-server:v0.8.0
[2026-07-16 16:36:28] [INFO] [service.cluster.registry] [REGISTRY]   -> Image exists locally; skipping pull.
[2026-07-16 16:36:28] [INFO] [service.cluster.registry] [REGISTRY]   -> Tagging and pushing to local registry.
[2026-07-16 16:36:28] [INFO] [service.cluster.docker] [UPLOAD] Pushing image: registry.talkschool.cn:5000/brinnatt/metrics-server:v0.8.0
The push refers to repository [registry.talkschool.cn:5000/brinnatt/metrics-server]
0bab15eea81d: Layer already exists
ddf74a63f7d8: Layer already exists
6b6c881bc207: Layer already exists
35d697fe2738: Layer already exists
bfb59b82a9b6: Layer already exists
a62778643d56: Layer already exists
3214acf345c0: Layer already exists
5664b15f108b: Layer already exists
4aa0ea1413d3: Layer already exists
da7816fa955e: Layer already exists
4eff9a62d888: Layer already exists
7c12895b777b: Layer already exists
v0.8.0: digest: sha256:e876bd6d18055664b0076fe754294a31fa90afe6ab166361ebafd4a29b7ddae1 size: 2559
[2026-07-16 16:36:28] [INFO] [service.cluster.docker] [UPLOAD] Pushed successfully: registry.talkschool.cn:5000/brinnatt/metrics-server:v0.8.0
[2026-07-16 16:36:28] [INFO] [service.cluster.registry] [REGISTRY]   -> Done: brinnatt/metrics-server:v0.8.0.
[2026-07-16 16:36:28] [INFO] [service.cluster.registry] [REGISTRY] [7/7] Image: brinnatt/pause:3.10
[2026-07-16 16:36:28] [INFO] [service.cluster.registry] [REGISTRY]   -> Image exists locally; skipping pull.
[2026-07-16 16:36:28] [INFO] [service.cluster.registry] [REGISTRY]   -> Tagging and pushing to local registry.
[2026-07-16 16:36:28] [INFO] [service.cluster.docker] [UPLOAD] Pushing image: registry.talkschool.cn:5000/brinnatt/pause:3.10
The push refers to repository [registry.talkschool.cn:5000/brinnatt/pause]
61d9e957431b: Layer already exists
3.10: digest: sha256:e1fbfcf0e3ceb6101235f94a6c04a4022b10517b2ef9e07732bcd0fe1ed85318 size: 480
[2026-07-16 16:36:28] [INFO] [service.cluster.docker] [UPLOAD] Pushed successfully: registry.talkschool.cn:5000/brinnatt/pause:3.10
[2026-07-16 16:36:28] [INFO] [service.cluster.registry] [REGISTRY]   -> Done: brinnatt/pause:3.10.
[2026-07-16 16:36:28] [INFO] [service.cluster.registry] [REGISTRY] All 7 image(s) uploaded to local registry.
[2026-07-16 16:36:28] [INFO] [service.cluster.downloader] [DOWNLOAD] Default images: 7 image(s) uploaded to local registry.
[2026-07-16 16:36:29] [INFO] [service.cluster.downloader] [DOWNLOAD] Component flannel: uploading 2 image(s) to local registry.
[2026-07-16 16:36:29] [WARNING] [service.cluster.registry] [REGISTRY] Local registry already running; skipping.
[2026-07-16 16:36:29] [INFO] [service.cluster.registry] [REGISTRY] Uploading 2 image(s) to local registry.
[2026-07-16 16:36:29] [INFO] [service.cluster.registry] [REGISTRY] [1/2] Image: brinnatt/flannel:v0.28.4
[2026-07-16 16:36:29] [INFO] [service.cluster.registry] [REGISTRY]   -> Image exists locally; skipping pull.
[2026-07-16 16:36:29] [INFO] [service.cluster.registry] [REGISTRY]   -> Tagging and pushing to local registry.
[2026-07-16 16:36:29] [INFO] [service.cluster.docker] [UPLOAD] Pushing image: registry.talkschool.cn:5000/brinnatt/flannel:v0.28.4
The push refers to repository [registry.talkschool.cn:5000/brinnatt/flannel]
75c8aceaa98f: Layer already exists
9f3ec765d4f1: Layer already exists
fcd700784854: Layer already exists
4f4fb700ef54: Layer already exists
ca5f5d2b9f8c: Layer already exists
db08dd0324f1: Layer already exists
2d35ebdb57d9: Layer already exists
ce145e9c74fb: Layer already exists
e371a4a17a76: Layer already exists
ca7f1c6e17ed: Layer already exists
v0.28.4: digest: sha256:e1ec0114644cf38deb76ef749c15dc4af86e0eae631de22e94096687858db111 size: 2198
[2026-07-16 16:36:29] [INFO] [service.cluster.docker] [UPLOAD] Pushed successfully: registry.talkschool.cn:5000/brinnatt/flannel:v0.28.4
[2026-07-16 16:36:29] [INFO] [service.cluster.registry] [REGISTRY]   -> Done: brinnatt/flannel:v0.28.4.
[2026-07-16 16:36:29] [INFO] [service.cluster.registry] [REGISTRY] [2/2] Image: brinnatt/flannel-cni-plugin:v1.8.0-flannel1
[2026-07-16 16:36:29] [INFO] [service.cluster.registry] [REGISTRY]   -> Image exists locally; skipping pull.
[2026-07-16 16:36:29] [INFO] [service.cluster.registry] [REGISTRY]   -> Tagging and pushing to local registry.
[2026-07-16 16:36:29] [INFO] [service.cluster.docker] [UPLOAD] Pushing image: registry.talkschool.cn:5000/brinnatt/flannel-cni-plugin:v1.8.0-flannel1
The push refers to repository [registry.talkschool.cn:5000/brinnatt/flannel-cni-plugin]
d62bb7eb03b5: Layer already exists
6a25b7b79a48: Layer already exists
v1.8.0-flannel1: digest: sha256:0c23109797a87fe95e0d1938942dafc0258e1178ecd967a4dce18bc335b969b0 size: 672
[2026-07-16 16:36:29] [INFO] [service.cluster.docker] [UPLOAD] Pushed successfully: registry.talkschool.cn:5000/brinnatt/flannel-cni-plugin:v1.8.0-flannel1
[2026-07-16 16:36:29] [INFO] [service.cluster.registry] [REGISTRY]   -> Done: brinnatt/flannel-cni-plugin:v1.8.0-flannel1.
[2026-07-16 16:36:29] [INFO] [service.cluster.registry] [REGISTRY] All 2 image(s) uploaded to local registry.
[2026-07-16 16:36:29] [INFO] [service.cluster.downloader] [DOWNLOAD] Component flannel: 2 image(s) uploaded.
[2026-07-16 16:36:29] [INFO] [service.cluster.downloader] [DOWNLOAD] Cilium chart already present: /usr/local/kubeauto/roles/cilium/files/cilium-1.19.5.tgz
[2026-07-16 16:36:29] [INFO] [service.cluster.downloader] [DOWNLOAD] Cilium chart already present: /opt/kubeauto/roles/cilium/files/cilium-1.19.5.tgz
[2026-07-16 16:36:29] [INFO] [service.cluster.downloader] [DOWNLOAD] Component cilium: uploading 2 image(s) to local registry.
[2026-07-16 16:36:29] [WARNING] [service.cluster.registry] [REGISTRY] Local registry already running; skipping.
[2026-07-16 16:36:29] [INFO] [service.cluster.registry] [REGISTRY] Uploading 2 image(s) to local registry.
[2026-07-16 16:36:29] [INFO] [service.cluster.registry] [REGISTRY] [1/2] Image: brinnatt/cilium:v1.19.5
[2026-07-16 16:36:29] [INFO] [service.cluster.registry] [REGISTRY]   -> Image exists locally; skipping pull.
[2026-07-16 16:36:29] [INFO] [service.cluster.registry] [REGISTRY]   -> Tagging and pushing to local registry.
[2026-07-16 16:36:29] [INFO] [service.cluster.docker] [UPLOAD] Pushing image: registry.talkschool.cn:5000/brinnatt/cilium:v1.19.5
The push refers to repository [registry.talkschool.cn:5000/brinnatt/cilium]
b3ee32f37bb9: Layer already exists
cbaa7878f179: Layer already exists
128f996d64d9: Layer already exists
eb745753a388: Layer already exists
9d79503a1aca: Layer already exists
d2874f470a40: Layer already exists
v1.19.5: digest: sha256:0ed11ca6c0d02417588e14cd716571d7c4836d0bf93f5f49572cc03e3a64f938 size: 1491
[2026-07-16 16:36:29] [INFO] [service.cluster.docker] [UPLOAD] Pushed successfully: registry.talkschool.cn:5000/brinnatt/cilium:v1.19.5
[2026-07-16 16:36:29] [INFO] [service.cluster.registry] [REGISTRY]   -> Done: brinnatt/cilium:v1.19.5.
[2026-07-16 16:36:29] [INFO] [service.cluster.registry] [REGISTRY] [2/2] Image: brinnatt/cilium-operator-generic:v1.19.5
[2026-07-16 16:36:29] [INFO] [service.cluster.registry] [REGISTRY]   -> Image exists locally; skipping pull.
[2026-07-16 16:36:29] [INFO] [service.cluster.registry] [REGISTRY]   -> Tagging and pushing to local registry.
[2026-07-16 16:36:29] [INFO] [service.cluster.docker] [UPLOAD] Pushing image: registry.talkschool.cn:5000/brinnatt/cilium-operator-generic:v1.19.5
The push refers to repository [registry.talkschool.cn:5000/brinnatt/cilium-operator-generic]
aa79f4dd9ad4: Layer already exists
1458643bb809: Layer already exists
b2742345cc8c: Layer already exists
13d6a44ac649: Layer already exists
8d1e56505821: Layer already exists
v1.19.5: digest: sha256:68a56c4965677a77c143e83953aad7963b489d4333851c0da4c95a3edcadfd05 size: 1289
[2026-07-16 16:36:29] [INFO] [service.cluster.docker] [UPLOAD] Pushed successfully: registry.talkschool.cn:5000/brinnatt/cilium-operator-generic:v1.19.5
[2026-07-16 16:36:29] [INFO] [service.cluster.registry] [REGISTRY]   -> Done: brinnatt/cilium-operator-generic:v1.19.5.
[2026-07-16 16:36:29] [INFO] [service.cluster.registry] [REGISTRY] All 2 image(s) uploaded to local registry.
[2026-07-16 16:36:29] [INFO] [service.cluster.downloader] [DOWNLOAD] Component cilium: 2 image(s) uploaded.
[2026-07-16 16:36:30] [INFO] [service.cluster.downloader] [DOWNLOAD] Component kube-router: uploading 1 image(s) to local registry.
[2026-07-16 16:36:30] [WARNING] [service.cluster.registry] [REGISTRY] Local registry already running; skipping.
[2026-07-16 16:36:30] [INFO] [service.cluster.registry] [REGISTRY] Uploading 1 image(s) to local registry.
[2026-07-16 16:36:30] [INFO] [service.cluster.registry] [REGISTRY] [1/1] Image: brinnatt/kube-router:v1.5.4
[2026-07-16 16:36:30] [INFO] [service.cluster.registry] [REGISTRY]   -> Image exists locally; skipping pull.
[2026-07-16 16:36:30] [INFO] [service.cluster.registry] [REGISTRY]   -> Tagging and pushing to local registry.
[2026-07-16 16:36:30] [INFO] [service.cluster.docker] [UPLOAD] Pushing image: registry.talkschool.cn:5000/brinnatt/kube-router:v1.5.4
The push refers to repository [registry.talkschool.cn:5000/brinnatt/kube-router]
64ace1c2c8da: Layer already exists
4f4fb700ef54: Layer already exists
aaf79513865c: Layer already exists
4809873bd457: Layer already exists
cc601122339c: Layer already exists
c19489d47283: Layer already exists
72d12330d140: Layer already exists
60ae402a96ac: Layer already exists
c1b9b7ded3a1: Layer already exists
91d30c5bc195: Layer already exists
3e1971afce2f: Layer already exists
v1.5.4: digest: sha256:c43be00cbc586d919bd320d3b7df0802af0c7cae53ef945386e946738dd52c0a size: 2371
[2026-07-16 16:36:30] [INFO] [service.cluster.docker] [UPLOAD] Pushed successfully: registry.talkschool.cn:5000/brinnatt/kube-router:v1.5.4
[2026-07-16 16:36:30] [INFO] [service.cluster.registry] [REGISTRY]   -> Done: brinnatt/kube-router:v1.5.4.
[2026-07-16 16:36:30] [INFO] [service.cluster.registry] [REGISTRY] All 1 image(s) uploaded to local registry.
[2026-07-16 16:36:30] [INFO] [service.cluster.downloader] [DOWNLOAD] Component kube-router: 1 image(s) uploaded.
[2026-07-16 16:36:30] [INFO] [service.cluster.downloader] [DOWNLOAD] Component kube-ovn: uploading 1 image(s) to local registry.
[2026-07-16 16:36:30] [WARNING] [service.cluster.registry] [REGISTRY] Local registry already running; skipping.
[2026-07-16 16:36:30] [INFO] [service.cluster.registry] [REGISTRY] Uploading 1 image(s) to local registry.
[2026-07-16 16:36:30] [INFO] [service.cluster.registry] [REGISTRY] [1/1] Image: brinnatt/kube-ovn:v1.11.5
[2026-07-16 16:36:30] [INFO] [service.cluster.registry] [REGISTRY]   -> Image exists locally; skipping pull.
[2026-07-16 16:36:30] [INFO] [service.cluster.registry] [REGISTRY]   -> Tagging and pushing to local registry.
[2026-07-16 16:36:30] [INFO] [service.cluster.docker] [UPLOAD] Pushing image: registry.talkschool.cn:5000/brinnatt/kube-ovn:v1.11.5
The push refers to repository [registry.talkschool.cn:5000/brinnatt/kube-ovn]
8ea86c07cc57: Layer already exists
4286c028a271: Layer already exists
b36e97d68398: Layer already exists
a3dcb01160b8: Layer already exists
4f4fb700ef54: Layer already exists
c30f1dfab40c: Layer already exists
56c290952557: Layer already exists
8aabde30ef56: Layer already exists
99b2398d837c: Layer already exists
e12609f3985c: Layer already exists
56cfedd6b881: Layer already exists
339e77d287fe: Layer already exists
9e2a64fad22f: Layer already exists
46c6e78017e0: Layer already exists
c77972f50a8e: Layer already exists
a26a78ca9e42: Layer already exists
1bc677758ad7: Layer already exists
33bb8c651634: Layer already exists
285561cbb674: Layer already exists
v1.11.5: digest: sha256:4908751f3cb08f53c2bef0b95637f6e8ead43a046eb18244ce254c26013ab428 size: 4288
[2026-07-16 16:36:30] [INFO] [service.cluster.docker] [UPLOAD] Pushed successfully: registry.talkschool.cn:5000/brinnatt/kube-ovn:v1.11.5
[2026-07-16 16:36:30] [INFO] [service.cluster.registry] [REGISTRY]   -> Done: brinnatt/kube-ovn:v1.11.5.
[2026-07-16 16:36:30] [INFO] [service.cluster.registry] [REGISTRY] All 1 image(s) uploaded to local registry.
[2026-07-16 16:36:30] [INFO] [service.cluster.downloader] [DOWNLOAD] Component kube-ovn: 1 image(s) uploaded.
[2026-07-16 16:36:31] [INFO] [service.cluster.downloader] [DOWNLOAD] Component prometheus: uploading 9 image(s) to local registry.
[2026-07-16 16:36:31] [WARNING] [service.cluster.registry] [REGISTRY] Local registry already running; skipping.
[2026-07-16 16:36:31] [INFO] [service.cluster.registry] [REGISTRY] Uploading 9 image(s) to local registry.
[2026-07-16 16:36:31] [INFO] [service.cluster.registry] [REGISTRY] [1/9] Image: brinnatt/kube-state-metrics:v2.16.0
[2026-07-16 16:36:31] [INFO] [service.cluster.registry] [REGISTRY]   -> Image exists locally; skipping pull.
[2026-07-16 16:36:31] [INFO] [service.cluster.registry] [REGISTRY]   -> Tagging and pushing to local registry.
[2026-07-16 16:36:31] [INFO] [service.cluster.docker] [UPLOAD] Pushing image: registry.talkschool.cn:5000/brinnatt/kube-state-metrics:v2.16.0
The push refers to repository [registry.talkschool.cn:5000/brinnatt/kube-state-metrics]
35d697fe2738: Layer already exists
bfb59b82a9b6: Layer already exists
a62778643d56: Layer already exists
4aa0ea1413d3: Layer already exists
da7816fa955e: Layer already exists
7c12895b777b: Layer already exists
ddf74a63f7d8: Layer already exists
5664b15f108b: Layer already exists
4a9e6ef411a5: Layer already exists
4eff9a62d888: Layer already exists
3214acf345c0: Layer already exists
0bab15eea81d: Layer already exists
v2.16.0: digest: sha256:41c177e5e196375b7ded5f70de2dcbd8bab631577cfa887fda4f06ec7fc616c5 size: 2559
[2026-07-16 16:36:31] [INFO] [service.cluster.docker] [UPLOAD] Pushed successfully: registry.talkschool.cn:5000/brinnatt/kube-state-metrics:v2.16.0
[2026-07-16 16:36:31] [INFO] [service.cluster.registry] [REGISTRY]   -> Done: brinnatt/kube-state-metrics:v2.16.0.
[2026-07-16 16:36:31] [INFO] [service.cluster.registry] [REGISTRY] [2/9] Image: brinnatt/kube-webhook-certgen:v1.6.0
[2026-07-16 16:36:31] [INFO] [service.cluster.registry] [REGISTRY]   -> Image exists locally; skipping pull.
[2026-07-16 16:36:31] [INFO] [service.cluster.registry] [REGISTRY]   -> Tagging and pushing to local registry.
[2026-07-16 16:36:31] [INFO] [service.cluster.docker] [UPLOAD] Pushing image: registry.talkschool.cn:5000/brinnatt/kube-webhook-certgen:v1.6.0
The push refers to repository [registry.talkschool.cn:5000/brinnatt/kube-webhook-certgen]
0bab15eea81d: Layer already exists
35d697fe2738: Layer already exists
4aa0ea1413d3: Layer already exists
4eff9a62d888: Layer already exists
da7816fa955e: Layer already exists
3214acf345c0: Layer already exists
5664b15f108b: Layer already exists
bfb59b82a9b6: Layer already exists
a62778643d56: Layer already exists
7c12895b777b: Layer already exists
ddf74a63f7d8: Layer already exists
26abf4975087: Layer already exists
v1.6.0: digest: sha256:34a1f73cb6b774bf88665f6b9f6ab5da58d989a4a6f92e890c82e0fb97183306 size: 2559
[2026-07-16 16:36:31] [INFO] [service.cluster.docker] [UPLOAD] Pushed successfully: registry.talkschool.cn:5000/brinnatt/kube-webhook-certgen:v1.6.0
[2026-07-16 16:36:31] [INFO] [service.cluster.registry] [REGISTRY]   -> Done: brinnatt/kube-webhook-certgen:v1.6.0.
[2026-07-16 16:36:31] [INFO] [service.cluster.registry] [REGISTRY] [3/9] Image: brinnatt/grafana:12.0.2
[2026-07-16 16:36:31] [INFO] [service.cluster.registry] [REGISTRY]   -> Image exists locally; skipping pull.
[2026-07-16 16:36:31] [INFO] [service.cluster.registry] [REGISTRY]   -> Tagging and pushing to local registry.
[2026-07-16 16:36:31] [INFO] [service.cluster.docker] [UPLOAD] Pushing image: registry.talkschool.cn:5000/brinnatt/grafana:12.0.2
The push refers to repository [registry.talkschool.cn:5000/brinnatt/grafana]
3f8d5c908dcc: Layer already exists
4a4d0948b0bf: Layer already exists
04f6155c873d: Layer already exists
7009d5001b77: Layer already exists
807a2e881ecd: Layer already exists
9183b65e90ee: Layer already exists
538deb30e80c: Layer already exists
85dde7dceb0a: Layer already exists
f18232174bc9: Layer already exists
30bb92ff0608: Layer already exists
12.0.2: digest: sha256:fe89b739a264c78f2111d68221a1d51db67135ec50885dc93b59a981a7a5d4d5 size: 2417
[2026-07-16 16:36:31] [INFO] [service.cluster.docker] [UPLOAD] Pushed successfully: registry.talkschool.cn:5000/brinnatt/grafana:12.0.2
[2026-07-16 16:36:31] [INFO] [service.cluster.registry] [REGISTRY]   -> Done: brinnatt/grafana:12.0.2.
[2026-07-16 16:36:31] [INFO] [service.cluster.registry] [REGISTRY] [4/9] Image: brinnatt/k8s-sidecar:1.30.5
[2026-07-16 16:36:31] [INFO] [service.cluster.registry] [REGISTRY]   -> Image exists locally; skipping pull.
[2026-07-16 16:36:31] [INFO] [service.cluster.registry] [REGISTRY]   -> Tagging and pushing to local registry.
[2026-07-16 16:36:31] [INFO] [service.cluster.docker] [UPLOAD] Pushing image: registry.talkschool.cn:5000/brinnatt/k8s-sidecar:1.30.5
The push refers to repository [registry.talkschool.cn:5000/brinnatt/k8s-sidecar]
84470aa48fb7: Layer already exists
bfc934c9fbaf: Layer already exists
b83c0d8b8ec1: Layer already exists
f18232174bc9: Layer already exists
cc45a8055a8b: Layer already exists
6886907de79c: Layer already exists
1.30.5: digest: sha256:b67b51f394c7ae336aa2fcd624e343dbea6e3f2073081e267d50c82d512c5762 size: 1432
[2026-07-16 16:36:31] [INFO] [service.cluster.docker] [UPLOAD] Pushed successfully: registry.talkschool.cn:5000/brinnatt/k8s-sidecar:1.30.5
[2026-07-16 16:36:31] [INFO] [service.cluster.registry] [REGISTRY]   -> Done: brinnatt/k8s-sidecar:1.30.5.
[2026-07-16 16:36:31] [INFO] [service.cluster.registry] [REGISTRY] [5/9] Image: brinnatt/prometheus-config-reloader:v0.83.0
[2026-07-16 16:36:31] [INFO] [service.cluster.registry] [REGISTRY]   -> Image exists locally; skipping pull.
[2026-07-16 16:36:31] [INFO] [service.cluster.registry] [REGISTRY]   -> Tagging and pushing to local registry.
[2026-07-16 16:36:31] [INFO] [service.cluster.docker] [UPLOAD] Pushing image: registry.talkschool.cn:5000/brinnatt/prometheus-config-reloader:v0.83.0
The push refers to repository [registry.talkschool.cn:5000/brinnatt/prometheus-config-reloader]
47b9a888258b: Layer already exists
9fa9226be034: Layer already exists
1617e25568b2: Layer already exists
v0.83.0: digest: sha256:76fa11618538bd3bb1ca58c80fea54aaea1af05bacef2a830df36138589f8243 size: 949
[2026-07-16 16:36:31] [INFO] [service.cluster.docker] [UPLOAD] Pushed successfully: registry.talkschool.cn:5000/brinnatt/prometheus-config-reloader:v0.83.0
[2026-07-16 16:36:31] [INFO] [service.cluster.registry] [REGISTRY]   -> Done: brinnatt/prometheus-config-reloader:v0.83.0.
[2026-07-16 16:36:31] [INFO] [service.cluster.registry] [REGISTRY] [6/9] Image: brinnatt/prometheus-operator:v0.83.0
[2026-07-16 16:36:31] [INFO] [service.cluster.registry] [REGISTRY]   -> Image exists locally; skipping pull.
[2026-07-16 16:36:31] [INFO] [service.cluster.registry] [REGISTRY]   -> Tagging and pushing to local registry.
[2026-07-16 16:36:31] [INFO] [service.cluster.docker] [UPLOAD] Pushing image: registry.talkschool.cn:5000/brinnatt/prometheus-operator:v0.83.0
The push refers to repository [registry.talkschool.cn:5000/brinnatt/prometheus-operator]
1617e25568b2: Layer already exists
fa4e7c59a0d4: Layer already exists
9fa9226be034: Layer already exists
v0.83.0: digest: sha256:45e3523bc3be67499af00b3a1528b1b94d8261c1a67c6d51473d6e4607a02a6c size: 949
[2026-07-16 16:36:31] [INFO] [service.cluster.docker] [UPLOAD] Pushed successfully: registry.talkschool.cn:5000/brinnatt/prometheus-operator:v0.83.0
[2026-07-16 16:36:31] [INFO] [service.cluster.registry] [REGISTRY]   -> Done: brinnatt/prometheus-operator:v0.83.0.
[2026-07-16 16:36:31] [INFO] [service.cluster.registry] [REGISTRY] [7/9] Image: brinnatt/alertmanager:v0.28.1
[2026-07-16 16:36:31] [INFO] [service.cluster.registry] [REGISTRY]   -> Image exists locally; skipping pull.
[2026-07-16 16:36:31] [INFO] [service.cluster.registry] [REGISTRY]   -> Tagging and pushing to local registry.
[2026-07-16 16:36:31] [INFO] [service.cluster.docker] [UPLOAD] Pushing image: registry.talkschool.cn:5000/brinnatt/alertmanager:v0.28.1
The push refers to repository [registry.talkschool.cn:5000/brinnatt/alertmanager]
4f4fb700ef54: Layer already exists
545c14a5a415: Layer already exists
6fcbfeb5877c: Layer already exists
9fa9226be034: Layer already exists
1617e25568b2: Layer already exists
a9c7f41169bf: Layer already exists
5759234535c5: Layer already exists
v0.28.1: digest: sha256:220da6995a919b9ee6e0d3da7ca5f09802f3088007af56be22160314d2485b54 size: 1781
[2026-07-16 16:36:31] [INFO] [service.cluster.docker] [UPLOAD] Pushed successfully: registry.talkschool.cn:5000/brinnatt/alertmanager:v0.28.1
[2026-07-16 16:36:31] [INFO] [service.cluster.registry] [REGISTRY]   -> Done: brinnatt/alertmanager:v0.28.1.
[2026-07-16 16:36:31] [INFO] [service.cluster.registry] [REGISTRY] [8/9] Image: brinnatt/node-exporter:v1.9.1
[2026-07-16 16:36:31] [INFO] [service.cluster.registry] [REGISTRY]   -> Image exists locally; skipping pull.
[2026-07-16 16:36:31] [INFO] [service.cluster.registry] [REGISTRY]   -> Tagging and pushing to local registry.
[2026-07-16 16:36:31] [INFO] [service.cluster.docker] [UPLOAD] Pushing image: registry.talkschool.cn:5000/brinnatt/node-exporter:v1.9.1
The push refers to repository [registry.talkschool.cn:5000/brinnatt/node-exporter]
9fa9226be034: Layer already exists
1617e25568b2: Layer already exists
c6e37428e3b3: Layer already exists
v1.9.1: digest: sha256:863b62ff9f392b6f472e22b4b670ad1cabb66b3042502ebd4b2cd192733e1bce size: 949
[2026-07-16 16:36:31] [INFO] [service.cluster.docker] [UPLOAD] Pushed successfully: registry.talkschool.cn:5000/brinnatt/node-exporter:v1.9.1
[2026-07-16 16:36:31] [INFO] [service.cluster.registry] [REGISTRY]   -> Done: brinnatt/node-exporter:v1.9.1.
[2026-07-16 16:36:31] [INFO] [service.cluster.registry] [REGISTRY] [9/9] Image: brinnatt/prometheus:v3.4.2
[2026-07-16 16:36:31] [INFO] [service.cluster.registry] [REGISTRY]   -> Image exists locally; skipping pull.
[2026-07-16 16:36:31] [INFO] [service.cluster.registry] [REGISTRY]   -> Tagging and pushing to local registry.
[2026-07-16 16:36:31] [INFO] [service.cluster.docker] [UPLOAD] Pushing image: registry.talkschool.cn:5000/brinnatt/prometheus:v3.4.2
The push refers to repository [registry.talkschool.cn:5000/brinnatt/prometheus]
9fa9226be034: Layer already exists
1617e25568b2: Layer already exists
0185f950e16a: Layer already exists
d809dcb8449d: Layer already exists
7bde2424dadc: Layer already exists
ab5dc859c1b7: Layer already exists
f1456f6dac0f: Layer already exists
4d90f494fa79: Layer already exists
158b50c376bf: Layer already exists
d8261d2395d6: Layer already exists
v3.4.2: digest: sha256:2c937b95147c9aaf349447df2ba88066977461815e2c6c91e4011d05871ca2ac size: 2407
[2026-07-16 16:36:31] [INFO] [service.cluster.docker] [UPLOAD] Pushed successfully: registry.talkschool.cn:5000/brinnatt/prometheus:v3.4.2
[2026-07-16 16:36:31] [INFO] [service.cluster.registry] [REGISTRY]   -> Done: brinnatt/prometheus:v3.4.2.
[2026-07-16 16:36:31] [INFO] [service.cluster.registry] [REGISTRY] All 9 image(s) uploaded to local registry.
[2026-07-16 16:36:31] [INFO] [service.cluster.downloader] [DOWNLOAD] Component prometheus: 9 image(s) uploaded.
[2026-07-16 16:36:32] [INFO] [service.cluster.downloader] [DOWNLOAD] Component ingress-nginx: uploading 2 image(s) to local registry.
[2026-07-16 16:36:32] [WARNING] [service.cluster.registry] [REGISTRY] Local registry already running; skipping.
[2026-07-16 16:36:32] [INFO] [service.cluster.registry] [REGISTRY] Uploading 2 image(s) to local registry.
[2026-07-16 16:36:32] [INFO] [service.cluster.registry] [REGISTRY] [1/2] Image: brinnatt/ingress-nginx-controller:v1.13.0
[2026-07-16 16:36:32] [INFO] [service.cluster.registry] [REGISTRY]   -> Image exists locally; skipping pull.
[2026-07-16 16:36:32] [INFO] [service.cluster.registry] [REGISTRY]   -> Tagging and pushing to local registry.
[2026-07-16 16:36:32] [INFO] [service.cluster.docker] [UPLOAD] Pushing image: registry.talkschool.cn:5000/brinnatt/ingress-nginx-controller:v1.13.0
The push refers to repository [registry.talkschool.cn:5000/brinnatt/ingress-nginx-controller]
89219ac6a07a: Layer already exists
fe07684b16b8: Layer already exists
d545398b05ca: Layer already exists
69ab8b455ef3: Layer already exists
343e8ebaacc6: Layer already exists
eb0bce10586c: Layer already exists
4f4fb700ef54: Layer already exists
d0bf9173b39f: Layer already exists
a49e44849945: Layer already exists
aaae1dcb40f7: Layer already exists
e2bae788857d: Layer already exists
5fff234cea05: Layer already exists
38225cdca9ae: Layer already exists
40a4d6e5f956: Layer already exists
1bc4a1a64c13: Layer already exists
v1.13.0: digest: sha256:847e9d07496a0585933c40afdfe3a6125766f8f2479ca5156de8ba18c72ce05a size: 3154
[2026-07-16 16:36:32] [INFO] [service.cluster.docker] [UPLOAD] Pushed successfully: registry.talkschool.cn:5000/brinnatt/ingress-nginx-controller:v1.13.0
[2026-07-16 16:36:32] [INFO] [service.cluster.registry] [REGISTRY]   -> Done: brinnatt/ingress-nginx-controller:v1.13.0.
[2026-07-16 16:36:32] [INFO] [service.cluster.registry] [REGISTRY] [2/2] Image: brinnatt/kube-webhook-certgen:v1.6.0
[2026-07-16 16:36:32] [INFO] [service.cluster.registry] [REGISTRY]   -> Image exists locally; skipping pull.
[2026-07-16 16:36:32] [INFO] [service.cluster.registry] [REGISTRY]   -> Tagging and pushing to local registry.
[2026-07-16 16:36:32] [INFO] [service.cluster.docker] [UPLOAD] Pushing image: registry.talkschool.cn:5000/brinnatt/kube-webhook-certgen:v1.6.0
The push refers to repository [registry.talkschool.cn:5000/brinnatt/kube-webhook-certgen]
4eff9a62d888: Layer already exists
0bab15eea81d: Layer already exists
da7816fa955e: Layer already exists
ddf74a63f7d8: Layer already exists
26abf4975087: Layer already exists
35d697fe2738: Layer already exists
bfb59b82a9b6: Layer already exists
5664b15f108b: Layer already exists
4aa0ea1413d3: Layer already exists
a62778643d56: Layer already exists
7c12895b777b: Layer already exists
3214acf345c0: Layer already exists
v1.6.0: digest: sha256:34a1f73cb6b774bf88665f6b9f6ab5da58d989a4a6f92e890c82e0fb97183306 size: 2559
[2026-07-16 16:36:32] [INFO] [service.cluster.docker] [UPLOAD] Pushed successfully: registry.talkschool.cn:5000/brinnatt/kube-webhook-certgen:v1.6.0
[2026-07-16 16:36:32] [INFO] [service.cluster.registry] [REGISTRY]   -> Done: brinnatt/kube-webhook-certgen:v1.6.0.
[2026-07-16 16:36:32] [INFO] [service.cluster.registry] [REGISTRY] All 2 image(s) uploaded to local registry.
[2026-07-16 16:36:32] [INFO] [service.cluster.downloader] [DOWNLOAD] Component ingress-nginx: 2 image(s) uploaded.
[2026-07-16 16:36:32] [INFO] [service.cluster.downloader] [DOWNLOAD] Component network-check: uploading 2 image(s) to local registry.
[2026-07-16 16:36:32] [WARNING] [service.cluster.registry] [REGISTRY] Local registry already running; skipping.
[2026-07-16 16:36:32] [INFO] [service.cluster.registry] [REGISTRY] Uploading 2 image(s) to local registry.
[2026-07-16 16:36:32] [INFO] [service.cluster.registry] [REGISTRY] [1/2] Image: brinnatt/json-mock:v1.3.0
[2026-07-16 16:36:33] [INFO] [service.cluster.registry] [REGISTRY]   -> Image exists locally; skipping pull.
[2026-07-16 16:36:33] [INFO] [service.cluster.registry] [REGISTRY]   -> Tagging and pushing to local registry.
[2026-07-16 16:36:33] [INFO] [service.cluster.docker] [UPLOAD] Pushing image: registry.talkschool.cn:5000/brinnatt/json-mock:v1.3.0
The push refers to repository [registry.talkschool.cn:5000/brinnatt/json-mock]
3ff9b6766882: Layer already exists
bd159e379b3b: Layer already exists
7cdf3f03665b: Layer already exists
a563244f6661: Layer already exists
0848f0866187: Layer already exists
154e3758048b: Layer already exists
acccdbe681a8: Layer already exists
v1.3.0: digest: sha256:282bfd7d1709c6c08f9a44db9e04fe7f0be9147f880b8f2a01a21a6f0e673586 size: 1625
[2026-07-16 16:36:33] [INFO] [service.cluster.docker] [UPLOAD] Pushed successfully: registry.talkschool.cn:5000/brinnatt/json-mock:v1.3.0
[2026-07-16 16:36:33] [INFO] [service.cluster.registry] [REGISTRY]   -> Done: brinnatt/json-mock:v1.3.0.
[2026-07-16 16:36:33] [INFO] [service.cluster.registry] [REGISTRY] [2/2] Image: brinnatt/alpine-curl:v7.85.0
[2026-07-16 16:36:33] [INFO] [service.cluster.registry] [REGISTRY]   -> Image exists locally; skipping pull.
[2026-07-16 16:36:33] [INFO] [service.cluster.registry] [REGISTRY]   -> Tagging and pushing to local registry.
[2026-07-16 16:36:33] [INFO] [service.cluster.docker] [UPLOAD] Pushing image: registry.talkschool.cn:5000/brinnatt/alpine-curl:v7.85.0
The push refers to repository [registry.talkschool.cn:5000/brinnatt/alpine-curl]
505a4470f1d8: Layer already exists
1b7ca6aea1dd: Layer already exists
ce313c0d90c0: Layer already exists
v7.85.0: digest: sha256:b79b171cc1640981afcc42606950c157505380d0dcf791a4a2318c23cd6cdd49 size: 861
[2026-07-16 16:36:33] [INFO] [service.cluster.docker] [UPLOAD] Pushed successfully: registry.talkschool.cn:5000/brinnatt/alpine-curl:v7.85.0
[2026-07-16 16:36:33] [INFO] [service.cluster.registry] [REGISTRY]   -> Done: brinnatt/alpine-curl:v7.85.0.
[2026-07-16 16:36:33] [INFO] [service.cluster.registry] [REGISTRY] All 2 image(s) uploaded to local registry.
[2026-07-16 16:36:33] [INFO] [service.cluster.downloader] [DOWNLOAD] Component network-check: 2 image(s) uploaded.
[2026-07-16 16:36:33] [INFO] [service.cluster.downloader] [DOWNLOAD] Component local-path-provisioner: uploading 1 image(s) to local registry.
[2026-07-16 16:36:33] [WARNING] [service.cluster.registry] [REGISTRY] Local registry already running; skipping.
[2026-07-16 16:36:33] [INFO] [service.cluster.registry] [REGISTRY] Uploading 1 image(s) to local registry.
[2026-07-16 16:36:33] [INFO] [service.cluster.registry] [REGISTRY] [1/1] Image: brinnatt/local-path-provisioner:v0.0.31
[2026-07-16 16:36:33] [INFO] [service.cluster.registry] [REGISTRY]   -> Image exists locally; skipping pull.
[2026-07-16 16:36:33] [INFO] [service.cluster.registry] [REGISTRY]   -> Tagging and pushing to local registry.
[2026-07-16 16:36:33] [INFO] [service.cluster.docker] [UPLOAD] Pushing image: registry.talkschool.cn:5000/brinnatt/local-path-provisioner:v0.0.31
The push refers to repository [registry.talkschool.cn:5000/brinnatt/local-path-provisioner]
4f4fb700ef54: Layer already exists
7b714dc9e881: Layer already exists
1f3e46996e29: Layer already exists
650aaab400b8: Layer already exists
7224f93b8122: Layer already exists
v0.0.31: digest: sha256:5fb0394abf87407a27cc56db94334eb0c92d0b5de2636683a7ec51f38143dfc9 size: 1244
[2026-07-16 16:36:33] [INFO] [service.cluster.docker] [UPLOAD] Pushed successfully: registry.talkschool.cn:5000/brinnatt/local-path-provisioner:v0.0.31
[2026-07-16 16:36:33] [INFO] [service.cluster.registry] [REGISTRY]   -> Done: brinnatt/local-path-provisioner:v0.0.31.
[2026-07-16 16:36:33] [INFO] [service.cluster.registry] [REGISTRY] All 1 image(s) uploaded to local registry.
[2026-07-16 16:36:33] [INFO] [service.cluster.downloader] [DOWNLOAD] Component local-path-provisioner: 1 image(s) uploaded.
IMG_PREP_147_OK
[skip] brinnatt/calico-cni:v3.28.4
[skip] brinnatt/calico-node:v3.28.4
[skip] brinnatt/calico-kube-controllers:v3.28.4
[skip] brinnatt/coredns:1.12.4
[skip] brinnatt/registry:2
[skip] brinnatt/pause:3.10
[skip] brinnatt/metrics-server:v0.8.0
[skip] brinnatt/k8s-dns-node-cache:1.26.4
BOOTSTRAP_BRINATT_OK mode=defaults fails=0
[2026-07-16 16:36:35] [INFO] [service.cluster.downloader] [DOWNLOAD] Default images: uploading 7 image(s) to local registry.
[2026-07-16 16:36:35] [WARNING] [service.cluster.registry] [REGISTRY] Local registry already running; skipping.
[2026-07-16 16:36:35] [INFO] [service.cluster.registry] [REGISTRY] Uploading 7 image(s) to local registry.
[2026-07-16 16:36:35] [INFO] [service.cluster.registry] [REGISTRY] [1/7] Image: brinnatt/calico-cni:v3.28.4
[2026-07-16 16:36:35] [INFO] [service.cluster.registry] [REGISTRY]   -> Image exists locally; skipping pull.
[2026-07-16 16:36:35] [INFO] [service.cluster.registry] [REGISTRY]   -> Tagging and pushing to local registry.
[2026-07-16 16:36:35] [INFO] [service.cluster.docker] [UPLOAD] Pushing image: registry.talkschool.cn:5000/brinnatt/calico-cni:v3.28.4
The push refers to repository [registry.talkschool.cn:5000/brinnatt/calico-cni]
5f70bf18a086: Preparing
4de9eb0e9294: Preparing
86065ae9ccaa: Preparing
5f70bf18a086: Layer already exists
4de9eb0e9294: Layer already exists
86065ae9ccaa: Layer already exists
v3.28.4: digest: sha256:55818ec0c4bdfc1467805659b04eeddefc7c8539e192944c4141d4363a8fab4e size: 946
[2026-07-16 16:36:35] [INFO] [service.cluster.docker] [UPLOAD] Pushed successfully: registry.talkschool.cn:5000/brinnatt/calico-cni:v3.28.4
[2026-07-16 16:36:35] [INFO] [service.cluster.registry] [REGISTRY]   -> Done: brinnatt/calico-cni:v3.28.4.
[2026-07-16 16:36:35] [INFO] [service.cluster.registry] [REGISTRY] [2/7] Image: brinnatt/calico-kube-controllers:v3.28.4
[2026-07-16 16:36:35] [INFO] [service.cluster.registry] [REGISTRY]   -> Image exists locally; skipping pull.
[2026-07-16 16:36:35] [INFO] [service.cluster.registry] [REGISTRY]   -> Tagging and pushing to local registry.
[2026-07-16 16:36:35] [INFO] [service.cluster.docker] [UPLOAD] Pushing image: registry.talkschool.cn:5000/brinnatt/calico-kube-controllers:v3.28.4
The push refers to repository [registry.talkschool.cn:5000/brinnatt/calico-kube-controllers]
eeda6dac98fd: Preparing
86065ae9ccaa: Preparing
eeda6dac98fd: Layer already exists
86065ae9ccaa: Layer already exists
v3.28.4: digest: sha256:1c07cc091d70a525b305e84c3c83086046b71875fb07ffafb8154301cde1f2ee size: 740
[2026-07-16 16:36:35] [INFO] [service.cluster.docker] [UPLOAD] Pushed successfully: registry.talkschool.cn:5000/brinnatt/calico-kube-controllers:v3.28.4
[2026-07-16 16:36:35] [INFO] [service.cluster.registry] [REGISTRY]   -> Done: brinnatt/calico-kube-controllers:v3.28.4.
[2026-07-16 16:36:35] [INFO] [service.cluster.registry] [REGISTRY] [3/7] Image: brinnatt/calico-node:v3.28.4
[2026-07-16 16:36:35] [INFO] [service.cluster.registry] [REGISTRY]   -> Image exists locally; skipping pull.
[2026-07-16 16:36:35] [INFO] [service.cluster.registry] [REGISTRY]   -> Tagging and pushing to local registry.
[2026-07-16 16:36:35] [INFO] [service.cluster.docker] [UPLOAD] Pushing image: registry.talkschool.cn:5000/brinnatt/calico-node:v3.28.4
The push refers to repository [registry.talkschool.cn:5000/brinnatt/calico-node]
c679b3382fdd: Preparing
c679b3382fdd: Layer already exists
v3.28.4: digest: sha256:cec640f3131eb91fece8b7dc14f5241b5192fe7faa107f91e2497c09332b96c8 size: 530
[2026-07-16 16:36:35] [INFO] [service.cluster.docker] [UPLOAD] Pushed successfully: registry.talkschool.cn:5000/brinnatt/calico-node:v3.28.4
[2026-07-16 16:36:35] [INFO] [service.cluster.registry] [REGISTRY]   -> Done: brinnatt/calico-node:v3.28.4.
[2026-07-16 16:36:35] [INFO] [service.cluster.registry] [REGISTRY] [4/7] Image: brinnatt/coredns:1.12.4
[2026-07-16 16:36:35] [INFO] [service.cluster.registry] [REGISTRY]   -> Image exists locally; skipping pull.
[2026-07-16 16:36:35] [INFO] [service.cluster.registry] [REGISTRY]   -> Tagging and pushing to local registry.
[2026-07-16 16:36:35] [INFO] [service.cluster.docker] [UPLOAD] Pushing image: registry.talkschool.cn:5000/brinnatt/coredns:1.12.4
The push refers to repository [registry.talkschool.cn:5000/brinnatt/coredns]
44925e5e2cc9: Preparing
54559abf8a8c: Preparing
bfe9137a1b04: Preparing
f4aee9e53c42: Preparing
1a73b54f556b: Preparing
2a92d6ac9e4f: Preparing
bbb6cacb8c82: Preparing
6f1cdceb6a31: Preparing
af5aa97ebe6c: Preparing
4d049f83d9cf: Preparing
114dde0fefeb: Preparing
4840c7c54023: Preparing
8fa10c0194df: Preparing
bff7f7a9d443: Preparing
2a92d6ac9e4f: Waiting
bbb6cacb8c82: Waiting
6f1cdceb6a31: Waiting
af5aa97ebe6c: Waiting
4d049f83d9cf: Waiting
114dde0fefeb: Waiting
4840c7c54023: Waiting
8fa10c0194df: Waiting
bff7f7a9d443: Waiting
f4aee9e53c42: Layer already exists
1a73b54f556b: Layer already exists
44925e5e2cc9: Layer already exists
6f1cdceb6a31: Layer already exists
bfe9137a1b04: Layer already exists
2a92d6ac9e4f: Layer already exists
54559abf8a8c: Layer already exists
4840c7c54023: Layer already exists
4d049f83d9cf: Layer already exists
bbb6cacb8c82: Layer already exists
114dde0fefeb: Layer already exists
bff7f7a9d443: Layer already exists
af5aa97ebe6c: Layer already exists
8fa10c0194df: Layer already exists
[2026-07-16 16:36:35] [INFO] [service.cluster.docker] [UPLOAD] Pushed successfully: registry.talkschool.cn:5000/brinnatt/coredns:1.12.4
[2026-07-16 16:36:35] [INFO] [service.cluster.registry] [REGISTRY]   -> Done: brinnatt/coredns:1.12.4.
[2026-07-16 16:36:35] [INFO] [service.cluster.registry] [REGISTRY] [5/7] Image: brinnatt/k8s-dns-node-cache:1.26.4
1.12.4: digest: sha256:5fe4ce2f40fba78ebd7941f205d5ba21058e6aebff00878325f3f2645d9d465c size: 3233
[2026-07-16 16:36:35] [INFO] [service.cluster.registry] [REGISTRY]   -> Image exists locally; skipping pull.
[2026-07-16 16:36:35] [INFO] [service.cluster.registry] [REGISTRY]   -> Tagging and pushing to local registry.
[2026-07-16 16:36:35] [INFO] [service.cluster.docker] [UPLOAD] Pushing image: registry.talkschool.cn:5000/brinnatt/k8s-dns-node-cache:1.26.4
The push refers to repository [registry.talkschool.cn:5000/brinnatt/k8s-dns-node-cache]
bcbd50e29d07: Preparing
d23ed4180a23: Preparing
d23ed4180a23: Layer already exists
bcbd50e29d07: Layer already exists
1.26.4: digest: sha256:676dd9854f1d4d6e927180a51112785712ba30889d51d25623b7e85a7cf659c9 size: 741
[2026-07-16 16:36:35] [INFO] [service.cluster.docker] [UPLOAD] Pushed successfully: registry.talkschool.cn:5000/brinnatt/k8s-dns-node-cache:1.26.4
[2026-07-16 16:36:35] [INFO] [service.cluster.registry] [REGISTRY]   -> Done: brinnatt/k8s-dns-node-cache:1.26.4.
[2026-07-16 16:36:35] [INFO] [service.cluster.registry] [REGISTRY] [6/7] Image: brinnatt/metrics-server:v0.8.0
[2026-07-16 16:36:35] [INFO] [service.cluster.registry] [REGISTRY]   -> Image exists locally; skipping pull.
[2026-07-16 16:36:35] [INFO] [service.cluster.registry] [REGISTRY]   -> Tagging and pushing to local registry.
[2026-07-16 16:36:35] [INFO] [service.cluster.docker] [UPLOAD] Pushing image: registry.talkschool.cn:5000/brinnatt/metrics-server:v0.8.0
The push refers to repository [registry.talkschool.cn:5000/brinnatt/metrics-server]
90c3da41cc55: Preparing
bfe9137a1b04: Preparing
f4aee9e53c42: Preparing
1a73b54f556b: Preparing
2a92d6ac9e4f: Preparing
bbb6cacb8c82: Preparing
6f1cdceb6a31: Preparing
af5aa97ebe6c: Preparing
4d049f83d9cf: Preparing
48c0fb67386e: Preparing
8fa10c0194df: Preparing
f464af4b9b25: Preparing
bbb6cacb8c82: Waiting
6f1cdceb6a31: Waiting
af5aa97ebe6c: Waiting
4d049f83d9cf: Waiting
48c0fb67386e: Waiting
8fa10c0194df: Waiting
f464af4b9b25: Waiting
bfe9137a1b04: Layer already exists
90c3da41cc55: Layer already exists
2a92d6ac9e4f: Layer already exists
1a73b54f556b: Layer already exists
f4aee9e53c42: Layer already exists
6f1cdceb6a31: Layer already exists
4d049f83d9cf: Layer already exists
48c0fb67386e: Layer already exists
f464af4b9b25: Layer already exists
af5aa97ebe6c: Layer already exists
bbb6cacb8c82: Layer already exists
8fa10c0194df: Layer already exists
v0.8.0: digest: sha256:d47408a1aaa688e9e78f004d6e1ac37675d45efd9697085b4e710404ac66066d size: 2814
[2026-07-16 16:36:35] [INFO] [service.cluster.docker] [UPLOAD] Pushed successfully: registry.talkschool.cn:5000/brinnatt/metrics-server:v0.8.0
[2026-07-16 16:36:35] [INFO] [service.cluster.registry] [REGISTRY]   -> Done: brinnatt/metrics-server:v0.8.0.
[2026-07-16 16:36:35] [INFO] [service.cluster.registry] [REGISTRY] [7/7] Image: brinnatt/pause:3.10
[2026-07-16 16:36:35] [INFO] [service.cluster.registry] [REGISTRY]   -> Image exists locally; skipping pull.
[2026-07-16 16:36:35] [INFO] [service.cluster.registry] [REGISTRY]   -> Tagging and pushing to local registry.
[2026-07-16 16:36:35] [INFO] [service.cluster.docker] [UPLOAD] Pushing image: registry.talkschool.cn:5000/brinnatt/pause:3.10
The push refers to repository [registry.talkschool.cn:5000/brinnatt/pause]
d8bdedd33a4e: Preparing
d8bdedd33a4e: Layer already exists
[2026-07-16 16:36:35] [INFO] [service.cluster.docker] [UPLOAD] Pushed successfully: registry.talkschool.cn:5000/brinnatt/pause:3.10
[2026-07-16 16:36:35] [INFO] [service.cluster.registry] [REGISTRY]   -> Done: brinnatt/pause:3.10.
3.10: digest: sha256:33a7bca766cfdb6f4c64f91675e5d4983007a1044061bb7c0317f2566ffaa2f5 size: 527
[2026-07-16 16:36:35] [INFO] [service.cluster.registry] [REGISTRY] All 7 image(s) uploaded to local registry.
[2026-07-16 16:36:35] [INFO] [service.cluster.downloader] [DOWNLOAD] Default images: 7 image(s) uploaded to local registry.
IMG_PREP_136_OK
[PASS] G0-brinnatt-bootstrap
========== PHASE 2: 147 preflight (G0/G1) ==========
Ansible Python policy (ansible-core 2.17): control node Python >=3.10, target module runtime Python >=3.9
test_parse_ansible_core_version (test_ansible_python.TestAnsibleCoreParsing) ... ok
test_parse_ansible_core_version_missing (test_ansible_python.TestAnsibleCoreParsing) ... ok
test_policy_fails_fast_when_detection_breaks (test_ansible_python.TestAnsiblePythonPolicy) ... ok
test_policy_resolves_from_ansible_version (test_ansible_python.TestAnsiblePythonPolicy) ... ok
test_probe_reports_missing_ansible_in_path (test_ansible_python.TestAnsiblePythonPolicy) ... ok
test_python_meets_spec (test_ansible_python.TestInterpreterValidation) ... ok
test_validate_local_interpreter (test_ansible_python.TestInterpreterValidation) ... ok
test_validate_remote_interpreter_version (test_ansible_python.TestInterpreterValidation) ... ok
test_matrix_2_16_target_runtime_min (test_ansible_python.TestSupportMatrix) ... ok
test_matrix_2_17_target_runtime_min (test_ansible_python.TestSupportMatrix) ... ok
test_all_component_images_are_brinnatt (test_brinnatt_image_contract.TestBrinnattImageContract) ... ok
test_default_images_are_brinnatt (test_brinnatt_image_contract.TestBrinnattImageContract) ... ok
test_cluster_after_flags (test_cli_completion.TestCliCompletion) ... ok
test_cluster_positional_still_works (test_cli_completion.TestCliCompletion) ... ok
test_completion_shells (test_cli_completion.TestCliCompletion) ... ok
test_docker_flags (test_cli_completion.TestCliCompletion) ... ok
test_download_long_flags_on_double_dash (test_cli_completion.TestCliCompletion) ... ok
test_download_prefix_filters_long (test_cli_completion.TestCliCompletion) ... ok
test_download_short_flags_on_dash (test_cli_completion.TestCliCompletion) ... ok
test_flag_prefix_does_not_steal_cluster_when_not_dash (test_cli_completion.TestCliCompletion) ... ok
test_kcfg_adm_mutex_hides_siblings (test_cli_completion.TestCliCompletion) ... ok
test_kcfg_adm_type_choices (test_cli_completion.TestCliCompletion) ... ok
test_kcfg_adm_type_equals_form (test_cli_completion.TestCliCompletion) ... ok
test_setup_steps_still_work (test_cli_completion.TestCliCompletion) ... ok
test_system_long_only_options (test_cli_completion.TestCliCompletion) ... ok
test_top_level_subcommands (test_cli_completion.TestCliCompletion) ... ok
test_used_flag_not_suggested_again (test_cli_completion.TestCliCompletion) ... ok
test_wait_for_daemon_ready_retries_until_sdk_ok (test_docker_daemon.TestDockerDaemonReady) ... ok
test_wait_for_daemon_ready_succeeds_on_first_ping (test_docker_daemon.TestDockerDaemonReady) ... ok
test_wait_for_daemon_ready_times_out (test_docker_daemon.TestDockerDaemonReady) ... [2026-07-16 16:36:36] [WARNING] [service.cluster.docker] Docker daemon not ready after 0.2s (docker info / SDK ping).
ok
test_execute_pull_sdk_fallback_uses_warning (test_docker_daemon.TestPullImage) ... ok
test_pull_image_logs_error_on_failure (test_docker_daemon.TestPullImage) ... ok
test_sdk_fallback_message_is_not_init_failure (test_docker_daemon.TestPullImage) ... ok
test_all_sources_fail_logs_error (test_registry_pull_sources.TestRegistryPullSources) ... ok
test_brinnatt_candidates_talkedu_first (test_registry_pull_sources.TestRegistryPullSources) ... ok
test_intermediate_failure_warning_final_error (test_registry_pull_sources.TestRegistryPullSources) ... ok
test_upstream_fallback_after_talkedu_and_hub (test_registry_pull_sources.TestRegistryPullSources)
Migrated images: talkedu → brinnatt hub → upstream origin. ... ok
test_capture_alias_is_supported (test_run_command.TestRunCommand)
Regression: capture=True must not leak to subprocess.run as invalid kwarg. ... ok
test_capture_output_default_captures_stdout (test_run_command.TestRunCommand) ... ok
test_capture_output_explicit (test_run_command.TestRunCommand) ... ok
test_default_tag_latest (test_talkedu_mirror.TestTalkeduMirror) ... ok
test_ignores_non_brinnatt (test_talkedu_mirror.TestTalkeduMirror) ... ok
test_maps_brinnatt_to_talkedu (test_talkedu_mirror.TestTalkeduMirror) ... ok
test_maps_migrated_defaults (test_talkedu_mirror.TestTalkeduMirror) ... ok
test_pull_order_talkedu_before_dockerhub (test_talkedu_mirror.TestTalkeduMirror)
CN production: hub.talkedu.cn first, Docker Hub brinnatt/* as fallback. ... ok

----------------------------------------------------------------------
Ran 45 tests in 0.328s

OK
[2026-07-16 16:36:37] [INFO] [controller.cluster.cli] v0.1.1
[2026-07-16 16:36:37] [ERROR] [controller.cluster.cli] kubeconfig not found, run 'setup' first
