LOG=/var/log/kubeauto-lvm-reinstall-20260717163858.log
  VG     #PV #LV #SN Attr   VSize   VFree  
  vg_k8s   1   0   0 wz--n- <60.00g <60.00g
  PV           VG     Fmt  Attr PSize   PFree  
  /dev/nvme0n2 vg_k8s lvm2 a--  <60.00g <60.00g
=== uninstall old openebs (hostpath-only) ===
These resources were kept due to the resource policy:
[CustomResourceDefinition] volumesnapshotclasses.snapshot.storage.k8s.io
[CustomResourceDefinition] volumesnapshotcontents.snapshot.storage.k8s.io
[CustomResourceDefinition] volumesnapshots.snapshot.storage.k8s.io

release "openebs" uninstalled
namespace "openebs" deleted
persistentvolumeclaim "lvm-smoke-pvc" force deleted
pod "lvm-smoke-pod" force deleted
ns Terminating try=1
ns Terminating try=2
=== reinstall via setup 07 ===
[2026-07-17 16:39:05] [INFO] [service.cluster.downloader] [DOWNLOAD] Component openebs: uploading 9 image(s) to local registry.
[2026-07-17 16:39:05] [WARNING] [service.cluster.registry] [REGISTRY] Local registry already running; skipping.
[2026-07-17 16:39:05] [INFO] [service.cluster.registry] [REGISTRY] Uploading 9 image(s) to local registry.
[2026-07-17 16:39:05] [INFO] [service.cluster.registry] [REGISTRY] [1/9] Image: brinnatt/openebs-kubectl:1.33.6
[2026-07-17 16:39:05] [INFO] [service.cluster.registry] [REGISTRY]   -> Image exists locally; skipping pull.
[2026-07-17 16:39:05] [INFO] [service.cluster.registry] [REGISTRY]   -> Tagging and pushing to local registry.
[2026-07-17 16:39:05] [INFO] [service.cluster.docker] [UPLOAD] Pushing image: registry.talkschool.cn:5000/brinnatt/openebs-kubectl:1.33.6
The push refers to repository [registry.talkschool.cn:5000/brinnatt/openebs-kubectl]
2e21018b343a: Layer already exists
f18232174bc9: Layer already exists
8066551ee209: Layer already exists
1.33.6: digest: sha256:da23e997bf62c9ead5b46bcbc823dfca4c48b00a0f3d211af9a4412bcf173843 size: 901
[2026-07-17 16:39:05] [INFO] [service.cluster.docker] [UPLOAD] Pushed successfully: registry.talkschool.cn:5000/brinnatt/openebs-kubectl:1.33.6
[2026-07-17 16:39:05] [INFO] [service.cluster.registry] [REGISTRY]   -> Done: brinnatt/openebs-kubectl:1.33.6.
[2026-07-17 16:39:05] [INFO] [service.cluster.registry] [REGISTRY] [2/9] Image: brinnatt/provisioner-localpv:4.3.0
[2026-07-17 16:39:05] [INFO] [service.cluster.registry] [REGISTRY]   -> Image exists locally; skipping pull.
[2026-07-17 16:39:05] [INFO] [service.cluster.registry] [REGISTRY]   -> Tagging and pushing to local registry.
[2026-07-17 16:39:05] [INFO] [service.cluster.docker] [UPLOAD] Pushing image: registry.talkschool.cn:5000/brinnatt/provisioner-localpv:4.3.0
The push refers to repository [registry.talkschool.cn:5000/brinnatt/provisioner-localpv]
998b02d304d1: Layer already exists
ec99f8b99825: Layer already exists
680a329be303: Layer already exists
4.3.0: digest: sha256:f97f7522013fdfac9bddaa07363df0c93f7641f7538e94987c8cd8f1a3cb45ee size: 900
[2026-07-17 16:39:05] [INFO] [service.cluster.docker] [UPLOAD] Pushed successfully: registry.talkschool.cn:5000/brinnatt/provisioner-localpv:4.3.0
[2026-07-17 16:39:05] [INFO] [service.cluster.registry] [REGISTRY]   -> Done: brinnatt/provisioner-localpv:4.3.0.
[2026-07-17 16:39:05] [INFO] [service.cluster.registry] [REGISTRY] [3/9] Image: brinnatt/linux-utils:4.2.0
[2026-07-17 16:39:05] [INFO] [service.cluster.registry] [REGISTRY]   -> Image exists locally; skipping pull.
[2026-07-17 16:39:05] [INFO] [service.cluster.registry] [REGISTRY]   -> Tagging and pushing to local registry.
[2026-07-17 16:39:06] [INFO] [service.cluster.docker] [UPLOAD] Pushing image: registry.talkschool.cn:5000/brinnatt/linux-utils:4.2.0
The push refers to repository [registry.talkschool.cn:5000/brinnatt/linux-utils]
8066551ee209: Layer already exists
f18232174bc9: Layer already exists
4.2.0: digest: sha256:1e8af0856f5f47d29433508584b47315f5c6e3ce133e1849b88ee0d43739d80a size: 674
[2026-07-17 16:39:06] [INFO] [service.cluster.docker] [UPLOAD] Pushed successfully: registry.talkschool.cn:5000/brinnatt/linux-utils:4.2.0
[2026-07-17 16:39:06] [INFO] [service.cluster.registry] [REGISTRY]   -> Done: brinnatt/linux-utils:4.2.0.
[2026-07-17 16:39:06] [INFO] [service.cluster.registry] [REGISTRY] [4/9] Image: brinnatt/lvm-driver:1.7.0
[2026-07-17 16:39:06] [INFO] [service.cluster.registry] [REGISTRY]   -> Image exists locally; skipping pull.
[2026-07-17 16:39:06] [INFO] [service.cluster.registry] [REGISTRY]   -> Tagging and pushing to local registry.
[2026-07-17 16:39:06] [INFO] [service.cluster.docker] [UPLOAD] Pushing image: registry.talkschool.cn:5000/brinnatt/lvm-driver:1.7.0
The push refers to repository [registry.talkschool.cn:5000/brinnatt/lvm-driver]
96526aa774ef: Layer already exists
a6e9231199c9: Layer already exists
7402caf5e829: Layer already exists
1a4e73c9f841: Layer already exists
96bf643e1ab7: Layer already exists
1.7.0: digest: sha256:0464088b7863a3c474f2b31cac8f0e8743706a9e2c3d88beec435f022d8468dc size: 1250
[2026-07-17 16:39:06] [INFO] [service.cluster.docker] [UPLOAD] Pushed successfully: registry.talkschool.cn:5000/brinnatt/lvm-driver:1.7.0
[2026-07-17 16:39:06] [INFO] [service.cluster.registry] [REGISTRY]   -> Done: brinnatt/lvm-driver:1.7.0.
[2026-07-17 16:39:06] [INFO] [service.cluster.registry] [REGISTRY] [5/9] Image: brinnatt/csi-node-driver-registrar:v2.13.0
[2026-07-17 16:39:06] [INFO] [service.cluster.registry] [REGISTRY]   -> Image exists locally; skipping pull.
[2026-07-17 16:39:06] [INFO] [service.cluster.registry] [REGISTRY]   -> Tagging and pushing to local registry.
[2026-07-17 16:39:06] [INFO] [service.cluster.docker] [UPLOAD] Pushing image: registry.talkschool.cn:5000/brinnatt/csi-node-driver-registrar:v2.13.0
The push refers to repository [registry.talkschool.cn:5000/brinnatt/csi-node-driver-registrar]
f518e07ffa2e: Layer already exists
7c12895b777b: Layer already exists
0bab15eea81d: Layer already exists
a62778643d56: Layer already exists
4aa0ea1413d3: Layer already exists
5664b15f108b: Layer already exists
da7816fa955e: Layer already exists
9aee425378d2: Layer already exists
0baecf37abee: Layer already exists
efa9d1d5d3a2: Layer already exists
bfb59b82a9b6: Layer already exists
3214acf345c0: Layer already exists
v2.13.0: digest: sha256:227fed53d5c9e62404b8acd4592de5410a21d6fcbc56113ab07c06967a287bc7 size: 2559
[2026-07-17 16:39:06] [INFO] [service.cluster.docker] [UPLOAD] Pushed successfully: registry.talkschool.cn:5000/brinnatt/csi-node-driver-registrar:v2.13.0
[2026-07-17 16:39:06] [INFO] [service.cluster.registry] [REGISTRY]   -> Done: brinnatt/csi-node-driver-registrar:v2.13.0.
[2026-07-17 16:39:06] [INFO] [service.cluster.registry] [REGISTRY] [6/9] Image: brinnatt/csi-resizer:v1.11.2
[2026-07-17 16:39:06] [INFO] [service.cluster.registry] [REGISTRY]   -> Image exists locally; skipping pull.
[2026-07-17 16:39:06] [INFO] [service.cluster.registry] [REGISTRY]   -> Tagging and pushing to local registry.
[2026-07-17 16:39:06] [INFO] [service.cluster.docker] [UPLOAD] Pushing image: registry.talkschool.cn:5000/brinnatt/csi-resizer:v1.11.2
The push refers to repository [registry.talkschool.cn:5000/brinnatt/csi-resizer]
33e068de2649: Layer already exists
e8d9a567199d: Layer already exists
f531499c6b73: Layer already exists
27be814a09eb: Layer already exists
4aa0ea1413d3: Layer already exists
da7816fa955e: Layer already exists
9aee425378d2: Layer already exists
5664b15f108b: Layer already exists
058cf3d8c2ba: Layer already exists
b6824ed73363: Layer already exists
3c4c00804573: Layer already exists
7c12895b777b: Layer already exists
v1.11.2: digest: sha256:174534d8620cb5668f3be6d6e9c9d2a1fbc3b5b432fc4c625597c5a187ea2b14 size: 2559
[2026-07-17 16:39:06] [INFO] [service.cluster.docker] [UPLOAD] Pushed successfully: registry.talkschool.cn:5000/brinnatt/csi-resizer:v1.11.2
[2026-07-17 16:39:06] [INFO] [service.cluster.registry] [REGISTRY]   -> Done: brinnatt/csi-resizer:v1.11.2.
[2026-07-17 16:39:06] [INFO] [service.cluster.registry] [REGISTRY] [7/9] Image: brinnatt/csi-snapshotter:v7.0.0
[2026-07-17 16:39:06] [INFO] [service.cluster.registry] [REGISTRY]   -> Image exists locally; skipping pull.
[2026-07-17 16:39:06] [INFO] [service.cluster.registry] [REGISTRY]   -> Tagging and pushing to local registry.
[2026-07-17 16:39:06] [INFO] [service.cluster.docker] [UPLOAD] Pushing image: registry.talkschool.cn:5000/brinnatt/csi-snapshotter:v7.0.0
The push refers to repository [registry.talkschool.cn:5000/brinnatt/csi-snapshotter]
1e3d9b7d1452: Layer already exists
4aa0ea1413d3: Layer already exists
7c881f9ab25e: Layer already exists
07a64a71e011: Layer already exists
280126c0e181: Layer already exists
5627a970d25e: Layer already exists
5c6f703c260a: Layer already exists
fe5ca62666f0: Layer already exists
fcb6f6d2c998: Layer already exists
e8c73c638ae9: Layer already exists
v7.0.0: digest: sha256:d080fe1eb74ba4c4ed8c07dcd07593b92f3316c814ef2161ce954772faa8d03f size: 2185
[2026-07-17 16:39:06] [INFO] [service.cluster.docker] [UPLOAD] Pushed successfully: registry.talkschool.cn:5000/brinnatt/csi-snapshotter:v7.0.0
[2026-07-17 16:39:06] [INFO] [service.cluster.registry] [REGISTRY]   -> Done: brinnatt/csi-snapshotter:v7.0.0.
[2026-07-17 16:39:06] [INFO] [service.cluster.registry] [REGISTRY] [8/9] Image: brinnatt/csi-provisioner:v5.2.0
[2026-07-17 16:39:06] [INFO] [service.cluster.registry] [REGISTRY]   -> Image exists locally; skipping pull.
[2026-07-17 16:39:06] [INFO] [service.cluster.registry] [REGISTRY]   -> Tagging and pushing to local registry.
[2026-07-17 16:39:06] [INFO] [service.cluster.docker] [UPLOAD] Pushing image: registry.talkschool.cn:5000/brinnatt/csi-provisioner:v5.2.0
The push refers to repository [registry.talkschool.cn:5000/brinnatt/csi-provisioner]
9aee425378d2: Layer already exists
4aa0ea1413d3: Layer already exists
7c12895b777b: Layer already exists
3214acf345c0: Layer already exists
bfb59b82a9b6: Layer already exists
efa9d1d5d3a2: Layer already exists
388fac73db4d: Layer already exists
0bab15eea81d: Layer already exists
688513194d7a: Layer already exists
5664b15f108b: Layer already exists
a62778643d56: Layer already exists
da7816fa955e: Layer already exists
v5.2.0: digest: sha256:1685e05b2c81e31bf7adb64cf5934160bb60a07e04978e4be94aa615ff229461 size: 2559
[2026-07-17 16:39:06] [INFO] [service.cluster.docker] [UPLOAD] Pushed successfully: registry.talkschool.cn:5000/brinnatt/csi-provisioner:v5.2.0
[2026-07-17 16:39:06] [INFO] [service.cluster.registry] [REGISTRY]   -> Done: brinnatt/csi-provisioner:v5.2.0.
[2026-07-17 16:39:06] [INFO] [service.cluster.registry] [REGISTRY] [9/9] Image: brinnatt/snapshot-controller:v8.3.0
[2026-07-17 16:39:06] [INFO] [service.cluster.registry] [REGISTRY]   -> Image exists locally; skipping pull.
[2026-07-17 16:39:06] [INFO] [service.cluster.registry] [REGISTRY]   -> Tagging and pushing to local registry.
[2026-07-17 16:39:06] [INFO] [service.cluster.docker] [UPLOAD] Pushing image: registry.talkschool.cn:5000/brinnatt/snapshot-controller:v8.3.0
The push refers to repository [registry.talkschool.cn:5000/brinnatt/snapshot-controller]
d085939bf7ef: Layer already exists
bfb59b82a9b6: Layer already exists
5664b15f108b: Layer already exists
4aa0ea1413d3: Layer already exists
ddf74a63f7d8: Layer already exists
4eff9a62d888: Layer already exists
3214acf345c0: Layer already exists
35d697fe2738: Layer already exists
da7816fa955e: Layer already exists
a62778643d56: Layer already exists
0bab15eea81d: Layer already exists
7c12895b777b: Layer already exists
v8.3.0: digest: sha256:d6353448e0476bb9c017c23d9476039b32d0aeb8a08a80e87b18a2e5450ed4ba size: 2559
[2026-07-17 16:39:06] [INFO] [service.cluster.docker] [UPLOAD] Pushed successfully: registry.talkschool.cn:5000/brinnatt/snapshot-controller:v8.3.0
[2026-07-17 16:39:06] [INFO] [service.cluster.registry] [REGISTRY]   -> Done: brinnatt/snapshot-controller:v8.3.0.
[2026-07-17 16:39:06] [INFO] [service.cluster.registry] [REGISTRY] All 9 image(s) uploaded to local registry.
[2026-07-17 16:39:06] [INFO] [service.cluster.downloader] [DOWNLOAD] Component openebs: 9 image(s) uploaded.
[2026-07-17 16:39:07] [INFO] [service.cluster.manager] Ansible Python policy (ansible-core 2.17): control node Python >=3.10, target module runtime Python >=3.9
[2026-07-17 16:39:07] [INFO] [service.cluster.manager] Setting up cluster with playbook 07.cluster-addon.yml.
[2026-07-17 16:39:07] [INFO] [service.cluster.manager] Component versions (kubernetes / etcd / network):
[2026-07-17 16:39:07] [INFO] [service.cluster.manager]   kubernetes: v1.33.6, etcd: v3.6.4, calico: v3.28.4

PLAY [localhost] ***************************************************************

TASK [Gathering Facts] *********************************************************
ok: [localhost]

TASK [cluster-addon : 获取所有已经创建的POD信息] *******************************
changed: [localhost]

TASK [cluster-addon : 准备 DNS的部署文件] **************************************
skipping: [localhost]

TASK [cluster-addon : 删除coredns部署] *****************************************
skipping: [localhost]

TASK [cluster-addon : 创建coredns部署] *****************************************
skipping: [localhost]

TASK [cluster-addon : 准备dnscache的部署文件] **********************************
skipping: [localhost]

TASK [cluster-addon : 准备dnscache的部署文件] **********************************
skipping: [localhost]

TASK [cluster-addon : 删除dnscache部署] ****************************************
skipping: [localhost]

TASK [cluster-addon : 创建dnscache部署] ****************************************
skipping: [localhost]

TASK [cluster-addon : wait for hubble-relay Ready (needs cluster DNS)] *********
skipping: [localhost]

TASK [cluster-addon : wait for hubble-ui Ready] ********************************
skipping: [localhost]

TASK [cluster-addon : 准备 metrics-server的部署文件] ***************************
skipping: [localhost]

TASK [cluster-addon : 删除 metrics-server部署] *********************************
skipping: [localhost]

TASK [cluster-addon : 创建 metrics-server部署] *********************************
skipping: [localhost]

TASK [cluster-addon : prepare some dirs] ***************************************
skipping: [localhost]

TASK [cluster-addon : 准备 dashboard的部署文件] ********************************
skipping: [localhost] => (item=dashboard-values.yaml) 
skipping: [localhost] => (item=admin-user-sa-rbac.yaml) 
skipping: [localhost] => (item=read-user-sa-rbac.yaml) 
skipping: [localhost]

TASK [cluster-addon : 创建 dashboard部署] **************************************
skipping: [localhost]

TASK [cluster-addon : 创建用户admin,read] **************************************
skipping: [localhost]

TASK [cluster-addon : 准备 local-storage 配置目录] *****************************
skipping: [localhost]

TASK [cluster-addon : 准备 local-storage部署文件] ******************************
skipping: [localhost] => (item=local-path-storage.yaml) 
skipping: [localhost] => (item=test-pod.yaml) 
skipping: [localhost]

TASK [cluster-addon : 创建 local-storage部署] **********************************
skipping: [localhost]

TASK [cluster-addon : 准备 nfs-provisioner 配置目录] ***************************
skipping: [localhost]

TASK [cluster-addon : 准备 nfs-provisioner部署文件] ****************************
skipping: [localhost] => (item=nfs-provisioner.yaml) 
skipping: [localhost] => (item=test-pod.yaml) 
skipping: [localhost]

TASK [cluster-addon : 创建 nfs-provisioner部署] ********************************
skipping: [localhost]

TASK [cluster-addon : 清理 snapshot-controller crd] ****************************
changed: [localhost]

TASK [cluster-addon : prepare some dirs] ***************************************
ok: [localhost]

TASK [cluster-addon : 确保命名空间openebs Ready] *******************************
changed: [localhost]

TASK [cluster-addon : 创建chart 个性化设置] ************************************
changed: [localhost] => (item=values.yaml)
ok: [localhost] => (item=sc.yaml)

TASK [cluster-addon : helm 部署 openebs operator] ******************************
changed: [localhost]

TASK [cluster-addon : 轮询等待部署 openebs] ************************************
changed: [localhost]

TASK [cluster-addon : 轮询等待lvm-localpv-controller 运行] *********************
FAILED - RETRYING: [localhost]: 轮询等待lvm-localpv-controller 运行 (15 retries left).
changed: [localhost]

TASK [cluster-addon : 创建lvm storageclass] ************************************
changed: [localhost]

TASK [cluster-addon : 获取是否已创建命名空间monitor] ***************************
skipping: [localhost]

TASK [cluster-addon : 创建命名空间monitor] *************************************
skipping: [localhost]

TASK [cluster-addon : get etcd-client-cert info] *******************************
skipping: [localhost]

TASK [cluster-addon : 创建etcd-client 证书请求] ********************************
skipping: [localhost]

TASK [cluster-addon : 创建 etcd-client证书和私钥] ******************************
skipping: [localhost]

TASK [cluster-addon : 删除 etcd-client-cert] ***********************************
skipping: [localhost]

TASK [cluster-addon : 创建 etcd-client-cert] ***********************************
skipping: [localhost]

TASK [cluster-addon : debug] ***************************************************
skipping: [localhost]

TASK [cluster-addon : 创建 prom chart 个性化设置] ******************************
skipping: [localhost]

TASK [cluster-addon : helm 删除 kube-prometheus-stack 75.7.0] ******************
skipping: [localhost]

TASK [cluster-addon : helm 创建 kube-prometheus-stack 75.7.0] ******************
skipping: [localhost]

TASK [cluster-addon : prepare some dirs] ***************************************
skipping: [localhost]

TASK [cluster-addon : 创建命名空间minio] ***************************************
skipping: [localhost]

TASK [cluster-addon : get minio-global-cert info] ******************************
skipping: [localhost]

TASK [cluster-addon : 创建 minio-global-cert] **********************************
skipping: [localhost]

TASK [cluster-addon : 创建chart 个性化设置] ************************************
skipping: [localhost] => (item=operator-values.yaml) 
skipping: [localhost] => (item=tenant-values.yaml) 
skipping: [localhost]

TASK [cluster-addon : helm 部署 minio operator] ********************************
skipping: [localhost]

TASK [cluster-addon : 轮询等待部署 minio operator] *****************************
skipping: [localhost]

TASK [cluster-addon : helm 部署 minio tenant] **********************************
skipping: [localhost]

TASK [cluster-addon : 准备 nacos的部署文件] ************************************
skipping: [localhost]

TASK [cluster-addon : 创建命名空间nacos] ***************************************
skipping: [localhost]

TASK [cluster-addon : 创建 nacos部署] ******************************************
skipping: [localhost]

TASK [cluster-addon : 确保命名空间rocketmq Ready] ******************************
skipping: [localhost]

TASK [cluster-addon : helm 部署 rocketmq operator] *****************************
skipping: [localhost]

TASK [cluster-addon : 轮询等待 rocketmq operator 运行] *************************
skipping: [localhost]

TASK [cluster-addon : 准备 rocketmq 部署文件] **********************************
skipping: [localhost]

TASK [cluster-addon : 部署 rocketmq cluster] ***********************************
skipping: [localhost]

TASK [cluster-addon : 准备 cilium-check 配置目录] ******************************
skipping: [localhost]

TASK [cluster-addon : 准备部署文件] ********************************************
skipping: [localhost] => (item=connectivity-check.yaml) 
skipping: [localhost] => (item=check-part1.yaml) 
skipping: [localhost] => (item=namespace.yaml) 
skipping: [localhost]

TASK [cluster-addon : 创建测试namespace] ***************************************
skipping: [localhost]

TASK [cluster-addon : 创建测试part1] *******************************************
skipping: [localhost]

TASK [cluster-addon : 轮询等待echo pod运行，视下载镜像速度而定] ****************
skipping: [localhost]

TASK [cluster-addon : 创建完整测试connectivity-check] **************************
skipping: [localhost]

TASK [cluster-addon : debug] ***************************************************
skipping: [localhost]

TASK [cluster-addon : 准备 network-check 配置目录] *****************************
skipping: [localhost]

TASK [cluster-addon : 准备部署文件] ********************************************
skipping: [localhost] => (item=network-check.yaml) 
skipping: [localhost] => (item=namespace.yaml) 
skipping: [localhost]

TASK [cluster-addon : 创建测试namespace] ***************************************
skipping: [localhost]

TASK [cluster-addon : 创建完整测试network-check] *******************************
skipping: [localhost]

TASK [cluster-addon : debug] ***************************************************
skipping: [localhost]

TASK [cluster-addon : prepare some dirs] ***************************************
skipping: [localhost]

TASK [cluster-addon : 创建命名空间ingress-nginx] *******************************
skipping: [localhost]

TASK [cluster-addon : label nodes for ingress-nginx controller] ****************
skipping: [localhost]

TASK [cluster-addon : 创建chart 个性化设置] ************************************
skipping: [localhost] => (item=values.yaml) 
skipping: [localhost]

TASK [cluster-addon : helm 部署 ingress-nginx] *********************************
skipping: [localhost]

TASK [cluster-addon : 轮询等待部署 ingress-nginx] ******************************
skipping: [localhost]

TASK [cluster-addon : 提示 WARNNING] *******************************************
skipping: [localhost]

PLAY RECAP *********************************************************************
localhost                  : ok=10   changed=8    unreachable=0    failed=0    skipped=68   rescued=0    ignored=0   
[2026-07-17 16:39:25] [INFO] [service.cluster.manager] Cluster setup completed (playbook 07.cluster-addon.yml).
NAME                  PROVISIONER                                   RECLAIMPOLICY   VOLUMEBINDINGMODE      ALLOWVOLUMEEXPANSION   AGE
managed-nfs-storage   k8s-sigs.io/nfs-subdir-external-provisioner   Delete          Immediate              false                  37m
openebs-hostpath      openebs.io/local                              Delete          WaitForFirstConsumer   false                  13s
openebs-lvmpv         local.csi.openebs.io                          Delete          WaitForFirstConsumer   true                   2s
NAME                                              READY   STATUS    RESTARTS   AGE   IP              NODE         NOMINATED NODE   READINESS GATES
openebs-localpv-provisioner-68ccf69dc9-z877s      1/1     Running   0          12s   172.27.175.13   master-130   <none>           <none>
openebs-lvm-localpv-controller-59686587b8-gfjdw   5/5     Running   0          12s   172.27.175.11   master-130   <none>           <none>
openebs-lvm-localpv-node-8sv9h                    2/2     Running   0          12s   172.27.175.12   master-130   <none>           <none>
openebs-localpv-provisioner-68ccf69dc9-z877s      1/1   Running   0     12s
openebs-lvm-localpv-controller-59686587b8-gfjdw   5/5   Running   0     12s
openebs-lvm-localpv-node-8sv9h                    2/2   Running   0     12s
try=1 ctrl=5/5 node=2/2
NAME                  PROVISIONER                                   RECLAIMPOLICY   VOLUMEBINDINGMODE      ALLOWVOLUMEEXPANSION   AGE
managed-nfs-storage   k8s-sigs.io/nfs-subdir-external-provisioner   Delete          Immediate              false                  37m
openebs-hostpath      openebs.io/local                              Delete          WaitForFirstConsumer   false                  13s
openebs-lvmpv         local.csi.openebs.io                          Delete          WaitForFirstConsumer   true                   2s
NAME                                              READY   STATUS    RESTARTS   AGE   IP              NODE         NOMINATED NODE   READINESS GATES
openebs-localpv-provisioner-68ccf69dc9-z877s      1/1     Running   0          12s   172.27.175.13   master-130   <none>           <none>
openebs-lvm-localpv-controller-59686587b8-gfjdw   5/5     Running   0          12s   172.27.175.11   master-130   <none>           <none>
openebs-lvm-localpv-node-8sv9h                    2/2     Running   0          12s   172.27.175.12   master-130   <none>           <none>
persistentvolumeclaim/lvm-smoke-pvc created
pod/lvm-smoke-pod created
NAME            STATUS    VOLUME   CAPACITY   ACCESS MODES   STORAGECLASS    VOLUMEATTRIBUTESCLASS   AGE   VOLUMEMODE
lvm-smoke-pvc   Pending                                      openebs-lvmpv   <unset>                 0s    Filesystem
NAME            READY   STATUS    RESTARTS   AGE   IP       NODE     NOMINATED NODE   READINESS GATES
lvm-smoke-pod   0/1     Pending   0          0s    <none>   <none>   <none>           <none>
rw_try=1 phase=Pending
NAME            STATUS   VOLUME                                     CAPACITY   ACCESS MODES   STORAGECLASS    VOLUMEATTRIBUTESCLASS   AGE   VOLUMEMODE
lvm-smoke-pvc   Bound    pvc-0d6e6189-8232-467e-8d87-4ee7ed197ddd   2Gi        RWO            openebs-lvmpv   <unset>                 5s    Filesystem
NAME            READY   STATUS    RESTARTS   AGE   IP              NODE         NOMINATED NODE   READINESS GATES
lvm-smoke-pod   1/1     Running   0          5s    172.27.175.14   master-130   <none>           <none>
rw_try=2 phase=Running
out=lvm-ok-realdisk
=== LVs ===
  LV                                       VG     Attr       LSize Pool            Origin Data%  Meta%  Move Log Cpy%Sync Convert
  pvc-0d6e6189-8232-467e-8d87-4ee7ed197ddd vg_k8s Vwi-aotz-- 2.00g vg_k8s_thinpool        4.79                                   
  vg_k8s_thinpool                          vg_k8s twi-aotz-- 2.00g                        4.79   11.91                           
  VG     #PV #LV #SN Attr   VSize   VFree  
  vg_k8s   1   2   0 wz--n- <60.00g <57.99g
LVM_REALDISK_PASS
LOG=/var/log/kubeauto-lvm-reinstall-20260717163858.log
