LOG=/var/log/kubeauto-nfs-rw-20260717160926.log
NAME         STATUS   ROLES    AGE     VERSION   INTERNAL-IP      EXTERNAL-IP   OS-IMAGE                            KERNEL-VERSION             CONTAINER-RUNTIME
master-130   Ready    master   7m57s   v1.33.6   192.168.47.130   <none>        Rocky Linux 8.10 (Green Obsidian)   4.18.0-553.el8_10.x86_64   containerd://2.1.4
NAME                  PROVISIONER                                   RECLAIMPOLICY   VOLUMEBINDINGMODE      ALLOWVOLUMEEXPANSION   AGE
managed-nfs-storage   k8s-sigs.io/nfs-subdir-external-provisioner   Delete          Immediate              false                  7m15s
openebs-hostpath      openebs.io/local                              Delete          WaitForFirstConsumer   false                  7m12s
nfs-client-provisioner-6d5dd9b9d9-8wmb9    1/1     Running   0          7m15s
persistentvolumeclaim "nfs-smoke-pvc" deleted
persistentvolumeclaim/nfs-smoke-pvc created
pod/nfs-smoke-pod created
NAME            STATUS   VOLUME                                     CAPACITY   ACCESS MODES   STORAGECLASS          VOLUMEATTRIBUTESCLASS   AGE   VOLUMEMODE
nfs-smoke-pvc   Bound    pvc-27fd6fb4-deed-4037-89e0-c0c1ff5b3968   1Gi        RWX            managed-nfs-storage   <unset>                 0s    Filesystem
NAME            READY   STATUS              RESTARTS   AGE   IP       NODE         NOMINATED NODE   READINESS GATES
nfs-smoke-pod   0/1     ContainerCreating   0          0s    <none>   master-130   <none>           <none>
try=1 phase=Pending
NAME            STATUS   VOLUME                                     CAPACITY   ACCESS MODES   STORAGECLASS          VOLUMEATTRIBUTESCLASS   AGE   VOLUMEMODE
nfs-smoke-pvc   Bound    pvc-27fd6fb4-deed-4037-89e0-c0c1ff5b3968   1Gi        RWX            managed-nfs-storage   <unset>                 5s    Filesystem
NAME            READY   STATUS    RESTARTS   AGE   IP             NODE         NOMINATED NODE   READINESS GATES
nfs-smoke-pod   1/1     Running   0          5s    172.27.175.5   master-130   <none>           <none>
try=2 phase=Running
out=nfs-ok
pod/nfs-smoke-pod2 created
shared=nfs-ok
nfs-ok-2
NFS_RW_PASS
LOG=/var/log/kubeauto-nfs-rw-20260717160926.log
