========== 3) cluster deliver-stor ==========
[2026-07-17 15:58:40] [ERROR] [controller.cluster.cli] Cluster deliver-stor not found
[2026-07-17 15:58:41] [INFO] [service.cluster.manager] Cluster deliver-stor created. Next: edit /usr/local/kubeauto/clusters/deliver-stor/hosts and /usr/local/kubeauto/clusters/deliver-stor/config.yml, then run setup.
config patched LVM_READY=0
[2026-07-17 15:58:42] [INFO] [service.cluster.downloader] [DOWNLOAD] Default images: uploading 7 image(s) to local registry.
[2026-07-17 15:58:42] [WARNING] [service.cluster.registry] [REGISTRY] Local registry already running; skipping.
[2026-07-17 15:58:42] [INFO] [service.cluster.registry] [REGISTRY] Uploading 7 image(s) to local registry.
[2026-07-17 15:58:42] [INFO] [service.cluster.registry] [REGISTRY] [1/7] Image: brinnatt/calico-cni:v3.28.4
[2026-07-17 15:58:42] [INFO] [service.cluster.registry] [REGISTRY]   -> Image exists locally; skipping pull.
[2026-07-17 15:58:42] [INFO] [service.cluster.registry] [REGISTRY]   -> Tagging and pushing to local registry.
[2026-07-17 15:58:42] [INFO] [service.cluster.docker] [UPLOAD] Pushing image: registry.talkschool.cn:5000/brinnatt/calico-cni:v3.28.4
The push refers to repository [registry.talkschool.cn:5000/brinnatt/calico-cni]
2772ed331197: Layer already exists
b9043961d354: Layer already exists
4f4fb700ef54: Layer already exists
v3.28.4: digest: sha256:55818ec0c4bdfc1467805659b04eeddefc7c8539e192944c4141d4363a8fab4e size: 946
[2026-07-17 15:58:42] [INFO] [service.cluster.docker] [UPLOAD] Pushed successfully: registry.talkschool.cn:5000/brinnatt/calico-cni:v3.28.4
[2026-07-17 15:58:42] [INFO] [service.cluster.registry] [REGISTRY]   -> Done: brinnatt/calico-cni:v3.28.4.
[2026-07-17 15:58:42] [INFO] [service.cluster.registry] [REGISTRY] [2/7] Image: brinnatt/calico-kube-controllers:v3.28.4
[2026-07-17 15:58:42] [INFO] [service.cluster.registry] [REGISTRY]   -> Image exists locally; skipping pull.
[2026-07-17 15:58:42] [INFO] [service.cluster.registry] [REGISTRY]   -> Tagging and pushing to local registry.
[2026-07-17 15:58:42] [INFO] [service.cluster.docker] [UPLOAD] Pushing image: registry.talkschool.cn:5000/brinnatt/calico-kube-controllers:v3.28.4
The push refers to repository [registry.talkschool.cn:5000/brinnatt/calico-kube-controllers]
914be66db056: Layer already exists
2772ed331197: Layer already exists
v3.28.4: digest: sha256:1c07cc091d70a525b305e84c3c83086046b71875fb07ffafb8154301cde1f2ee size: 740
[2026-07-17 15:58:42] [INFO] [service.cluster.docker] [UPLOAD] Pushed successfully: registry.talkschool.cn:5000/brinnatt/calico-kube-controllers:v3.28.4
[2026-07-17 15:58:42] [INFO] [service.cluster.registry] [REGISTRY]   -> Done: brinnatt/calico-kube-controllers:v3.28.4.
[2026-07-17 15:58:42] [INFO] [service.cluster.registry] [REGISTRY] [3/7] Image: brinnatt/calico-node:v3.28.4
[2026-07-17 15:58:42] [INFO] [service.cluster.registry] [REGISTRY]   -> Image exists locally; skipping pull.
[2026-07-17 15:58:42] [INFO] [service.cluster.registry] [REGISTRY]   -> Tagging and pushing to local registry.
[2026-07-17 15:58:42] [INFO] [service.cluster.docker] [UPLOAD] Pushing image: registry.talkschool.cn:5000/brinnatt/calico-node:v3.28.4
The push refers to repository [registry.talkschool.cn:5000/brinnatt/calico-node]
385e82df3dbc: Layer already exists
v3.28.4: digest: sha256:cec640f3131eb91fece8b7dc14f5241b5192fe7faa107f91e2497c09332b96c8 size: 530
[2026-07-17 15:58:42] [INFO] [service.cluster.docker] [UPLOAD] Pushed successfully: registry.talkschool.cn:5000/brinnatt/calico-node:v3.28.4
[2026-07-17 15:58:42] [INFO] [service.cluster.registry] [REGISTRY]   -> Done: brinnatt/calico-node:v3.28.4.
[2026-07-17 15:58:42] [INFO] [service.cluster.registry] [REGISTRY] [4/7] Image: brinnatt/coredns:1.12.4
[2026-07-17 15:58:42] [INFO] [service.cluster.registry] [REGISTRY]   -> Image exists locally; skipping pull.
[2026-07-17 15:58:42] [INFO] [service.cluster.registry] [REGISTRY]   -> Tagging and pushing to local registry.
[2026-07-17 15:58:42] [INFO] [service.cluster.docker] [UPLOAD] Pushing image: registry.talkschool.cn:5000/brinnatt/coredns:1.12.4
The push refers to repository [registry.talkschool.cn:5000/brinnatt/coredns]
d858cbc252ad: Layer already exists
eb8f5749650b: Layer already exists
2e4cf50eeb92: Layer already exists
56ce5a7a0a8c: Layer already exists
0f8b424aa0b9: Layer already exists
3f4e2c586348: Layer already exists
e3872157bf65: Layer already exists
1069fc2daed1: Layer already exists
06ef02220bb4: Layer already exists
d557676654e5: Layer already exists
b40161cd83fc: Layer already exists
259db2ee6b87: Layer already exists
e1089d61b200: Layer already exists
d82bc7a76a83: Layer already exists
1.12.4: digest: sha256:5fe4ce2f40fba78ebd7941f205d5ba21058e6aebff00878325f3f2645d9d465c size: 3233
[2026-07-17 15:58:42] [INFO] [service.cluster.docker] [UPLOAD] Pushed successfully: registry.talkschool.cn:5000/brinnatt/coredns:1.12.4
[2026-07-17 15:58:42] [INFO] [service.cluster.registry] [REGISTRY]   -> Done: brinnatt/coredns:1.12.4.
[2026-07-17 15:58:42] [INFO] [service.cluster.registry] [REGISTRY] [5/7] Image: brinnatt/k8s-dns-node-cache:1.26.4
[2026-07-17 15:58:42] [INFO] [service.cluster.registry] [REGISTRY]   -> Image exists locally; skipping pull.
[2026-07-17 15:58:42] [INFO] [service.cluster.registry] [REGISTRY]   -> Tagging and pushing to local registry.
[2026-07-17 15:58:43] [INFO] [service.cluster.docker] [UPLOAD] Pushing image: registry.talkschool.cn:5000/brinnatt/k8s-dns-node-cache:1.26.4
The push refers to repository [registry.talkschool.cn:5000/brinnatt/k8s-dns-node-cache]
d6accb83dc23: Layer already exists
b77b57d31f7f: Layer already exists
1.26.4: digest: sha256:29a75b15f8d75412ee2c46c7be362fb26e99e1b36c2558c38c12428a9e3dad49 size: 675
[2026-07-17 15:58:43] [INFO] [service.cluster.docker] [UPLOAD] Pushed successfully: registry.talkschool.cn:5000/brinnatt/k8s-dns-node-cache:1.26.4
[2026-07-17 15:58:43] [INFO] [service.cluster.registry] [REGISTRY]   -> Done: brinnatt/k8s-dns-node-cache:1.26.4.
[2026-07-17 15:58:43] [INFO] [service.cluster.registry] [REGISTRY] [6/7] Image: brinnatt/metrics-server:v0.8.0
[2026-07-17 15:58:43] [INFO] [service.cluster.registry] [REGISTRY]   -> Image exists locally; skipping pull.
[2026-07-17 15:58:43] [INFO] [service.cluster.registry] [REGISTRY]   -> Tagging and pushing to local registry.
[2026-07-17 15:58:43] [INFO] [service.cluster.docker] [UPLOAD] Pushing image: registry.talkschool.cn:5000/brinnatt/metrics-server:v0.8.0
The push refers to repository [registry.talkschool.cn:5000/brinnatt/metrics-server]
6b6c881bc207: Layer already exists
4aa0ea1413d3: Layer already exists
3214acf345c0: Layer already exists
da7816fa955e: Layer already exists
5664b15f108b: Layer already exists
ddf74a63f7d8: Layer already exists
7c12895b777b: Layer already exists
0bab15eea81d: Layer already exists
35d697fe2738: Layer already exists
4eff9a62d888: Layer already exists
bfb59b82a9b6: Layer already exists
a62778643d56: Layer already exists
v0.8.0: digest: sha256:e876bd6d18055664b0076fe754294a31fa90afe6ab166361ebafd4a29b7ddae1 size: 2559
[2026-07-17 15:58:43] [INFO] [service.cluster.docker] [UPLOAD] Pushed successfully: registry.talkschool.cn:5000/brinnatt/metrics-server:v0.8.0
[2026-07-17 15:58:43] [INFO] [service.cluster.registry] [REGISTRY]   -> Done: brinnatt/metrics-server:v0.8.0.
[2026-07-17 15:58:43] [INFO] [service.cluster.registry] [REGISTRY] [7/7] Image: brinnatt/pause:3.10
[2026-07-17 15:58:43] [INFO] [service.cluster.registry] [REGISTRY]   -> Image exists locally; skipping pull.
[2026-07-17 15:58:43] [INFO] [service.cluster.registry] [REGISTRY]   -> Tagging and pushing to local registry.
[2026-07-17 15:58:43] [INFO] [service.cluster.docker] [UPLOAD] Pushing image: registry.talkschool.cn:5000/brinnatt/pause:3.10
The push refers to repository [registry.talkschool.cn:5000/brinnatt/pause]
61d9e957431b: Layer already exists
3.10: digest: sha256:e1fbfcf0e3ceb6101235f94a6c04a4022b10517b2ef9e07732bcd0fe1ed85318 size: 480
[2026-07-17 15:58:43] [INFO] [service.cluster.docker] [UPLOAD] Pushed successfully: registry.talkschool.cn:5000/brinnatt/pause:3.10
[2026-07-17 15:58:43] [INFO] [service.cluster.registry] [REGISTRY]   -> Done: brinnatt/pause:3.10.
[2026-07-17 15:58:43] [INFO] [service.cluster.registry] [REGISTRY] All 7 image(s) uploaded to local registry.
[2026-07-17 15:58:43] [INFO] [service.cluster.downloader] [DOWNLOAD] Default images: 7 image(s) uploaded to local registry.
[2026-07-17 15:58:44] [INFO] [service.cluster.downloader] [DOWNLOAD] Component openebs: uploading 9 image(s) to local registry.
[2026-07-17 15:58:44] [WARNING] [service.cluster.registry] [REGISTRY] Local registry already running; skipping.
[2026-07-17 15:58:44] [INFO] [service.cluster.registry] [REGISTRY] Uploading 9 image(s) to local registry.
[2026-07-17 15:58:44] [INFO] [service.cluster.registry] [REGISTRY] [1/9] Image: brinnatt/openebs-kubectl:1.33.6
[2026-07-17 15:58:44] [INFO] [service.cluster.registry] [REGISTRY]   -> Image exists locally; skipping pull.
[2026-07-17 15:58:44] [INFO] [service.cluster.registry] [REGISTRY]   -> Tagging and pushing to local registry.
[2026-07-17 15:58:44] [INFO] [service.cluster.docker] [UPLOAD] Pushing image: registry.talkschool.cn:5000/brinnatt/openebs-kubectl:1.33.6
The push refers to repository [registry.talkschool.cn:5000/brinnatt/openebs-kubectl]
2e21018b343a: Layer already exists
f18232174bc9: Layer already exists
8066551ee209: Layer already exists
1.33.6: digest: sha256:da23e997bf62c9ead5b46bcbc823dfca4c48b00a0f3d211af9a4412bcf173843 size: 901
[2026-07-17 15:58:44] [INFO] [service.cluster.docker] [UPLOAD] Pushed successfully: registry.talkschool.cn:5000/brinnatt/openebs-kubectl:1.33.6
[2026-07-17 15:58:44] [INFO] [service.cluster.registry] [REGISTRY]   -> Done: brinnatt/openebs-kubectl:1.33.6.
[2026-07-17 15:58:44] [INFO] [service.cluster.registry] [REGISTRY] [2/9] Image: brinnatt/provisioner-localpv:4.3.0
[2026-07-17 15:58:44] [INFO] [service.cluster.registry] [REGISTRY]   -> Image exists locally; skipping pull.
[2026-07-17 15:58:44] [INFO] [service.cluster.registry] [REGISTRY]   -> Tagging and pushing to local registry.
[2026-07-17 15:58:44] [INFO] [service.cluster.docker] [UPLOAD] Pushing image: registry.talkschool.cn:5000/brinnatt/provisioner-localpv:4.3.0
The push refers to repository [registry.talkschool.cn:5000/brinnatt/provisioner-localpv]
998b02d304d1: Layer already exists
680a329be303: Layer already exists
ec99f8b99825: Layer already exists
4.3.0: digest: sha256:f97f7522013fdfac9bddaa07363df0c93f7641f7538e94987c8cd8f1a3cb45ee size: 900
[2026-07-17 15:58:44] [INFO] [service.cluster.docker] [UPLOAD] Pushed successfully: registry.talkschool.cn:5000/brinnatt/provisioner-localpv:4.3.0
[2026-07-17 15:58:44] [INFO] [service.cluster.registry] [REGISTRY]   -> Done: brinnatt/provisioner-localpv:4.3.0.
[2026-07-17 15:58:44] [INFO] [service.cluster.registry] [REGISTRY] [3/9] Image: brinnatt/linux-utils:4.2.0
[2026-07-17 15:58:44] [INFO] [service.cluster.registry] [REGISTRY]   -> Image exists locally; skipping pull.
[2026-07-17 15:58:44] [INFO] [service.cluster.registry] [REGISTRY]   -> Tagging and pushing to local registry.
[2026-07-17 15:58:44] [INFO] [service.cluster.docker] [UPLOAD] Pushing image: registry.talkschool.cn:5000/brinnatt/linux-utils:4.2.0
The push refers to repository [registry.talkschool.cn:5000/brinnatt/linux-utils]
8066551ee209: Layer already exists
f18232174bc9: Layer already exists
4.2.0: digest: sha256:1e8af0856f5f47d29433508584b47315f5c6e3ce133e1849b88ee0d43739d80a size: 674
[2026-07-17 15:58:44] [INFO] [service.cluster.docker] [UPLOAD] Pushed successfully: registry.talkschool.cn:5000/brinnatt/linux-utils:4.2.0
[2026-07-17 15:58:44] [INFO] [service.cluster.registry] [REGISTRY]   -> Done: brinnatt/linux-utils:4.2.0.
[2026-07-17 15:58:44] [INFO] [service.cluster.registry] [REGISTRY] [4/9] Image: brinnatt/lvm-driver:1.7.0
[2026-07-17 15:58:44] [INFO] [service.cluster.registry] [REGISTRY]   -> Image exists locally; skipping pull.
[2026-07-17 15:58:44] [INFO] [service.cluster.registry] [REGISTRY]   -> Tagging and pushing to local registry.
[2026-07-17 15:58:44] [INFO] [service.cluster.docker] [UPLOAD] Pushing image: registry.talkschool.cn:5000/brinnatt/lvm-driver:1.7.0
The push refers to repository [registry.talkschool.cn:5000/brinnatt/lvm-driver]
7402caf5e829: Layer already exists
96526aa774ef: Layer already exists
1a4e73c9f841: Layer already exists
96bf643e1ab7: Layer already exists
a6e9231199c9: Layer already exists
1.7.0: digest: sha256:0464088b7863a3c474f2b31cac8f0e8743706a9e2c3d88beec435f022d8468dc size: 1250
[2026-07-17 15:58:44] [INFO] [service.cluster.docker] [UPLOAD] Pushed successfully: registry.talkschool.cn:5000/brinnatt/lvm-driver:1.7.0
[2026-07-17 15:58:44] [INFO] [service.cluster.registry] [REGISTRY]   -> Done: brinnatt/lvm-driver:1.7.0.
[2026-07-17 15:58:44] [INFO] [service.cluster.registry] [REGISTRY] [5/9] Image: brinnatt/csi-node-driver-registrar:v2.13.0
[2026-07-17 15:58:44] [INFO] [service.cluster.registry] [REGISTRY]   -> Image exists locally; skipping pull.
[2026-07-17 15:58:44] [INFO] [service.cluster.registry] [REGISTRY]   -> Tagging and pushing to local registry.
[2026-07-17 15:58:45] [INFO] [service.cluster.docker] [UPLOAD] Pushing image: registry.talkschool.cn:5000/brinnatt/csi-node-driver-registrar:v2.13.0
The push refers to repository [registry.talkschool.cn:5000/brinnatt/csi-node-driver-registrar]
f518e07ffa2e: Layer already exists
7c12895b777b: Layer already exists
da7816fa955e: Layer already exists
3214acf345c0: Layer already exists
efa9d1d5d3a2: Layer already exists
a62778643d56: Layer already exists
0baecf37abee: Layer already exists
0bab15eea81d: Layer already exists
bfb59b82a9b6: Layer already exists
4aa0ea1413d3: Layer already exists
9aee425378d2: Layer already exists
5664b15f108b: Layer already exists
v2.13.0: digest: sha256:227fed53d5c9e62404b8acd4592de5410a21d6fcbc56113ab07c06967a287bc7 size: 2559
[2026-07-17 15:58:45] [INFO] [service.cluster.docker] [UPLOAD] Pushed successfully: registry.talkschool.cn:5000/brinnatt/csi-node-driver-registrar:v2.13.0
[2026-07-17 15:58:45] [INFO] [service.cluster.registry] [REGISTRY]   -> Done: brinnatt/csi-node-driver-registrar:v2.13.0.
[2026-07-17 15:58:45] [INFO] [service.cluster.registry] [REGISTRY] [6/9] Image: brinnatt/csi-resizer:v1.11.2
[2026-07-17 15:58:45] [INFO] [service.cluster.registry] [REGISTRY]   -> Image exists locally; skipping pull.
[2026-07-17 15:58:45] [INFO] [service.cluster.registry] [REGISTRY]   -> Tagging and pushing to local registry.
[2026-07-17 15:58:45] [INFO] [service.cluster.docker] [UPLOAD] Pushing image: registry.talkschool.cn:5000/brinnatt/csi-resizer:v1.11.2
The push refers to repository [registry.talkschool.cn:5000/brinnatt/csi-resizer]
b6824ed73363: Layer already exists
3c4c00804573: Layer already exists
f531499c6b73: Layer already exists
27be814a09eb: Layer already exists
5664b15f108b: Layer already exists
058cf3d8c2ba: Layer already exists
da7816fa955e: Layer already exists
e8d9a567199d: Layer already exists
7c12895b777b: Layer already exists
33e068de2649: Layer already exists
4aa0ea1413d3: Layer already exists
9aee425378d2: Layer already exists
v1.11.2: digest: sha256:174534d8620cb5668f3be6d6e9c9d2a1fbc3b5b432fc4c625597c5a187ea2b14 size: 2559
[2026-07-17 15:58:45] [INFO] [service.cluster.docker] [UPLOAD] Pushed successfully: registry.talkschool.cn:5000/brinnatt/csi-resizer:v1.11.2
[2026-07-17 15:58:45] [INFO] [service.cluster.registry] [REGISTRY]   -> Done: brinnatt/csi-resizer:v1.11.2.
[2026-07-17 15:58:45] [INFO] [service.cluster.registry] [REGISTRY] [7/9] Image: brinnatt/csi-snapshotter:v7.0.0
[2026-07-17 15:58:45] [INFO] [service.cluster.registry] [REGISTRY]   -> Image exists locally; skipping pull.
[2026-07-17 15:58:45] [INFO] [service.cluster.registry] [REGISTRY]   -> Tagging and pushing to local registry.
[2026-07-17 15:58:45] [INFO] [service.cluster.docker] [UPLOAD] Pushing image: registry.talkschool.cn:5000/brinnatt/csi-snapshotter:v7.0.0
The push refers to repository [registry.talkschool.cn:5000/brinnatt/csi-snapshotter]
fcb6f6d2c998: Layer already exists
07a64a71e011: Layer already exists
280126c0e181: Layer already exists
7c881f9ab25e: Layer already exists
5627a970d25e: Layer already exists
fe5ca62666f0: Layer already exists
4aa0ea1413d3: Layer already exists
e8c73c638ae9: Layer already exists
1e3d9b7d1452: Layer already exists
5c6f703c260a: Layer already exists
v7.0.0: digest: sha256:d080fe1eb74ba4c4ed8c07dcd07593b92f3316c814ef2161ce954772faa8d03f size: 2185
[2026-07-17 15:58:45] [INFO] [service.cluster.docker] [UPLOAD] Pushed successfully: registry.talkschool.cn:5000/brinnatt/csi-snapshotter:v7.0.0
[2026-07-17 15:58:45] [INFO] [service.cluster.registry] [REGISTRY]   -> Done: brinnatt/csi-snapshotter:v7.0.0.
[2026-07-17 15:58:45] [INFO] [service.cluster.registry] [REGISTRY] [8/9] Image: brinnatt/csi-provisioner:v5.2.0
[2026-07-17 15:58:45] [INFO] [service.cluster.registry] [REGISTRY]   -> Image exists locally; skipping pull.
[2026-07-17 15:58:45] [INFO] [service.cluster.registry] [REGISTRY]   -> Tagging and pushing to local registry.
[2026-07-17 15:58:45] [INFO] [service.cluster.docker] [UPLOAD] Pushing image: registry.talkschool.cn:5000/brinnatt/csi-provisioner:v5.2.0
The push refers to repository [registry.talkschool.cn:5000/brinnatt/csi-provisioner]
da7816fa955e: Layer already exists
688513194d7a: Layer already exists
a62778643d56: Layer already exists
7c12895b777b: Layer already exists
3214acf345c0: Layer already exists
5664b15f108b: Layer already exists
0bab15eea81d: Layer already exists
4aa0ea1413d3: Layer already exists
9aee425378d2: Layer already exists
bfb59b82a9b6: Layer already exists
efa9d1d5d3a2: Layer already exists
388fac73db4d: Layer already exists
v5.2.0: digest: sha256:1685e05b2c81e31bf7adb64cf5934160bb60a07e04978e4be94aa615ff229461 size: 2559
[2026-07-17 15:58:45] [INFO] [service.cluster.docker] [UPLOAD] Pushed successfully: registry.talkschool.cn:5000/brinnatt/csi-provisioner:v5.2.0
[2026-07-17 15:58:45] [INFO] [service.cluster.registry] [REGISTRY]   -> Done: brinnatt/csi-provisioner:v5.2.0.
[2026-07-17 15:58:45] [INFO] [service.cluster.registry] [REGISTRY] [9/9] Image: brinnatt/snapshot-controller:v8.3.0
[2026-07-17 15:58:45] [INFO] [service.cluster.registry] [REGISTRY]   -> Image exists locally; skipping pull.
[2026-07-17 15:58:45] [INFO] [service.cluster.registry] [REGISTRY]   -> Tagging and pushing to local registry.
[2026-07-17 15:58:45] [INFO] [service.cluster.docker] [UPLOAD] Pushing image: registry.talkschool.cn:5000/brinnatt/snapshot-controller:v8.3.0
The push refers to repository [registry.talkschool.cn:5000/brinnatt/snapshot-controller]
7c12895b777b: Layer already exists
4aa0ea1413d3: Layer already exists
35d697fe2738: Layer already exists
bfb59b82a9b6: Layer already exists
5664b15f108b: Layer already exists
4eff9a62d888: Layer already exists
3214acf345c0: Layer already exists
da7816fa955e: Layer already exists
0bab15eea81d: Layer already exists
ddf74a63f7d8: Layer already exists
d085939bf7ef: Layer already exists
a62778643d56: Layer already exists
v8.3.0: digest: sha256:d6353448e0476bb9c017c23d9476039b32d0aeb8a08a80e87b18a2e5450ed4ba size: 2559
[2026-07-17 15:58:46] [INFO] [service.cluster.docker] [UPLOAD] Pushed successfully: registry.talkschool.cn:5000/brinnatt/snapshot-controller:v8.3.0
[2026-07-17 15:58:46] [INFO] [service.cluster.registry] [REGISTRY]   -> Done: brinnatt/snapshot-controller:v8.3.0.
[2026-07-17 15:58:46] [INFO] [service.cluster.registry] [REGISTRY] All 9 image(s) uploaded to local registry.
[2026-07-17 15:58:46] [INFO] [service.cluster.downloader] [DOWNLOAD] Component openebs: 9 image(s) uploaded.
[2026-07-17 15:58:46] [INFO] [service.cluster.downloader] [DOWNLOAD] Component nfs-provisioner: uploading 1 image(s) to local registry.
[2026-07-17 15:58:46] [WARNING] [service.cluster.registry] [REGISTRY] Local registry already running; skipping.
[2026-07-17 15:58:46] [INFO] [service.cluster.registry] [REGISTRY] Uploading 1 image(s) to local registry.
[2026-07-17 15:58:46] [INFO] [service.cluster.registry] [REGISTRY] [1/1] Image: brinnatt/nfs-subdir-external-provisioner:v4.0.2
[2026-07-17 15:58:46] [INFO] [service.cluster.registry] [REGISTRY]   -> Image exists locally; skipping pull.
[2026-07-17 15:58:46] [INFO] [service.cluster.registry] [REGISTRY]   -> Tagging and pushing to local registry.
[2026-07-17 15:58:46] [INFO] [service.cluster.docker] [UPLOAD] Pushing image: registry.talkschool.cn:5000/brinnatt/nfs-subdir-external-provisioner:v4.0.2
The push refers to repository [registry.talkschool.cn:5000/brinnatt/nfs-subdir-external-provisioner]
60775238382e: Layer already exists
528677575c0b: Layer already exists
v4.0.2: digest: sha256:d82a10256b0d03384c7e135677c320e68e4af0d0b3bd7bafaf974e790cc89166 size: 673
[2026-07-17 15:58:46] [INFO] [service.cluster.docker] [UPLOAD] Pushed successfully: registry.talkschool.cn:5000/brinnatt/nfs-subdir-external-provisioner:v4.0.2
[2026-07-17 15:58:46] [INFO] [service.cluster.registry] [REGISTRY]   -> Done: brinnatt/nfs-subdir-external-provisioner:v4.0.2.
[2026-07-17 15:58:46] [INFO] [service.cluster.registry] [REGISTRY] All 1 image(s) uploaded to local registry.
[2026-07-17 15:58:46] [INFO] [service.cluster.downloader] [DOWNLOAD] Component nfs-provisioner: 1 image(s) uploaded.
[2026-07-17 15:58:48] [INFO] [service.cluster.manager] Ansible Python policy (ansible-core 2.17): control node Python >=3.10, target module runtime Python >=3.9
[2026-07-17 15:58:48] [INFO] [service.cluster.manager] Setting up cluster with playbook 90.setup.yml.
[2026-07-17 15:58:48] [INFO] [service.cluster.manager] Component versions (kubernetes / etcd / network):
[2026-07-17 15:58:48] [INFO] [service.cluster.manager]   kubernetes: v1.33.6, etcd: v3.6.4, calico: v3.28.4
[WARNING]: Collection ansible.posix does not support Ansible version 2.17.14

PLAY [kube_master,kube_node,etcd,ex_lb,chrony] *********************************

TASK [Gathering Facts] *********************************************************
ok: [192.168.47.130]

TASK [chrony : check if chronyd running, break the role] ***********************
skipping: [192.168.47.130]

TASK [chrony : terminate the play if chronyd running] **************************
skipping: [192.168.47.130]

TASK [chrony : uninstall residual ntp chrony] **********************************
skipping: [192.168.47.130] => (item=ntp) 
skipping: [192.168.47.130] => (item=chrony) 
skipping: [192.168.47.130]

TASK [chrony : prepare some dirs] **********************************************
skipping: [192.168.47.130] => (item=/etc/chrony) 
skipping: [192.168.47.130] => (item=/var/lib/chrony) 
skipping: [192.168.47.130] => (item=/var/log/chrony) 
skipping: [192.168.47.130]

TASK [chrony : distribute chronyd binary] **************************************
skipping: [192.168.47.130]

TASK [chrony : create chronyd systemd unit file] *******************************
skipping: [192.168.47.130]

TASK [chrony : configure chrony server] ****************************************
skipping: [192.168.47.130]

TASK [chrony : configure chrony client] ****************************************
skipping: [192.168.47.130]

TASK [chrony : enable chronyd service on startup] ******************************
skipping: [192.168.47.130]

TASK [chrony : start chronyd service] ******************************************
skipping: [192.168.47.130]

TASK [chrony : wait for chronyd running] ***************************************
skipping: [192.168.47.130]

PLAY [localhost] ***************************************************************

TASK [Gathering Facts] *********************************************************
ok: [localhost]

TASK [deploy : prepare some dirs] **********************************************
changed: [localhost] => (item=/usr/local/kubeauto/clusters/deliver-stor/ssl)
changed: [localhost] => (item=/usr/local/kubeauto/clusters/deliver-stor/backup)
changed: [localhost] => (item=/usr/local/kubeauto/clusters/deliver-stor/yml)
ok: [localhost] => (item=~/.kube)

TASK [deploy : set extra-bin directory permission] *****************************
ok: [localhost]

TASK [deploy : read ca cert stat information into p] ***************************
ok: [localhost]

TASK [deploy : prepare ca configuration and cert request] **********************
changed: [localhost] => (item=ca-config.json)
changed: [localhost] => (item=ca-csr.json)

TASK [deploy : generate CA cert and private key] *******************************
changed: [localhost]

TASK [deploy : prepare admin csr for kubectl usage] ****************************
changed: [localhost]

TASK [deploy : create admin cert and private key] ******************************
changed: [localhost]

TASK [deploy : set cluster params] *********************************************
changed: [localhost]

TASK [deploy : set client credential params] ***********************************
changed: [localhost]

TASK [deploy : set context params] *********************************************
changed: [localhost]

TASK [deploy : choose default context] *****************************************
changed: [localhost]

TASK [deploy : install kubeconfig] *********************************************
changed: [localhost]

TASK [deploy : create self-defined user certs directory] ***********************
skipping: [localhost]

TASK [deploy : prepare CA configuration] ***************************************
skipping: [localhost]

TASK [deploy : prepare {{ USER_NAME }} cert request for kubectl] ***************
skipping: [localhost]

TASK [deploy : create {{ USER_NAME }} cert and private key] ********************
skipping: [localhost]

TASK [deploy : set cluster params] *********************************************
skipping: [localhost]

TASK [deploy : set client credential params] ***********************************
skipping: [localhost]

TASK [deploy : set context params] *********************************************
skipping: [localhost]

TASK [deploy : choose default context] *****************************************
skipping: [localhost]

TASK [deploy : generate clusterrolebind configuration] *************************
skipping: [localhost]

TASK [deploy : create clusterrolebind] *****************************************
skipping: [localhost]

TASK [deploy : debug] **********************************************************
skipping: [localhost]

TASK [deploy : prepare kube-proxy csr] *****************************************
changed: [localhost]

TASK [deploy : create kube-proxy cert and private key] *************************
changed: [localhost]

TASK [deploy : set cluster params] *********************************************
changed: [localhost]

TASK [deploy : set client credential params] ***********************************
changed: [localhost]

TASK [deploy : set context params] *********************************************
changed: [localhost]

TASK [deploy : choose default context] *****************************************
changed: [localhost]

TASK [deploy : prepare kube-controller-manager csr] ****************************
changed: [localhost]

TASK [deploy : create kube-controller-manager cert and private key] ************
changed: [localhost]

TASK [deploy : set cluster params] *********************************************
changed: [localhost]

TASK [deploy : set client credential params] ***********************************
changed: [localhost]

TASK [deploy : set context params] *********************************************
changed: [localhost]

TASK [deploy : choose default context] *****************************************
changed: [localhost]

TASK [deploy : prepare kube-scheduler csr] *************************************
changed: [localhost]

TASK [deploy : create kube-scheduler cert and private key] *********************
changed: [localhost]

TASK [deploy : set cluster params] *********************************************
changed: [localhost]

TASK [deploy : set client credential params] ***********************************
changed: [localhost]

TASK [deploy : set context params] *********************************************
changed: [localhost]

TASK [deploy : choose default context] *****************************************
changed: [localhost]

PLAY [kube_master,kube_node,etcd] **********************************************

TASK [Gathering Facts] *********************************************************
ok: [192.168.47.130]

TASK [prepare : read the prepare tasks file] ***********************************
ok: [192.168.47.130]

TASK [prepare : indicates the prepare tasks finished already] ******************
skipping: [192.168.47.130]

TASK [prepare : copy huawei cloud apt mirror script] ***************************
skipping: [192.168.47.130]

TASK [prepare : apply huawei cloud apt mirror] *********************************
skipping: [192.168.47.130]

TASK [prepare : update apt cache] **********************************************
skipping: [192.168.47.130]

TASK [prepare : delete ubuntu default software] ********************************
skipping: [192.168.47.130]

TASK [prepare : install ubuntu/debian basic software] **************************
skipping: [192.168.47.130]

TASK [prepare : create journal relative directory] *****************************
skipping: [192.168.47.130] => (item=/etc/systemd/journald.conf.d) 
skipping: [192.168.47.130] => (item=/var/log/journal) 
skipping: [192.168.47.130]

TASK [prepare : optimize journal params] ***************************************
skipping: [192.168.47.130]

TASK [prepare : restart journald service] **************************************
skipping: [192.168.47.130]

TASK [prepare : copy huawei cloud yum/dnf mirror script] ***********************
ok: [192.168.47.130]

TASK [prepare : apply huawei cloud yum/dnf mirror] *****************************
ok: [192.168.47.130]

TASK [prepare : detect ansible-compatible python on target] ********************
ok: [192.168.47.130]

TASK [prepare : install python39 for ansible (RHEL8 family, only when no compatible python)] ***
skipping: [192.168.47.130]

TASK [prepare : delete centos/redhat default software] *************************
ok: [192.168.47.130]

TASK [prepare : install basic system software] *********************************
ok: [192.168.47.130]

TASK [prepare : disable selinux right now] *************************************
changed: [192.168.47.130]

TASK [prepare : check if /etc/selinux/config exists] ***************************
ok: [192.168.47.130]

TASK [prepare : disable selinux forever] ***************************************
ok: [192.168.47.130]

TASK [prepare : disable selinux forever] ***************************************
skipping: [192.168.47.130]

TASK [prepare : forbidden rsyslog fetch journald 1, avoid double handling logs and wasting disk space] ***
ok: [192.168.47.130]

TASK [prepare : forbidden rsyslog fetch journald 2, avoid double handling logs and wasting disk space] ***
ok: [192.168.47.130]

TASK [prepare : restart rsyslog service] ***************************************
changed: [192.168.47.130]

TASK [prepare : copy huawei cloud zypper mirror script] ************************
skipping: [192.168.47.130]

TASK [prepare : apply huawei cloud zypper mirror] ******************************
skipping: [192.168.47.130]

TASK [prepare : install basic system software] *********************************
skipping: [192.168.47.130]

TASK [prepare : copy huawei cloud yum/dnf mirror script] ***********************
skipping: [192.168.47.130]

TASK [prepare : apply huawei cloud yum/dnf mirror] *****************************
skipping: [192.168.47.130]

TASK [prepare : detect ansible-compatible python on target] ********************
skipping: [192.168.47.130]

TASK [prepare : install python39 for ansible (RHEL8 family, only when no compatible python)] ***
skipping: [192.168.47.130]

TASK [prepare : delete centos/redhat default software] *************************
skipping: [192.168.47.130]

TASK [prepare : install basic system software] *********************************
skipping: [192.168.47.130]

TASK [prepare : disable selinux right now] *************************************
skipping: [192.168.47.130]

TASK [prepare : check if /etc/selinux/config exists] ***************************
skipping: [192.168.47.130]

TASK [prepare : disable selinux forever] ***************************************
skipping: [192.168.47.130]

TASK [prepare : disable selinux forever] ***************************************
skipping: [192.168.47.130]

TASK [prepare : forbidden rsyslog fetch journald 1, avoid double handling logs and wasting disk space] ***
skipping: [192.168.47.130]

TASK [prepare : forbidden rsyslog fetch journald 2, avoid double handling logs and wasting disk space] ***
skipping: [192.168.47.130]

TASK [prepare : restart rsyslog service] ***************************************
skipping: [192.168.47.130]

TASK [prepare : disable swap] **************************************************
changed: [192.168.47.130]

TASK [prepare : delete fstab swap configuration] *******************************
ok: [192.168.47.130]

TASK [prepare : load kernel module] ********************************************
ok: [192.168.47.130] => (item=br_netfilter)
ok: [192.168.47.130] => (item=dm_snapshot)
ok: [192.168.47.130] => (item=dm_thin_pool)
ok: [192.168.47.130] => (item=ip_vs)
ok: [192.168.47.130] => (item=ip_vs_rr)
ok: [192.168.47.130] => (item=ip_vs_wrr)
ok: [192.168.47.130] => (item=ip_vs_sh)
ok: [192.168.47.130] => (item=nf_conntrack)

TASK [prepare : try to load nf_conntrack_ipv4] *********************************
changed: [192.168.47.130]

TASK [prepare : enable systemd loading module automatically] *******************
ok: [192.168.47.130]

TASK [prepare : load kernel module on startup] *********************************
ok: [192.168.47.130]

TASK [prepare : set system params] *********************************************
ok: [192.168.47.130]

TASK [prepare : check if fs.may_detach_mounts needs to be set] *****************
ok: [192.168.47.130]

TASK [prepare : if needed, set fs.may_detach_mounts as 1] **********************
skipping: [192.168.47.130]

TASK [prepare : check if net.ipv4.tcp_tw_recycle needs to be set] **************
ok: [192.168.47.130]

TASK [prepare : if needed, set tcp_tw_recycle] *********************************
skipping: [192.168.47.130]

TASK [prepare : take effect on system] *****************************************
changed: [192.168.47.130]

TASK [prepare : create systemd configuration directory] ************************
ok: [192.168.47.130]

TASK [prepare : set system param ulimits] **************************************
ok: [192.168.47.130]

TASK [prepare : take SCTP to kernel module blacklist] **************************
ok: [192.168.47.130]

TASK [prepare : prepare some dirs] *********************************************
ok: [192.168.47.130] => (item=/usr/local/bin)
changed: [192.168.47.130] => (item=/etc/kubernetes/ssl)
ok: [192.168.47.130] => (item=/root/.kube)

TASK [prepare : copy kubectl kubeconfig to home dir] ***************************
changed: [192.168.47.130]

TASK [prepare : add hosts entry to resolve local registry] *********************
ok: [192.168.47.130]

TASK [prepare : set node hostname] *********************************************
changed: [192.168.47.130]

TASK [prepare : the master[0] resolves all hosts master-130 in /etc/hosts] *****
changed: [192.168.47.130]

TASK [prepare : get /etc/hosts from the master[0]] *****************************
changed: [192.168.47.130]

TASK [prepare : delete /etc/hosts in the master[0]] ****************************
changed: [192.168.47.130]

TASK [prepare : sync /etc/hosts to all hosts] **********************************
changed: [192.168.47.130] => (item=192.168.47.130)
ok: [192.168.47.130] => (item=192.168.47.130)

TASK [prepare : set prepare tasks label file] **********************************
changed: [192.168.47.130]

PLAY [etcd] ********************************************************************

TASK [Gathering Facts] *********************************************************
ok: [192.168.47.130]

TASK [etcd : prepare some dirs] ************************************************
changed: [192.168.47.130]

TASK [etcd : download etcd binary] *********************************************
ok: [192.168.47.130] => (item=etcd)
ok: [192.168.47.130] => (item=etcdctl)
ok: [192.168.47.130] => (item=etcdutl)

TASK [etcd : create etcd CSR] **************************************************
changed: [192.168.47.130 -> localhost]

TASK [etcd : create etcd certs and private key] ********************************
changed: [192.168.47.130 -> localhost]

TASK [etcd : distribute etcd cert-related files] *******************************
changed: [192.168.47.130] => (item=ca.pem)
changed: [192.168.47.130] => (item=etcd.pem)
changed: [192.168.47.130] => (item=etcd-key.pem)

TASK [etcd : create etcd systemd unit file] ************************************
changed: [192.168.47.130]

TASK [etcd : enable etcd service on startup] ***********************************
changed: [192.168.47.130]

TASK [etcd : start etcd service] ***********************************************
changed: [192.168.47.130]

TASK [etcd : wait for etcd service running] ************************************
changed: [192.168.47.130]

PLAY [kube_master,kube_node] ***************************************************

TASK [Gathering Facts] *********************************************************
ok: [192.168.47.130]

TASK [docker : check if docker was installed] **********************************
skipping: [192.168.47.130]

TASK [docker : get docker version information] *********************************
skipping: [192.168.47.130]

TASK [docker : debug info] *****************************************************
skipping: [192.168.47.130]

TASK [docker : revise docker version with float type] **************************
skipping: [192.168.47.130]

TASK [docker : infer docker installed] *****************************************
skipping: [192.168.47.130]

TASK [docker : prepare docker-related directories] *****************************
skipping: [192.168.47.130] => (item=/usr/local/bin) 
skipping: [192.168.47.130] => (item=/etc/docker) 
skipping: [192.168.47.130]

TASK [docker : download docker binary] *****************************************
skipping: [192.168.47.130] => (item=/usr/local/kubeauto/docker-bin/docker-compose) 
skipping: [192.168.47.130] => (item=/usr/local/kubeauto/docker-bin/runc) 
skipping: [192.168.47.130] => (item=/usr/local/kubeauto/docker-bin/cri-dockerd) 
skipping: [192.168.47.130] => (item=/usr/local/kubeauto/docker-bin/dockerd) 
skipping: [192.168.47.130] => (item=/usr/local/kubeauto/docker-bin/docker) 
skipping: [192.168.47.130] => (item=/usr/local/kubeauto/docker-bin/docker-proxy) 
skipping: [192.168.47.130] => (item=/usr/local/kubeauto/docker-bin/docker-init) 
skipping: [192.168.47.130] => (item=/usr/local/kubeauto/docker-bin/docker-buildx) 
skipping: [192.168.47.130] => (item=/usr/local/kubeauto/docker-bin/ctr) 
skipping: [192.168.47.130] => (item=/usr/local/kubeauto/docker-bin/containerd) 
skipping: [192.168.47.130] => (item=/usr/local/kubeauto/docker-bin/containerd-shim-runc-v2) 
skipping: [192.168.47.130]

TASK [docker : configure docker daemon] ****************************************
skipping: [192.168.47.130]

TASK [docker : create docker systemd unit file] ********************************
skipping: [192.168.47.130]

TASK [docker : enable docker service on startup] *******************************
skipping: [192.168.47.130]

TASK [docker : start docker service] *******************************************
skipping: [192.168.47.130]

TASK [docker : wait for docker running] ****************************************
skipping: [192.168.47.130]

TASK [docker : configure docker symlink] ***************************************
skipping: [192.168.47.130]

TASK [docker : ensure cri-dockerd present on control node docker-bin] **********
skipping: [192.168.47.130]

TASK [docker : install cri-dockerd binary on node] *****************************
skipping: [192.168.47.130]

TASK [docker : create cri-dockerd systemd unit] ********************************
skipping: [192.168.47.130]

TASK [docker : enable and start cri-dockerd] ***********************************
skipping: [192.168.47.130]

TASK [docker : wait for cri-dockerd running] ***********************************
skipping: [192.168.47.130]

TASK [containerd : prepare containerd-related directories] *********************
changed: [192.168.47.130] => (item=/etc/containerd)
changed: [192.168.47.130] => (item=/etc/containerd/certs.d/docker.io)
changed: [192.168.47.130] => (item=/etc/containerd/certs.d/registry.talkschool.cn:5000)
changed: [192.168.47.130] => (item=/etc/containerd/certs.d/harbor.brinnatt.io.local:8443)

TASK [containerd : prepare INSECURE REGISTRY dirs] *****************************
skipping: [192.168.47.130] => (item=http://registry.talkschool.cn:5000) 
changed: [192.168.47.130] => (item=https://reg.yourcompany.com)

TASK [containerd : load kernel module overlay] *********************************
ok: [192.168.47.130]

TASK [containerd : download containerd binary] *********************************
ok: [192.168.47.130] => (item=/usr/local/kubeauto/extra-bin/containerd-bin/runc)
ok: [192.168.47.130] => (item=/usr/local/kubeauto/extra-bin/containerd-bin/containerd-stress)
ok: [192.168.47.130] => (item=/usr/local/kubeauto/extra-bin/containerd-bin/ctr)
ok: [192.168.47.130] => (item=/usr/local/kubeauto/extra-bin/containerd-bin/containerd)
ok: [192.168.47.130] => (item=/usr/local/kubeauto/extra-bin/containerd-bin/containerd-shim-runc-v2)

TASK [containerd : download crictl] ********************************************
ok: [192.168.47.130]

TASK [containerd : crictl bash completion] *************************************
changed: [192.168.47.130]

TASK [containerd : create containerd configuration file] ***********************
changed: [192.168.47.130]

TASK [containerd : configure docker.io accelerator] ****************************
changed: [192.168.47.130]

TASK [containerd : configure local_registry] ***********************************
changed: [192.168.47.130]

TASK [containerd : configure trusted INSECURE REGISTRY registry] ***************
skipping: [192.168.47.130] => (item=http://registry.talkschool.cn:5000) 
changed: [192.168.47.130] => (item=https://reg.yourcompany.com)

TASK [containerd : configure harbor registry] **********************************
changed: [192.168.47.130]

TASK [containerd : create systemd unit file] ***********************************
changed: [192.168.47.130]

TASK [containerd : create crictl configuration] ********************************
changed: [192.168.47.130]

TASK [containerd : enable containerd service on startup] ***********************
changed: [192.168.47.130]

TASK [containerd : start containerd service] ***********************************
changed: [192.168.47.130]

TASK [containerd : wait for containerd service running] ************************
changed: [192.168.47.130]

PLAY [kube_master] *************************************************************

TASK [Gathering Facts] *********************************************************
ok: [192.168.47.130]

TASK [kube-lb : prepare some dirs] *********************************************
changed: [192.168.47.130] => (item=/etc/kube-lb/sbin)
changed: [192.168.47.130] => (item=/etc/kube-lb/logs)
changed: [192.168.47.130] => (item=/etc/kube-lb/conf)

TASK [kube-lb : download kube-lb(nginx)] ***************************************
changed: [192.168.47.130]

TASK [kube-lb : create kube-lb configuration file] *****************************
changed: [192.168.47.130]

TASK [kube-lb : create kube-lb systemd unit file] ******************************
changed: [192.168.47.130]

TASK [kube-lb : enable kube-lb service on startup] *****************************
changed: [192.168.47.130]

TASK [kube-lb : start kube-lb service] *****************************************
changed: [192.168.47.130]

TASK [kube-lb : wait for kube-lb service running] ******************************
changed: [192.168.47.130]

TASK [kube-master : assure k8s bin can be executable] **************************
ok: [192.168.47.130] => (item=kube-apiserver)
ok: [192.168.47.130] => (item=kube-controller-manager)
ok: [192.168.47.130] => (item=kube-scheduler)
ok: [192.168.47.130] => (item=kubectl)

TASK [kube-master : distribute controller/scheduler kubeconfig] ****************
changed: [192.168.47.130] => (item=kube-controller-manager.kubeconfig)
changed: [192.168.47.130] => (item=kube-scheduler.kubeconfig)

TASK [kube-master : create cluster audit related directories] ******************
skipping: [192.168.47.130] => (item=/etc/kubernetes/audit) 
skipping: [192.168.47.130] => (item=/var/log/kubernetes/audit) 
skipping: [192.168.47.130]

TASK [kube-master : distribute cluster audit configuration file] ***************
skipping: [192.168.47.130]

TASK [kube-master : create kubernetes CSR] *************************************
changed: [192.168.47.130 -> localhost]

TASK [kube-master : create kubernetes cert and private key] ********************
changed: [192.168.47.130 -> localhost]

TASK [kube-master : create aggregator proxy CSR] *******************************
changed: [192.168.47.130 -> localhost]

TASK [kube-master : create aggregator-proxy cert and private key] **************
changed: [192.168.47.130 -> localhost]

TASK [kube-master : distribute kubernetes cert-related files] ******************
ok: [192.168.47.130] => (item=ca.pem)
changed: [192.168.47.130] => (item=ca-key.pem)
changed: [192.168.47.130] => (item=kubernetes.pem)
changed: [192.168.47.130] => (item=kubernetes-key.pem)
changed: [192.168.47.130] => (item=aggregator-proxy.pem)
changed: [192.168.47.130] => (item=aggregator-proxy-key.pem)

TASK [kube-master : correct apiserver socket in kubeconfig] ********************
changed: [192.168.47.130] => (item=/etc/kubernetes/kube-controller-manager.kubeconfig)
changed: [192.168.47.130] => (item=/etc/kubernetes/kube-scheduler.kubeconfig)

TASK [kube-master : create master systemd unit file] ***************************
changed: [192.168.47.130] => (item=kube-apiserver.service)
changed: [192.168.47.130] => (item=kube-controller-manager.service)
changed: [192.168.47.130] => (item=kube-scheduler.service)

TASK [kube-master : enable master service on startup] **************************
changed: [192.168.47.130]

TASK [kube-master : reload systemd and restart kube-apiserver] *****************
changed: [192.168.47.130]

TASK [kube-master : wait for kube-apiserver running] ***************************
changed: [192.168.47.130]

TASK [kube-master : restart kube-controller-manager and kube-scheduler] ********
changed: [192.168.47.130]

TASK [kube-master : wait for kube-controller-manager running] ******************
changed: [192.168.47.130]

TASK [kube-master : wait for kube-scheduler running] ***************************
changed: [192.168.47.130]

TASK [kube-master : copy kubectl.kubeconfig] ***********************************
changed: [192.168.47.130 -> localhost]

TASK [kube-master : correct apiserver socket in kubeconfig] ********************
ok: [192.168.47.130 -> localhost]

TASK [kube-master : wait for master service running] ***************************
changed: [192.168.47.130 -> localhost]

TASK [kube-master : check if user:kubernetes was bond to related role] *********
changed: [192.168.47.130 -> localhost]

TASK [kube-master : create user:kubernetes role binding] ***********************
changed: [192.168.47.130 -> localhost]

TASK [kube-node : create kube_node related directories] ************************
changed: [192.168.47.130] => (item=/var/lib/kubelet)
changed: [192.168.47.130] => (item=/var/lib/kube-proxy)
ok: [192.168.47.130] => (item=/etc/cni/net.d)
changed: [192.168.47.130] => (item=/opt/cni/bin)

TASK [kube-node : download kubelet,kube-proxy binaries] ************************
ok: [192.168.47.130] => (item=kubectl)
ok: [192.168.47.130] => (item=kubelet)
ok: [192.168.47.130] => (item=kube-proxy)

TASK [kube-node : download cni plugins binaries] *******************************
changed: [192.168.47.130] => (item=/usr/local/kubeauto/extra-bin/cni-bin/portmap)
changed: [192.168.47.130] => (item=/usr/local/kubeauto/extra-bin/cni-bin/README.md)
changed: [192.168.47.130] => (item=/usr/local/kubeauto/extra-bin/cni-bin/static)
changed: [192.168.47.130] => (item=/usr/local/kubeauto/extra-bin/cni-bin/sbr)
changed: [192.168.47.130] => (item=/usr/local/kubeauto/extra-bin/cni-bin/host-local)
changed: [192.168.47.130] => (item=/usr/local/kubeauto/extra-bin/cni-bin/vrf)
changed: [192.168.47.130] => (item=/usr/local/kubeauto/extra-bin/cni-bin/macvlan)
changed: [192.168.47.130] => (item=/usr/local/kubeauto/extra-bin/cni-bin/bandwidth)
changed: [192.168.47.130] => (item=/usr/local/kubeauto/extra-bin/cni-bin/bridge)
changed: [192.168.47.130] => (item=/usr/local/kubeauto/extra-bin/cni-bin/tap)
changed: [192.168.47.130] => (item=/usr/local/kubeauto/extra-bin/cni-bin/ipvlan)
changed: [192.168.47.130] => (item=/usr/local/kubeauto/extra-bin/cni-bin/host-device)
changed: [192.168.47.130] => (item=/usr/local/kubeauto/extra-bin/cni-bin/tuning)
changed: [192.168.47.130] => (item=/usr/local/kubeauto/extra-bin/cni-bin/vlan)
changed: [192.168.47.130] => (item=/usr/local/kubeauto/extra-bin/cni-bin/firewall)
changed: [192.168.47.130] => (item=/usr/local/kubeauto/extra-bin/cni-bin/loopback)
changed: [192.168.47.130] => (item=/usr/local/kubeauto/extra-bin/cni-bin/ptp)
changed: [192.168.47.130] => (item=/usr/local/kubeauto/extra-bin/cni-bin/dummy)
changed: [192.168.47.130] => (item=/usr/local/kubeauto/extra-bin/cni-bin/LICENSE)
changed: [192.168.47.130] => (item=/usr/local/kubeauto/extra-bin/cni-bin/dhcp)

TASK [kube-node : kubectl bash completion] *************************************
changed: [192.168.47.130]

TASK [kube-node : prepare kubelet CSR] *****************************************
changed: [192.168.47.130 -> localhost]

TASK [kube-node : create kubelet cert and private key] *************************
changed: [192.168.47.130 -> localhost]

TASK [kube-node : set cluster params] ******************************************
changed: [192.168.47.130 -> localhost]

TASK [kube-node : set client credential params] ********************************
changed: [192.168.47.130 -> localhost]

TASK [kube-node : set context params] ******************************************
changed: [192.168.47.130 -> localhost]

TASK [kube-node : choose default context] **************************************
changed: [192.168.47.130 -> localhost]

TASK [kube-node : distribute ca cert] ******************************************
ok: [192.168.47.130]

TASK [kube-node : distribute kubelet cert] *************************************
changed: [192.168.47.130] => (item=kubelet.pem)
changed: [192.168.47.130] => (item=kubelet-key.pem)

TASK [kube-node : distribute kubeconfig] ***************************************
changed: [192.168.47.130]

TASK [kube-node : prepare cni configuration file] ******************************
changed: [192.168.47.130]

TASK [kube-node : create kubelet configuration file] ***************************
changed: [192.168.47.130]

TASK [kube-node : check if /run/systemd/resolve/resolv.conf exists] ************
ok: [192.168.47.130]

TASK [kube-node : replace resolvConf param] ************************************
skipping: [192.168.47.130]

TASK [kube-node : create kubelet systemd unit file] ****************************
changed: [192.168.47.130]

TASK [kube-node : enable kubelet service on startup] ***************************
changed: [192.168.47.130]

TASK [kube-node : start kubelet service] ***************************************
changed: [192.168.47.130]

TASK [kube-node : distribute kube-proxy.kubeconfig configuration file] *********
changed: [192.168.47.130]

TASK [kube-node : correct apiserver socket in kube-proxy.kubeconfig] ***********
changed: [192.168.47.130]

TASK [kube-node : create kube-proxy configuration] *****************************
changed: [192.168.47.130]

TASK [kube-node : create kube-proxy service file] ******************************
changed: [192.168.47.130]

TASK [kube-node : enable kube-proxy service on startup] ************************
changed: [192.168.47.130]

TASK [kube-node : start kube-proxy service] ************************************
changed: [192.168.47.130]

TASK [kube-node : wait for kube-proxy running] *********************************
changed: [192.168.47.130]

TASK [kube-node : wait for kubelet running] ************************************
changed: [192.168.47.130]

TASK [kube-node : wait for node Ready] *****************************************
changed: [192.168.47.130 -> localhost]

TASK [kube-node : Setting worker role name] ************************************
changed: [192.168.47.130 -> localhost]

TASK [kube-node : Setting master role name] ************************************
changed: [192.168.47.130 -> localhost]

TASK [kube-node : Making master nodes SchedulingDisabled] **********************
skipping: [192.168.47.130]

PLAY [kube_node] ***************************************************************

TASK [Gathering Facts] *********************************************************
ok: [192.168.47.130]

TASK [kube-lb : prepare some dirs] *********************************************
skipping: [192.168.47.130] => (item=/etc/kube-lb/sbin) 
skipping: [192.168.47.130] => (item=/etc/kube-lb/logs) 
skipping: [192.168.47.130] => (item=/etc/kube-lb/conf) 
skipping: [192.168.47.130]

TASK [kube-lb : download kube-lb(nginx)] ***************************************
skipping: [192.168.47.130]

TASK [kube-lb : create kube-lb configuration file] *****************************
skipping: [192.168.47.130]

TASK [kube-lb : create kube-lb systemd unit file] ******************************
skipping: [192.168.47.130]

TASK [kube-lb : enable kube-lb service on startup] *****************************
skipping: [192.168.47.130]

TASK [kube-lb : start kube-lb service] *****************************************
skipping: [192.168.47.130]

TASK [kube-lb : wait for kube-lb service running] ******************************
skipping: [192.168.47.130]

TASK [kube-node : create kube_node related directories] ************************
skipping: [192.168.47.130] => (item=/var/lib/kubelet) 
skipping: [192.168.47.130] => (item=/var/lib/kube-proxy) 
skipping: [192.168.47.130] => (item=/etc/cni/net.d) 
skipping: [192.168.47.130] => (item=/opt/cni/bin) 
skipping: [192.168.47.130]

TASK [kube-node : download kubelet,kube-proxy binaries] ************************
skipping: [192.168.47.130] => (item=kubectl) 
skipping: [192.168.47.130] => (item=kubelet) 
skipping: [192.168.47.130] => (item=kube-proxy) 
skipping: [192.168.47.130]

TASK [kube-node : download cni plugins binaries] *******************************
skipping: [192.168.47.130] => (item=/usr/local/kubeauto/extra-bin/cni-bin/portmap) 
skipping: [192.168.47.130] => (item=/usr/local/kubeauto/extra-bin/cni-bin/README.md) 
skipping: [192.168.47.130] => (item=/usr/local/kubeauto/extra-bin/cni-bin/static) 
skipping: [192.168.47.130] => (item=/usr/local/kubeauto/extra-bin/cni-bin/sbr) 
skipping: [192.168.47.130] => (item=/usr/local/kubeauto/extra-bin/cni-bin/host-local) 
skipping: [192.168.47.130] => (item=/usr/local/kubeauto/extra-bin/cni-bin/vrf) 
skipping: [192.168.47.130] => (item=/usr/local/kubeauto/extra-bin/cni-bin/macvlan) 
skipping: [192.168.47.130] => (item=/usr/local/kubeauto/extra-bin/cni-bin/bandwidth) 
skipping: [192.168.47.130] => (item=/usr/local/kubeauto/extra-bin/cni-bin/bridge) 
skipping: [192.168.47.130] => (item=/usr/local/kubeauto/extra-bin/cni-bin/tap) 
skipping: [192.168.47.130] => (item=/usr/local/kubeauto/extra-bin/cni-bin/ipvlan) 
skipping: [192.168.47.130] => (item=/usr/local/kubeauto/extra-bin/cni-bin/host-device) 
skipping: [192.168.47.130] => (item=/usr/local/kubeauto/extra-bin/cni-bin/tuning) 
skipping: [192.168.47.130] => (item=/usr/local/kubeauto/extra-bin/cni-bin/vlan) 
skipping: [192.168.47.130] => (item=/usr/local/kubeauto/extra-bin/cni-bin/firewall) 
skipping: [192.168.47.130] => (item=/usr/local/kubeauto/extra-bin/cni-bin/loopback) 
skipping: [192.168.47.130] => (item=/usr/local/kubeauto/extra-bin/cni-bin/ptp) 
skipping: [192.168.47.130] => (item=/usr/local/kubeauto/extra-bin/cni-bin/dummy) 
skipping: [192.168.47.130] => (item=/usr/local/kubeauto/extra-bin/cni-bin/LICENSE) 
skipping: [192.168.47.130] => (item=/usr/local/kubeauto/extra-bin/cni-bin/dhcp) 
skipping: [192.168.47.130]

TASK [kube-node : kubectl bash completion] *************************************
skipping: [192.168.47.130]

TASK [kube-node : prepare kubelet CSR] *****************************************
skipping: [192.168.47.130]

TASK [kube-node : create kubelet cert and private key] *************************
skipping: [192.168.47.130]

TASK [kube-node : set cluster params] ******************************************
skipping: [192.168.47.130]

TASK [kube-node : set client credential params] ********************************
skipping: [192.168.47.130]

TASK [kube-node : set context params] ******************************************
skipping: [192.168.47.130]

TASK [kube-node : choose default context] **************************************
skipping: [192.168.47.130]

TASK [kube-node : distribute ca cert] ******************************************
skipping: [192.168.47.130]

TASK [kube-node : distribute kubelet cert] *************************************
skipping: [192.168.47.130] => (item=kubelet.pem) 
skipping: [192.168.47.130] => (item=kubelet-key.pem) 
skipping: [192.168.47.130]

TASK [kube-node : distribute kubeconfig] ***************************************
skipping: [192.168.47.130]

TASK [kube-node : prepare cni configuration file] ******************************
skipping: [192.168.47.130]

TASK [kube-node : create kubelet configuration file] ***************************
skipping: [192.168.47.130]

TASK [kube-node : check if /run/systemd/resolve/resolv.conf exists] ************
skipping: [192.168.47.130]

TASK [kube-node : replace resolvConf param] ************************************
skipping: [192.168.47.130]

TASK [kube-node : create kubelet systemd unit file] ****************************
skipping: [192.168.47.130]

TASK [kube-node : enable kubelet service on startup] ***************************
skipping: [192.168.47.130]

TASK [kube-node : start kubelet service] ***************************************
skipping: [192.168.47.130]

TASK [kube-node : distribute kube-proxy.kubeconfig configuration file] *********
skipping: [192.168.47.130]

TASK [kube-node : correct apiserver socket in kube-proxy.kubeconfig] ***********
skipping: [192.168.47.130]

TASK [kube-node : create kube-proxy configuration] *****************************
skipping: [192.168.47.130]

TASK [kube-node : create kube-proxy service file] ******************************
skipping: [192.168.47.130]

TASK [kube-node : enable kube-proxy service on startup] ************************
skipping: [192.168.47.130]

TASK [kube-node : start kube-proxy service] ************************************
skipping: [192.168.47.130]

TASK [kube-node : wait for kube-proxy running] *********************************
skipping: [192.168.47.130]

TASK [kube-node : wait for kubelet running] ************************************
skipping: [192.168.47.130]

TASK [kube-node : wait for node Ready] *****************************************
skipping: [192.168.47.130]

TASK [kube-node : Setting worker role name] ************************************
skipping: [192.168.47.130]

TASK [kube-node : Setting master role name] ************************************
skipping: [192.168.47.130]

TASK [kube-node : Making master nodes SchedulingDisabled] **********************
skipping: [192.168.47.130]

PLAY [kube_master,kube_node] ***************************************************

TASK [Gathering Facts] *********************************************************
ok: [192.168.47.130]

TASK [calico : create calico CSR] **********************************************
changed: [192.168.47.130 -> localhost]

TASK [calico : create calico cert and private key] *****************************
changed: [192.168.47.130 -> localhost]

TASK [calico : delete old calico-etcd-secrets] *********************************
skipping: [192.168.47.130]

TASK [calico : create calico-etcd-secrets] *************************************
changed: [192.168.47.130 -> localhost]

TASK [calico : configure calico DaemonSet yaml file] ***************************
changed: [192.168.47.130 -> localhost]

TASK [calico : delete calico network] ******************************************
skipping: [192.168.47.130]

TASK [calico : apply calico network] *******************************************
changed: [192.168.47.130 -> localhost]

TASK [calico : prepare some dirs] **********************************************
changed: [192.168.47.130] => (item=/etc/calico/ssl)

TASK [calico : distribute calico cert-related files] ***************************
changed: [192.168.47.130] => (item=ca.pem)
changed: [192.168.47.130] => (item=calico.pem)
changed: [192.168.47.130] => (item=calico-key.pem)

TASK [calico : delete default cni configuration] *******************************
changed: [192.168.47.130]

TASK [calico : download calicoctl client command] ******************************
ok: [192.168.47.130] => (item=calicoctl)

TASK [calico : prepare calicoctl configuration file] ***************************
changed: [192.168.47.130]

TASK [calico : wait for calico-node running in a polling manner] ***************
changed: [192.168.47.130 -> localhost]

TASK [calico : choose default rr nodes(master nodes by default)] ***************
skipping: [192.168.47.130]

TASK [calico : choose user-defined rr nodes] ***********************************
skipping: [192.168.47.130]

TASK [calico : show rr nodes] **************************************************
skipping: [192.168.47.130]

TASK [calico : configure routeReflectorClusterID] ******************************
skipping: [192.168.47.130]

TASK [calico : node label] *****************************************************
skipping: [192.168.47.130]

TASK [calico : configure calico bgp yaml file] *********************************
skipping: [192.168.47.130] => (item=bgp-default.yaml) 
skipping: [192.168.47.130] => (item=bgp-rr.yaml) 
skipping: [192.168.47.130]

TASK [calico : apply calico bgp configuration] *********************************
skipping: [192.168.47.130]

TASK [calico : check bgp connection] *******************************************
skipping: [192.168.47.130]

TASK [calico : debug] **********************************************************
skipping: [192.168.47.130]

TASK [cilium : revise kernel version with float type] **************************
skipping: [192.168.47.130]

TASK [cilium : check if kernel version > 4.9] **********************************
skipping: [192.168.47.130]

TASK [cilium : clear stale cilium vxlan/bpf before install] ********************
skipping: [192.168.47.130]

TASK [cilium : create cilium chart setting] ************************************
skipping: [192.168.47.130]

TASK [cilium : helm delete cilium v1.19.5] *************************************
skipping: [192.168.47.130]

TASK [cilium : helm create cilium v1.19.5] *************************************
skipping: [192.168.47.130]

TASK [cilium : download client tools] ******************************************
skipping: [192.168.47.130] => (item=cilium) 
skipping: [192.168.47.130] => (item=hubble) 
skipping: [192.168.47.130]

TASK [cilium : delete default cni configurations] ******************************
skipping: [192.168.47.130]

TASK [cilium : wait for cilium-node running in a polling manner] ***************
skipping: [192.168.47.130]

TASK [cilium : restart hubble-ui after CNI is up (avoids frontend probe failure during bootstrap)] ***
skipping: [192.168.47.130]

TASK [cilium : restart hubble-relay pod] ***************************************
skipping: [192.168.47.130]

TASK [flannel : configure flannel DaemonSet yaml file] *************************
skipping: [192.168.47.130]

TASK [flannel : delete flannel network before applying] ************************
skipping: [192.168.47.130]

TASK [flannel : apply flannel network] *****************************************
skipping: [192.168.47.130]

TASK [flannel : delete default cni configuration] ******************************
skipping: [192.168.47.130]

TASK [flannel : wait for flannel running in a polling manner] ******************
skipping: [192.168.47.130]

TASK [kube-router : prepare to configure kube-router DaemonSet] ****************
skipping: [192.168.47.130]

TASK [kube-router : delete kube-router DaemonSet] ******************************
skipping: [192.168.47.130]

TASK [kube-router : apply kube-router DaemonSet] *******************************
skipping: [192.168.47.130]

TASK [kube-router : delete default cni configurations] *************************
skipping: [192.168.47.130]

TASK [kube-router : wait for kube-router running in a polling manner] **********
skipping: [192.168.47.130]

TASK [kube-ovn : delete default cni configurations] ****************************
skipping: [192.168.47.130]

TASK [kube-ovn : prepare kube-ovn-related files] *******************************
skipping: [192.168.47.130] => (item=install.sh) 
skipping: [192.168.47.130] => (item=coredns.yaml) 
skipping: [192.168.47.130]

TASK [kube-ovn : prepare dnscache deployment file with ipvs] *******************
skipping: [192.168.47.130]

TASK [kube-ovn : prepare dnscache deployment file with iptables] ***************
skipping: [192.168.47.130]

TASK [kube-ovn : apply coredns, dnscache yaml] *********************************
skipping: [192.168.47.130]

TASK [kube-ovn : install kube-ovn network] *************************************
skipping: [192.168.47.130]

TASK [kube-ovn : wait for kube-ovn running in a polling manner] ****************
skipping: [192.168.47.130]

PLAY [kube_master,kube_node] ***************************************************

TASK [Gathering Facts] *********************************************************
ok: [192.168.47.130]

TASK [wait for node Ready] *****************************************************
changed: [192.168.47.130 -> localhost]

TASK [Setting worker role name] ************************************************
changed: [192.168.47.130 -> localhost]

TASK [Setting master role name] ************************************************
changed: [192.168.47.130 -> localhost]

TASK [Making master nodes SchedulingDisabled] **********************************
skipping: [192.168.47.130]

PLAY [localhost] ***************************************************************

TASK [Gathering Facts] *********************************************************
ok: [localhost]

TASK [cluster-addon : 获取所有已经创建的POD信息] *******************************
changed: [localhost]

TASK [cluster-addon : 准备 DNS的部署文件] **************************************
changed: [localhost]

TASK [cluster-addon : 删除coredns部署] *****************************************
skipping: [localhost]

TASK [cluster-addon : 创建coredns部署] *****************************************
changed: [localhost]

TASK [cluster-addon : 准备dnscache的部署文件] **********************************
changed: [localhost]

TASK [cluster-addon : 准备dnscache的部署文件] **********************************
skipping: [localhost]

TASK [cluster-addon : 删除dnscache部署] ****************************************
skipping: [localhost]

TASK [cluster-addon : 创建dnscache部署] ****************************************
changed: [localhost]

TASK [cluster-addon : wait for hubble-relay Ready (needs cluster DNS)] *********
skipping: [localhost]

TASK [cluster-addon : wait for hubble-ui Ready] ********************************
skipping: [localhost]

TASK [cluster-addon : 准备 metrics-server的部署文件] ***************************
changed: [localhost]

TASK [cluster-addon : 删除 metrics-server部署] *********************************
skipping: [localhost]

TASK [cluster-addon : 创建 metrics-server部署] *********************************
changed: [localhost]

TASK [cluster-addon : prepare some dirs] ***************************************
skipping: [localhost]

TASK [cluster-addon : 准备 dashboard的部署文件] ********************************
skipping: [localhost] => (item=dashboard-values.yaml) 
skipping: [localhost] => (item=admin-user-sa-rbac.yaml) 
skipping: [localhost] => (item=read-user-sa-rbac.yaml) 
skipping: [localhost]

TASK [cluster-addon : 创建 dashboard部署] **************************************
skipping: [localhost]

TASK [cluster-addon : 创建用户admin,read] **************************************
skipping: [localhost]

TASK [cluster-addon : 准备 local-storage 配置目录] *****************************
skipping: [localhost]

TASK [cluster-addon : 准备 local-storage部署文件] ******************************
skipping: [localhost] => (item=local-path-storage.yaml) 
skipping: [localhost] => (item=test-pod.yaml) 
skipping: [localhost]

TASK [cluster-addon : 创建 local-storage部署] **********************************
skipping: [localhost]

TASK [cluster-addon : 准备 nfs-provisioner 配置目录] ***************************
changed: [localhost]

TASK [cluster-addon : 准备 nfs-provisioner部署文件] ****************************
changed: [localhost] => (item=nfs-provisioner.yaml)
changed: [localhost] => (item=test-pod.yaml)

TASK [cluster-addon : 创建 nfs-provisioner部署] ********************************
changed: [localhost]

TASK [cluster-addon : 清理 snapshot-controller crd] ****************************
changed: [localhost]

TASK [cluster-addon : prepare some dirs] ***************************************
changed: [localhost]

TASK [cluster-addon : 确保命名空间openebs Ready] *******************************
changed: [localhost]

TASK [cluster-addon : 创建chart 个性化设置] ************************************
changed: [localhost] => (item=values.yaml)
changed: [localhost] => (item=sc.yaml)

TASK [cluster-addon : helm 部署 openebs operator] ******************************
changed: [localhost]

TASK [cluster-addon : 轮询等待部署 openebs] ************************************
changed: [localhost]

TASK [cluster-addon : 轮询等待lvm-localpv-controller 运行] *********************
skipping: [localhost]

TASK [cluster-addon : 创建lvm storageclass] ************************************
skipping: [localhost]

TASK [cluster-addon : 获取是否已创建命名空间monitor] ***************************
skipping: [localhost]

TASK [cluster-addon : 创建命名空间monitor] *************************************
skipping: [localhost]

TASK [cluster-addon : get etcd-client-cert info] *******************************
skipping: [localhost]

TASK [cluster-addon : 创建etcd-client 证书请求] ********************************
skipping: [localhost]

TASK [cluster-addon : 创建 etcd-client证书和私钥] ******************************
skipping: [localhost]

TASK [cluster-addon : 删除 etcd-client-cert] ***********************************
skipping: [localhost]

TASK [cluster-addon : 创建 etcd-client-cert] ***********************************
skipping: [localhost]

TASK [cluster-addon : debug] ***************************************************
skipping: [localhost]

TASK [cluster-addon : 创建 prom chart 个性化设置] ******************************
skipping: [localhost]

TASK [cluster-addon : helm 删除 kube-prometheus-stack 75.7.0] ******************
skipping: [localhost]

TASK [cluster-addon : helm 创建 kube-prometheus-stack 75.7.0] ******************
skipping: [localhost]

TASK [cluster-addon : prepare some dirs] ***************************************
skipping: [localhost]

TASK [cluster-addon : 创建命名空间minio] ***************************************
skipping: [localhost]

TASK [cluster-addon : get minio-global-cert info] ******************************
skipping: [localhost]

TASK [cluster-addon : 创建 minio-global-cert] **********************************
skipping: [localhost]

TASK [cluster-addon : 创建chart 个性化设置] ************************************
skipping: [localhost] => (item=operator-values.yaml) 
skipping: [localhost] => (item=tenant-values.yaml) 
skipping: [localhost]

TASK [cluster-addon : helm 部署 minio operator] ********************************
skipping: [localhost]

TASK [cluster-addon : 轮询等待部署 minio operator] *****************************
skipping: [localhost]

TASK [cluster-addon : helm 部署 minio tenant] **********************************
skipping: [localhost]

TASK [cluster-addon : 准备 nacos的部署文件] ************************************
skipping: [localhost]

TASK [cluster-addon : 创建命名空间nacos] ***************************************
skipping: [localhost]

TASK [cluster-addon : 创建 nacos部署] ******************************************
skipping: [localhost]

TASK [cluster-addon : 确保命名空间rocketmq Ready] ******************************
skipping: [localhost]

TASK [cluster-addon : helm 部署 rocketmq operator] *****************************
skipping: [localhost]

TASK [cluster-addon : 轮询等待 rocketmq operator 运行] *************************
skipping: [localhost]

TASK [cluster-addon : 准备 rocketmq 部署文件] **********************************
skipping: [localhost]

TASK [cluster-addon : 部署 rocketmq cluster] ***********************************
skipping: [localhost]

TASK [cluster-addon : 准备 cilium-check 配置目录] ******************************
skipping: [localhost]

TASK [cluster-addon : 准备部署文件] ********************************************
skipping: [localhost] => (item=connectivity-check.yaml) 
skipping: [localhost] => (item=check-part1.yaml) 
skipping: [localhost] => (item=namespace.yaml) 
skipping: [localhost]

TASK [cluster-addon : 创建测试namespace] ***************************************
skipping: [localhost]

TASK [cluster-addon : 创建测试part1] *******************************************
skipping: [localhost]

TASK [cluster-addon : 轮询等待echo pod运行，视下载镜像速度而定] ****************
skipping: [localhost]

TASK [cluster-addon : 创建完整测试connectivity-check] **************************
skipping: [localhost]

TASK [cluster-addon : debug] ***************************************************
skipping: [localhost]

TASK [cluster-addon : 准备 network-check 配置目录] *****************************
skipping: [localhost]

TASK [cluster-addon : 准备部署文件] ********************************************
skipping: [localhost] => (item=network-check.yaml) 
skipping: [localhost] => (item=namespace.yaml) 
skipping: [localhost]

TASK [cluster-addon : 创建测试namespace] ***************************************
skipping: [localhost]

TASK [cluster-addon : 创建完整测试network-check] *******************************
skipping: [localhost]

TASK [cluster-addon : debug] ***************************************************
skipping: [localhost]

TASK [cluster-addon : prepare some dirs] ***************************************
skipping: [localhost]

TASK [cluster-addon : 创建命名空间ingress-nginx] *******************************
skipping: [localhost]

TASK [cluster-addon : label nodes for ingress-nginx controller] ****************
skipping: [localhost]

TASK [cluster-addon : 创建chart 个性化设置] ************************************
skipping: [localhost] => (item=values.yaml) 
skipping: [localhost]

TASK [cluster-addon : helm 部署 ingress-nginx] *********************************
skipping: [localhost]

TASK [cluster-addon : 轮询等待部署 ingress-nginx] ******************************
skipping: [localhost]

TASK [cluster-addon : 提示 WARNNING] *******************************************
skipping: [localhost]

PLAY RECAP *********************************************************************
192.168.47.130             : ok=138  changed=99   unreachable=0    failed=0    skipped=140  rescued=0    ignored=0   
localhost                  : ok=48   changed=44   unreachable=0    failed=0    skipped=72   rescued=0    ignored=0   
[2026-07-17 16:02:18] [INFO] [service.cluster.manager] Cluster setup completed (playbook 90.setup.yml).
node=Ready
NAME         STATUS   ROLES    AGE   VERSION   INTERNAL-IP      EXTERNAL-IP   OS-IMAGE                            KERNEL-VERSION             CONTAINER-RUNTIME
master-130   Ready    master   49s   v1.33.6   192.168.47.130   <none>        Rocky Linux 8.10 (Green Obsidian)   4.18.0-553.el8_10.x86_64   containerd://2.1.4
NAME                  PROVISIONER                                   RECLAIMPOLICY   VOLUMEBINDINGMODE      ALLOWVOLUMEEXPANSION   AGE
managed-nfs-storage   k8s-sigs.io/nfs-subdir-external-provisioner   Delete          Immediate              false                  6s
openebs-hostpath      openebs.io/local                              Delete          WaitForFirstConsumer   false                  3s
NAMESPACE     NAME                                           READY   STATUS    RESTARTS   AGE
kube-system   calico-kube-controllers-56db54cd59-pjtvv       1/1     Running   0          33s
kube-system   calico-node-swbdh                              1/1     Running   0          33s
kube-system   coredns-778b6cdd4b-r28qx                       1/1     Running   0          10s
kube-system   metrics-server-88f86499-6rpcw                  0/1     Running   0          8s
kube-system   nfs-client-provisioner-6d5dd9b9d9-8wmb9        1/1     Running   0          6s
kube-system   node-local-dns-h8ksk                           1/1     Running   0          9s
openebs       openebs-localpv-provisioner-68ccf69dc9-g5vdt   1/1     Running   0          3s
========== 4) NFS R/W smoke ==========
[2026-07-17 16:02:19] [INFO] [service.cluster.manager] Ansible Python policy (ansible-core 2.17): control node Python >=3.10, target module runtime Python >=3.9
[2026-07-17 16:02:19] [INFO] [service.cluster.manager] Setting up cluster with playbook 07.cluster-addon.yml.
[2026-07-17 16:02:19] [INFO] [service.cluster.manager] Component versions (kubernetes / etcd / network):
[2026-07-17 16:02:19] [INFO] [service.cluster.manager]   kubernetes: v1.33.6, etcd: v3.6.4, calico: v3.28.4

PLAY [localhost] ***************************************************************

TASK [Gathering Facts] *********************************************************
ok: [localhost]

TASK [cluster-addon : 获取所有已经创建的POD信息] *******************************
changed: [localhost]

TASK [cluster-addon : 准备 DNS的部署文件] **************************************
skipping: [localhost]

TASK [cluster-addon : 删除coredns部署] *****************************************
skipping: [localhost]

TASK [cluster-addon : 创建coredns部署] *****************************************
skipping: [localhost]

TASK [cluster-addon : 准备dnscache的部署文件] **********************************
skipping: [localhost]

TASK [cluster-addon : 准备dnscache的部署文件] **********************************
skipping: [localhost]

TASK [cluster-addon : 删除dnscache部署] ****************************************
skipping: [localhost]

TASK [cluster-addon : 创建dnscache部署] ****************************************
skipping: [localhost]

TASK [cluster-addon : wait for hubble-relay Ready (needs cluster DNS)] *********
skipping: [localhost]

TASK [cluster-addon : wait for hubble-ui Ready] ********************************
skipping: [localhost]

TASK [cluster-addon : 准备 metrics-server的部署文件] ***************************
skipping: [localhost]

TASK [cluster-addon : 删除 metrics-server部署] *********************************
skipping: [localhost]

TASK [cluster-addon : 创建 metrics-server部署] *********************************
skipping: [localhost]

TASK [cluster-addon : prepare some dirs] ***************************************
skipping: [localhost]

TASK [cluster-addon : 准备 dashboard的部署文件] ********************************
skipping: [localhost] => (item=dashboard-values.yaml) 
skipping: [localhost] => (item=admin-user-sa-rbac.yaml) 
skipping: [localhost] => (item=read-user-sa-rbac.yaml) 
skipping: [localhost]

TASK [cluster-addon : 创建 dashboard部署] **************************************
skipping: [localhost]

TASK [cluster-addon : 创建用户admin,read] **************************************
skipping: [localhost]

TASK [cluster-addon : 准备 local-storage 配置目录] *****************************
skipping: [localhost]

TASK [cluster-addon : 准备 local-storage部署文件] ******************************
skipping: [localhost] => (item=local-path-storage.yaml) 
skipping: [localhost] => (item=test-pod.yaml) 
skipping: [localhost]

TASK [cluster-addon : 创建 local-storage部署] **********************************
skipping: [localhost]

TASK [cluster-addon : 准备 nfs-provisioner 配置目录] ***************************
skipping: [localhost]

TASK [cluster-addon : 准备 nfs-provisioner部署文件] ****************************
skipping: [localhost] => (item=nfs-provisioner.yaml) 
skipping: [localhost] => (item=test-pod.yaml) 
skipping: [localhost]

TASK [cluster-addon : 创建 nfs-provisioner部署] ********************************
skipping: [localhost]

TASK [cluster-addon : 清理 snapshot-controller crd] ****************************
skipping: [localhost]

TASK [cluster-addon : prepare some dirs] ***************************************
skipping: [localhost]

TASK [cluster-addon : 确保命名空间openebs Ready] *******************************
skipping: [localhost]

TASK [cluster-addon : 创建chart 个性化设置] ************************************
skipping: [localhost] => (item=values.yaml) 
skipping: [localhost] => (item=sc.yaml) 
skipping: [localhost]

TASK [cluster-addon : helm 部署 openebs operator] ******************************
skipping: [localhost]

TASK [cluster-addon : 轮询等待部署 openebs] ************************************
skipping: [localhost]

TASK [cluster-addon : 轮询等待lvm-localpv-controller 运行] *********************
skipping: [localhost]

TASK [cluster-addon : 创建lvm storageclass] ************************************
skipping: [localhost]

TASK [cluster-addon : 获取是否已创建命名空间monitor] ***************************
skipping: [localhost]

TASK [cluster-addon : 创建命名空间monitor] *************************************
skipping: [localhost]

TASK [cluster-addon : get etcd-client-cert info] *******************************
skipping: [localhost]

TASK [cluster-addon : 创建etcd-client 证书请求] ********************************
skipping: [localhost]

TASK [cluster-addon : 创建 etcd-client证书和私钥] ******************************
skipping: [localhost]

TASK [cluster-addon : 删除 etcd-client-cert] ***********************************
skipping: [localhost]

TASK [cluster-addon : 创建 etcd-client-cert] ***********************************
skipping: [localhost]

TASK [cluster-addon : debug] ***************************************************
skipping: [localhost]

TASK [cluster-addon : 创建 prom chart 个性化设置] ******************************
skipping: [localhost]

TASK [cluster-addon : helm 删除 kube-prometheus-stack 75.7.0] ******************
skipping: [localhost]

TASK [cluster-addon : helm 创建 kube-prometheus-stack 75.7.0] ******************
skipping: [localhost]

TASK [cluster-addon : prepare some dirs] ***************************************
skipping: [localhost]

TASK [cluster-addon : 创建命名空间minio] ***************************************
skipping: [localhost]

TASK [cluster-addon : get minio-global-cert info] ******************************
skipping: [localhost]

TASK [cluster-addon : 创建 minio-global-cert] **********************************
skipping: [localhost]

TASK [cluster-addon : 创建chart 个性化设置] ************************************
skipping: [localhost] => (item=operator-values.yaml) 
skipping: [localhost] => (item=tenant-values.yaml) 
skipping: [localhost]

TASK [cluster-addon : helm 部署 minio operator] ********************************
skipping: [localhost]

TASK [cluster-addon : 轮询等待部署 minio operator] *****************************
skipping: [localhost]

TASK [cluster-addon : helm 部署 minio tenant] **********************************
skipping: [localhost]

TASK [cluster-addon : 准备 nacos的部署文件] ************************************
skipping: [localhost]

TASK [cluster-addon : 创建命名空间nacos] ***************************************
skipping: [localhost]

TASK [cluster-addon : 创建 nacos部署] ******************************************
skipping: [localhost]

TASK [cluster-addon : 确保命名空间rocketmq Ready] ******************************
skipping: [localhost]

TASK [cluster-addon : helm 部署 rocketmq operator] *****************************
skipping: [localhost]

TASK [cluster-addon : 轮询等待 rocketmq operator 运行] *************************
skipping: [localhost]

TASK [cluster-addon : 准备 rocketmq 部署文件] **********************************
skipping: [localhost]

TASK [cluster-addon : 部署 rocketmq cluster] ***********************************
skipping: [localhost]

TASK [cluster-addon : 准备 cilium-check 配置目录] ******************************
skipping: [localhost]

TASK [cluster-addon : 准备部署文件] ********************************************
skipping: [localhost] => (item=connectivity-check.yaml) 
skipping: [localhost] => (item=check-part1.yaml) 
skipping: [localhost] => (item=namespace.yaml) 
skipping: [localhost]

TASK [cluster-addon : 创建测试namespace] ***************************************
skipping: [localhost]

TASK [cluster-addon : 创建测试part1] *******************************************
skipping: [localhost]

TASK [cluster-addon : 轮询等待echo pod运行，视下载镜像速度而定] ****************
skipping: [localhost]

TASK [cluster-addon : 创建完整测试connectivity-check] **************************
skipping: [localhost]

TASK [cluster-addon : debug] ***************************************************
skipping: [localhost]

TASK [cluster-addon : 准备 network-check 配置目录] *****************************
skipping: [localhost]

TASK [cluster-addon : 准备部署文件] ********************************************
skipping: [localhost] => (item=network-check.yaml) 
skipping: [localhost] => (item=namespace.yaml) 
skipping: [localhost]

TASK [cluster-addon : 创建测试namespace] ***************************************
skipping: [localhost]

TASK [cluster-addon : 创建完整测试network-check] *******************************
skipping: [localhost]

TASK [cluster-addon : debug] ***************************************************
skipping: [localhost]

TASK [cluster-addon : prepare some dirs] ***************************************
skipping: [localhost]

TASK [cluster-addon : 创建命名空间ingress-nginx] *******************************
skipping: [localhost]

TASK [cluster-addon : label nodes for ingress-nginx controller] ****************
skipping: [localhost]

TASK [cluster-addon : 创建chart 个性化设置] ************************************
skipping: [localhost] => (item=values.yaml) 
skipping: [localhost]

TASK [cluster-addon : helm 部署 ingress-nginx] *********************************
skipping: [localhost]

TASK [cluster-addon : 轮询等待部署 ingress-nginx] ******************************
skipping: [localhost]

TASK [cluster-addon : 提示 WARNNING] *******************************************
skipping: [localhost]

PLAY RECAP *********************************************************************
localhost                  : ok=2    changed=1    unreachable=0    failed=0    skipped=76   rescued=0    ignored=0   
[2026-07-17 16:02:26] [INFO] [service.cluster.manager] Cluster setup completed (playbook 07.cluster-addon.yml).
nfs-client-provisioner-6d5dd9b9d9-8wmb9    1/1     Running   0          14s
persistentvolumeclaim/nfs-smoke-pvc created
pod/nfs-smoke-pod created
pod "nfs-smoke-pod" deleted
The Pod "nfs-smoke-pod" is invalid: spec: Forbidden: pod updates may not change fields other than `spec.containers[*].image`,`spec.initContainers[*].image`,`spec.activeDeadlineSeconds`,`spec.tolerations` (only additions to existing tolerations),`spec.terminationGracePeriodSeconds` (allow it to be set to 1 if it was previously negative)
  core.PodSpec{
  	Volumes:        {{Name: "d", VolumeSource: {PersistentVolumeClaim: &{ClaimName: "nfs-smoke-pvc"}}}, {Name: "kube-api-access-l7pt2", VolumeSource: {Projected: &{Sources: {{ServiceAccountToken: &{ExpirationSeconds: 3607, Path: "token"}}, {ConfigMap: &{LocalObjectReference: {Name: "kube-root-ca.crt"}, Items: {{Key: "ca.crt", Path: "ca.crt"}}}}, {DownwardAPI: &{Items: {{Path: "namespace", FieldRef: &{APIVersion: "v1", FieldPath: "metadata.namespace"}}}}}}, DefaultMode: &420}}}},
  	InitContainers: nil,
  	Containers: []core.Container{
  		{
  			Name:  "c",
  			Image: "registry.talkschool.cn:5000/brinnatt/pause:3.10",
  			Command: []string{
  				"sh",
  				"-c",
  				strings.Join({
  					"echo nfs-ok",
- 					"-$(date +%s)",
  					" > /data/out.txt && cat /data/out.txt && sleep 3600",
  				}, ""),
  			},
  			Args:       nil,
  			WorkingDir: "",
  			... // 19 identical fields
  		},
  	},
  	EphemeralContainers:           nil,
- 	RestartPolicy:                 "Always",
+ 	RestartPolicy:                 "Never",
  	TerminationGracePeriodSeconds: &30,
  	ActiveDeadlineSeconds:         nil,
  	... // 27 identical fields
  }

